$ vite build
10:01:51 AM [vite-plugin-svelte] no Svelte config found at /Users/macbookair/Documents/website/burningroom/ecommerce/ecommerce/ecommerce - using default configuration.
vite v8.0.13 building client environment for production...
[plugin @laravel/vite-plugin-wayfinder] Types generated for actions, routes
[2K
transforming...10:01:52 AM [vite-plugin-svelte] resources/js/pages/Admin/MasterData/Brands.svelte:16:29 This reference only captures the initial value of `filters`. Did you mean to reference it inside a derived instead?
https://svelte.dev/e/state_referenced_locally
14:     } = $props();
15: 
16:     let searchQuery = $state(filters.search || '');
                                        ^
17:     let perPage = $state(filters.perPage || 10);
18:     let searchTimeout: any;
10:01:52 AM [vite-plugin-svelte] resources/js/pages/Admin/MasterData/Brands.svelte:17:25 This reference only captures the initial value of `filters`. Did you mean to reference it inside a derived instead?
https://svelte.dev/e/state_referenced_locally
15: 
16:     let searchQuery = $state(filters.search || '');
17:     let perPage = $state(filters.perPage || 10);
                                    ^
18:     let searchTimeout: any;
19: 
10:01:52 AM [vite-plugin-svelte] resources/js/pages/Admin/MasterData/Brands.svelte:329:16 Buttons and links should either contain text or have an `aria-label`, `aria-labelledby` or `title` attribute
https://svelte.dev/e/a11y_consider_explicit_label
327:                     {isEditing ? 'Ubah Brand Produk' : 'Tambah Brand Produk'}
328:                 </h3>
329:                 <button
                            ^
330:                     type="button"
331:                     onclick={closeModal}
10:01:53 AM [vite-plugin-svelte] resources/js/pages/Storefront/Cart.svelte:1031:56 Buttons and links should either contain text or have an `aria-label`, `aria-labelledby` or `title` attribute
https://svelte.dev/e/a11y_consider_explicit_label
1029:                                                         class="flex items-center border border-slate-200 rounded-lg overflow-hidden h-7 bg-white shadow-sm"
1030:                                                     >
1031:                                                         <button
                                                                     ^
1032:                                                             onclick={() =>
1033:                                                                 updateQty(
10:01:53 AM [vite-plugin-svelte] resources/js/pages/Storefront/Cart.svelte:1088:56 Buttons and links should either contain text or have an `aria-label`, `aria-labelledby` or `title` attribute
https://svelte.dev/e/a11y_consider_explicit_label
1086:                                                             class="w-9 h-full text-center font-bold text-slate-700 bg-white border-x border-slate-200 tabular-nums text-[11px] focus:outline-none"
1087:                                                         />
1088:                                                         <button
                                                                     ^
1089:                                                             onclick={() =>
1090:                                                                 updateQty(
10:01:53 AM [vite-plugin-svelte] resources/js/pages/Storefront/Cart.svelte:1704:12 Visible, non-interactive elements with a click event must be accompanied by a keyboard event handler. Consider whether an interactive element such as `<button type="button">` or `<a>` might be more appropriate
https://svelte.dev/e/a11y_click_events_have_key_events
1702:         >
1703:             <!-- Backdrop -->
1704:             <div
                      ^
1705:                 class="fixed inset-0 bg-slate-900/60 backdrop-blur-xs"
1706:                 onclick={() => !checkoutLoading && (paymentModalOpen = false)}
10:01:53 AM [vite-plugin-svelte] resources/js/pages/Storefront/Cart.svelte:1704:12 `<div>` with a click handler must have an ARIA role
https://svelte.dev/e/a11y_no_static_element_interactions
1702:         >
1703:             <!-- Backdrop -->
1704:             <div
                      ^
1705:                 class="fixed inset-0 bg-slate-900/60 backdrop-blur-xs"
1706:                 onclick={() => !checkoutLoading && (paymentModalOpen = false)}
10:01:53 AM [vite-plugin-svelte] resources/js/pages/Storefront/Cart.svelte:1734:20 Buttons and links should either contain text or have an `aria-label`, `aria-labelledby` or `title` attribute
https://svelte.dev/e/a11y_consider_explicit_label
1732:                         </div>
1733:                     </div>
1734:                     <button
                                 ^
1735:                         disabled={checkoutLoading}
1736:                         onclick={() => (paymentModalOpen = false)}
10:01:53 AM [vite-plugin-svelte] resources/js/pages/Storefront/Cart.svelte:2242:12 Visible, non-interactive elements with a click event must be accompanied by a keyboard event handler. Consider whether an interactive element such as `<button type="button">` or `<a>` might be more appropriate
https://svelte.dev/e/a11y_click_events_have_key_events
2240:         >
2241:             <!-- Backdrop -->
2242:             <div
                      ^
2243:                 class="fixed inset-0 bg-slate-900/60 backdrop-blur-xs"
2244:                 onclick={() => (voucherModalOpen = false)}
10:01:53 AM [vite-plugin-svelte] resources/js/pages/Storefront/Cart.svelte:2242:12 `<div>` with a click handler must have an ARIA role
https://svelte.dev/e/a11y_no_static_element_interactions
2240:         >
2241:             <!-- Backdrop -->
2242:             <div
                      ^
2243:                 class="fixed inset-0 bg-slate-900/60 backdrop-blur-xs"
2244:                 onclick={() => (voucherModalOpen = false)}
10:01:53 AM [vite-plugin-svelte] resources/js/pages/Storefront/Cart.svelte:2275:20 Buttons and links should either contain text or have an `aria-label`, `aria-labelledby` or `title` attribute
https://svelte.dev/e/a11y_consider_explicit_label
2273:                         </div>
2274:                     </div>
2275:                     <button
                                 ^
2276:                         onclick={() => (voucherModalOpen = false)}
2277:                         class="w-6 h-6 flex items-center justify-center text-slate-400 hover:text-slate-650 transition cursor-pointer border-0 bg-transparent rounded-full hover:bg-slate-100/80"
10:01:53 AM [vite-plugin-svelte] resources/js/pages/Storefront/Category.svelte:62:25 This reference only captures the initial value of `filters`. Did you mean to reference it inside a derived instead?
https://svelte.dev/e/state_referenced_locally
60: 
61:     // Filter states
62:     let searchQ = $state(filters.q || '');
                                    ^
63:     let minPrice = $state(filters.min_price || '');
64:     let maxPrice = $state(filters.max_price || '');
10:01:53 AM [vite-plugin-svelte] resources/js/pages/Storefront/Category.svelte:63:26 This reference only captures the initial value of `filters`. Did you mean to reference it inside a derived instead?
https://svelte.dev/e/state_referenced_locally
61:     // Filter states
62:     let searchQ = $state(filters.q || '');
63:     let minPrice = $state(filters.min_price || '');
                                     ^
64:     let maxPrice = $state(filters.max_price || '');
65:     let selectedSort = $state(filters.sort || 'latest');
10:01:53 AM [vite-plugin-svelte] resources/js/pages/Storefront/Category.svelte:64:26 This reference only captures the initial value of `filters`. Did you mean to reference it inside a derived instead?
https://svelte.dev/e/state_referenced_locally
62:     let searchQ = $state(filters.q || '');
63:     let minPrice = $state(filters.min_price || '');
64:     let maxPrice = $state(filters.max_price || '');
                                     ^
65:     let selectedSort = $state(filters.sort || 'latest');
66: 
10:01:53 AM [vite-plugin-svelte] resources/js/pages/Storefront/Category.svelte:65:30 This reference only captures the initial value of `filters`. Did you mean to reference it inside a derived instead?
https://svelte.dev/e/state_referenced_locally
63:     let minPrice = $state(filters.min_price || '');
64:     let maxPrice = $state(filters.max_price || '');
65:     let selectedSort = $state(filters.sort || 'latest');
                                         ^
66: 
67:     // Mobile filter overlay state
10:01:53 AM [vite-plugin-svelte] resources/js/pages/Storefront/Category.svelte:163:36 This reference only captures the initial value of `products`. Did you mean to reference it inside a derived instead?
https://svelte.dev/e/state_referenced_locally
161: 
162:     // ── Infinite Scroll ──────────────────────────────────────────────────────
163:     let allProducts = $state<any[]>(products.data || []);
                                                 ^
164:     let isLoadingMore = $state(false);
165:     let currentPage = $state(products.current_page || 1);
10:01:53 AM [vite-plugin-svelte] resources/js/pages/Storefront/Category.svelte:165:29 This reference only captures the initial value of `products`. Did you mean to reference it inside a derived instead?
https://svelte.dev/e/state_referenced_locally
163:     let allProducts = $state<any[]>(products.data || []);
164:     let isLoadingMore = $state(false);
165:     let currentPage = $state(products.current_page || 1);
                                          ^
166:     let nextPageUrl = $state(products.next_page_url || null);
167: 
10:01:53 AM [vite-plugin-svelte] resources/js/pages/Storefront/Category.svelte:166:29 This reference only captures the initial value of `products`. Did you mean to reference it inside a derived instead?
https://svelte.dev/e/state_referenced_locally
164:     let isLoadingMore = $state(false);
165:     let currentPage = $state(products.current_page || 1);
166:     let nextPageUrl = $state(products.next_page_url || null);
                                          ^
167: 
168:     $effect(() => {
10:01:53 AM [vite-plugin-svelte] resources/js/pages/Storefront/Category.svelte:336:24 Buttons and links should either contain text or have an `aria-label`, `aria-labelledby` or `title` attribute
https://svelte.dev/e/a11y_consider_explicit_label
334:                     />
335:                     {#if searchQ}
336:                         <button
                                    ^
337:                             type="button"
338:                             onclick={() => {
10:01:53 AM [vite-plugin-svelte] resources/js/pages/Storefront/Category.svelte:681:44 Screenreaders already announce `<img>` elements as an image
https://svelte.dev/e/a11y_img_redundant_alt
679:                                             />
680:                                         {:else}
681:                                             <img
                                                   ^
682:                                                 src="/noimage/image.png"
683:                                                 alt="No Image"
10:01:53 AM [vite-plugin-svelte] resources/js/pages/Storefront/Category.svelte:819:12 Buttons and links should either contain text or have an `aria-label`, `aria-labelledby` or `title` attribute
https://svelte.dev/e/a11y_consider_explicit_label
817:         <div class="fixed inset-0 z-50 flex justify-end md:hidden">
818:             <!-- Backdrop -->
819:             <button
                        ^
820:                 onclick={() => (showMobileFilters = false)}
821:                 class="absolute inset-0 bg-black/40 backdrop-blur-xs w-full h-full cursor-default border-0"
10:01:53 AM [vite-plugin-svelte] resources/js/pages/Storefront/Category.svelte:840:24 Buttons and links should either contain text or have an `aria-label`, `aria-labelledby` or `title` attribute
https://svelte.dev/e/a11y_consider_explicit_label
838:                             ></i> Filter
839:                         </span>
840:                         <button
                                    ^
841:                             onclick={() => (showMobileFilters = false)}
842:                             class="text-slate-400 hover:text-slate-600"
10:01:53 AM [vite-plugin-svelte] resources/js/pages/Storefront/Checkout.svelte:77:8 This reference only captures the initial value of `addresses`. Did you mean to reference it inside a derived instead?
https://svelte.dev/e/state_referenced_locally
75:     // Selected address
76:     let selectedAddressId = $state(
77:         addresses.find((a: any) => a.is_primary)?.id ??
                     ^
78:             addresses[0]?.id ??
79:             null,
10:01:53 AM [vite-plugin-svelte] resources/js/pages/Storefront/Checkout.svelte:78:12 This reference only captures the initial value of `addresses`. Did you mean to reference it inside a derived instead?
https://svelte.dev/e/state_referenced_locally
76:     let selectedAddressId = $state(
77:         addresses.find((a: any) => a.is_primary)?.id ??
78:             addresses[0]?.id ??
                         ^
79:             null,
80:     );
10:01:53 AM [vite-plugin-svelte] resources/js/pages/Storefront/Checkout.svelte:84:41 This reference only captures the initial value of `paymentMethods`. Did you mean to reference it inside a derived instead?
https://svelte.dev/e/state_referenced_locally
82: 
83:     // Payment
84:     let selectedPaymentMethodId = $state(paymentMethods[0]?.id ?? null);
                                                           ^
85:     const selectedPaymentMethod = $derived(
86:         paymentMethods.find((pm: any) => pm.id === selectedPaymentMethodId),
10:01:53 AM [vite-plugin-svelte] resources/js/pages/Storefront/Checkout.svelte:129:34 This reference only captures the initial value of `initialVoucherCode`. Did you mean to reference it inside a closure instead?
https://svelte.dev/e/state_referenced_locally
127:     });
128: 
129:     let voucherInputCode = $state(initialVoucherCode);
                                                         ^
130:     let manualPromoCode = $state('');
131:     let appliedVoucher: any = $state(initialAppliedVoucher);
10:01:53 AM [vite-plugin-svelte] resources/js/pages/Storefront/Checkout.svelte:131:37 This reference only captures the initial value of `initialAppliedVoucher`. Did you mean to reference it inside a closure instead?
https://svelte.dev/e/state_referenced_locally
129:     let voucherInputCode = $state(initialVoucherCode);
130:     let manualPromoCode = $state('');
131:     let appliedVoucher: any = $state(initialAppliedVoucher);
                                                               ^
132:     let voucherError = $state('');
133:     let voucherLoading = $state(false);
10:01:53 AM [vite-plugin-svelte] resources/js/pages/Storefront/Checkout.svelte:148:41 This reference only captures the initial value of `initialVoucherCode`. Did you mean to reference it inside a closure instead?
https://svelte.dev/e/state_referenced_locally
146:     });
147: 
148:     let lastAppliedQueryVoucher = $state(initialVoucherCode);
                                                                ^
149:     $effect(() => {
150:         const currentQuery = queryVoucher;
10:01:53 AM [vite-plugin-svelte] resources/js/pages/Storefront/Checkout.svelte:787:16 Buttons and links should either contain text or have an `aria-label`, `aria-labelledby` or `title` attribute
https://svelte.dev/e/a11y_consider_explicit_label
785:         <div class="bg-white border-b border-slate-200 sticky top-0 z-30">
786:             <div class="max-w-6xl mx-auto px-4 h-14 flex items-center gap-3">
787:                 <button
                            ^
788:                     onclick={() => window.history.back()}
789:                     class="p-2 hover:bg-slate-100 rounded-full transition"
10:01:53 AM [vite-plugin-svelte] resources/js/pages/Storefront/Checkout.svelte:1195:56 Buttons and links should either contain text or have an `aria-label`, `aria-labelledby` or `title` attribute
https://svelte.dev/e/a11y_consider_explicit_label
1193:                                                     />
1194:                                                     {#if searchCourierQuery}
1195:                                                         <button
                                                                     ^
1196:                                                             onclick={() =>
1197:                                                                 (searchCourierQuery =
10:01:53 AM [vite-plugin-svelte] resources/js/pages/Storefront/Checkout.svelte:2060:8 Visible, non-interactive elements with a click event must be accompanied by a keyboard event handler. Consider whether an interactive element such as `<button type="button">` or `<a>` might be more appropriate
https://svelte.dev/e/a11y_click_events_have_key_events
2058:     <!-- Address Modal -->
2059:     {#if showAddressModal}
2060:         <div
                  ^
2061:             class="fixed inset-0 z-50 flex items-end lg:items-center justify-center"
2062:             onclick={() => (showAddressModal = false)}
10:01:53 AM [vite-plugin-svelte] resources/js/pages/Storefront/Checkout.svelte:2060:8 `<div>` with a click handler must have an ARIA role
https://svelte.dev/e/a11y_no_static_element_interactions
2058:     <!-- Address Modal -->
2059:     {#if showAddressModal}
2060:         <div
                  ^
2061:             class="fixed inset-0 z-50 flex items-end lg:items-center justify-center"
2062:             onclick={() => (showAddressModal = false)}
10:01:53 AM [vite-plugin-svelte] resources/js/pages/Storefront/Checkout.svelte:2065:12 Visible, non-interactive elements with a click event must be accompanied by a keyboard event handler. Consider whether an interactive element such as `<button type="button">` or `<a>` might be more appropriate
https://svelte.dev/e/a11y_click_events_have_key_events
2063:         >
2064:             <div class="absolute inset-0 bg-black/50 backdrop-blur-sm"></div>
2065:             <div
                      ^
2066:                 class="relative z-10 bg-white w-full lg:max-w-lg rounded-t-3xl lg:rounded-2xl max-h-[80vh] overflow-y-auto"
2067:                 onclick={(e: any) => e.stopPropagation()}
10:01:53 AM [vite-plugin-svelte] resources/js/pages/Storefront/Checkout.svelte:2065:12 `<div>` with a click handler must have an ARIA role
https://svelte.dev/e/a11y_no_static_element_interactions
2063:         >
2064:             <div class="absolute inset-0 bg-black/50 backdrop-blur-sm"></div>
2065:             <div
                      ^
2066:                 class="relative z-10 bg-white w-full lg:max-w-lg rounded-t-3xl lg:rounded-2xl max-h-[80vh] overflow-y-auto"
2067:                 onclick={(e: any) => e.stopPropagation()}
10:01:53 AM [vite-plugin-svelte] resources/js/pages/Storefront/Checkout.svelte:2073:20 Buttons and links should either contain text or have an `aria-label`, `aria-labelledby` or `title` attribute
https://svelte.dev/e/a11y_consider_explicit_label
2071:                 >
2072:                     <h3 class="font-bold text-slate-800">Pilih Alamat</h3>
2073:                     <button
                                 ^
2074:                         onclick={() => (showAddressModal = false)}
2075:                         class="p-1 rounded-full hover:bg-slate-100"
10:01:53 AM [vite-plugin-svelte] resources/js/pages/Storefront/Checkout.svelte:2147:12 Visible, non-interactive elements with a click event must be accompanied by a keyboard event handler. Consider whether an interactive element such as `<button type="button">` or `<a>` might be more appropriate
https://svelte.dev/e/a11y_click_events_have_key_events
2145:         >
2146:             <!-- Backdrop -->
2147:             <div
                      ^
2148:                 class="fixed inset-0 bg-slate-900/60 backdrop-blur-xs"
2149:                 onclick={() => (voucherModalOpen = false)}
10:01:53 AM [vite-plugin-svelte] resources/js/pages/Storefront/Checkout.svelte:2147:12 `<div>` with a click handler must have an ARIA role
https://svelte.dev/e/a11y_no_static_element_interactions
2145:         >
2146:             <!-- Backdrop -->
2147:             <div
                      ^
2148:                 class="fixed inset-0 bg-slate-900/60 backdrop-blur-xs"
2149:                 onclick={() => (voucherModalOpen = false)}
10:01:53 AM [vite-plugin-svelte] resources/js/pages/Storefront/Checkout.svelte:2180:20 Buttons and links should either contain text or have an `aria-label`, `aria-labelledby` or `title` attribute
https://svelte.dev/e/a11y_consider_explicit_label
2178:                         </div>
2179:                     </div>
2180:                     <button
                                 ^
2181:                         onclick={() => (voucherModalOpen = false)}
2182:                         class="w-6 h-6 flex items-center justify-center text-slate-400 hover:text-slate-650 transition cursor-pointer border-0 bg-transparent rounded-full hover:bg-slate-100/80"
10:01:53 AM [vite-plugin-svelte] resources/js/pages/Storefront/FlashSale.svelte:69:25 This reference only captures the initial value of `filters`. Did you mean to reference it inside a derived instead?
https://svelte.dev/e/state_referenced_locally
67: 
68:     // Filter states
69:     let searchQ = $state(filters.q || '');
                                    ^
70:     let selectedSort = $state(filters.sort || 'relevance');
71: 
10:01:53 AM [vite-plugin-svelte] resources/js/pages/Storefront/FlashSale.svelte:70:30 This reference only captures the initial value of `filters`. Did you mean to reference it inside a derived instead?
https://svelte.dev/e/state_referenced_locally
68:     // Filter states
69:     let searchQ = $state(filters.q || '');
70:     let selectedSort = $state(filters.sort || 'relevance');
                                         ^
71: 
72:     function getCategoriesFromFilter(catFilter: any) {
10:01:53 AM [vite-plugin-svelte] resources/js/pages/Storefront/FlashSale.svelte:78:60 This reference only captures the initial value of `filters`. Did you mean to reference it inside a derived instead?
https://svelte.dev/e/state_referenced_locally
76:     }
77: 
78:     let selectedCategories = $state(getCategoriesFromFilter(filters.category));
                                                                       ^
79:     let minPrice = $state(filters.min_price || '');
80:     let maxPrice = $state(filters.max_price || '');
10:01:53 AM [vite-plugin-svelte] resources/js/pages/Storefront/FlashSale.svelte:79:26 This reference only captures the initial value of `filters`. Did you mean to reference it inside a derived instead?
https://svelte.dev/e/state_referenced_locally
77: 
78:     let selectedCategories = $state(getCategoriesFromFilter(filters.category));
79:     let minPrice = $state(filters.min_price || '');
                                     ^
80:     let maxPrice = $state(filters.max_price || '');
81: 
10:01:53 AM [vite-plugin-svelte] resources/js/pages/Storefront/FlashSale.svelte:80:26 This reference only captures the initial value of `filters`. Did you mean to reference it inside a derived instead?
https://svelte.dev/e/state_referenced_locally
78:     let selectedCategories = $state(getCategoriesFromFilter(filters.category));
79:     let minPrice = $state(filters.min_price || '');
80:     let maxPrice = $state(filters.max_price || '');
                                     ^
81: 
82:     // Mobile filter overlay state
10:01:53 AM [vite-plugin-svelte] resources/js/pages/Storefront/FlashSale.svelte:211:36 This reference only captures the initial value of `products`. Did you mean to reference it inside a derived instead?
https://svelte.dev/e/state_referenced_locally
209: 
210:     // ── Infinite Scroll ──────────────────────────────────────────────────────
211:     let allProducts = $state<any[]>(products.data || []);
                                                 ^
212:     let isLoadingMore = $state(false);
213:     let currentPage = $state(products.current_page || 1);
10:01:53 AM [vite-plugin-svelte] resources/js/pages/Storefront/FlashSale.svelte:213:29 This reference only captures the initial value of `products`. Did you mean to reference it inside a derived instead?
https://svelte.dev/e/state_referenced_locally
211:     let allProducts = $state<any[]>(products.data || []);
212:     let isLoadingMore = $state(false);
213:     let currentPage = $state(products.current_page || 1);
                                          ^
214:     let nextPageUrl = $state(products.next_page_url || null);
215: 
10:01:53 AM [vite-plugin-svelte] resources/js/pages/Storefront/FlashSale.svelte:214:29 This reference only captures the initial value of `products`. Did you mean to reference it inside a derived instead?
https://svelte.dev/e/state_referenced_locally
212:     let isLoadingMore = $state(false);
213:     let currentPage = $state(products.current_page || 1);
214:     let nextPageUrl = $state(products.next_page_url || null);
                                          ^
215: 
216:     $effect(() => {
10:01:53 AM [vite-plugin-svelte] resources/js/pages/Storefront/FlashSale.svelte:381:24 Buttons and links should either contain text or have an `aria-label`, `aria-labelledby` or `title` attribute
https://svelte.dev/e/a11y_consider_explicit_label
379:                     />
380:                     {#if searchQ}
381:                         <button
                                    ^
382:                             type="button"
383:                             onclick={() => {
10:01:53 AM [vite-plugin-svelte] resources/js/pages/Storefront/FlashSale.svelte:771:48 Screenreaders already announce `<img>` elements as an image
https://svelte.dev/e/a11y_img_redundant_alt
769:                                                 />
770:                                             {:else}
771:                                                 <img
                                                       ^
772:                                                     src="/noimage/image.png"
773:                                                     alt="No Image"
10:01:53 AM [vite-plugin-svelte] resources/js/pages/Storefront/FlashSale.svelte:1023:16 Buttons and links should either contain text or have an `aria-label`, `aria-labelledby` or `title` attribute
https://svelte.dev/e/a11y_consider_explicit_label
1021:             <div class="fixed inset-0 z-50 flex justify-end md:hidden">
1022:                 <!-- Backdrop -->
1023:                 <button
                             ^
1024:                     onclick={() => (showMobileFilters = false)}
1025:                     class="absolute inset-0 bg-black/40 backdrop-blur-xs w-full h-full cursor-default border-0"
10:01:53 AM [vite-plugin-svelte] resources/js/pages/Storefront/FlashSale.svelte:1044:28 Buttons and links should either contain text or have an `aria-label`, `aria-labelledby` or `title` attribute
https://svelte.dev/e/a11y_consider_explicit_label
1042:                                 ></i> Filter
1043:                             </span>
1044:                             <button
                                         ^
1045:                                 onclick={() => (showMobileFilters = false)}
1046:                                 class="text-slate-400 hover:text-slate-600"
10:01:53 AM [vite-plugin-svelte] resources/js/pages/Storefront/Home.svelte:515:16 `<div>` with a touchstart or touchend handler must have an ARIA role
https://svelte.dev/e/a11y_no_static_element_interactions
513:             <div class="flex gap-2.5 lg:gap-3">
514:                 <!-- Main slider (left, 2/3 width) -->
515:                 <div
                         ^
516:                     ontouchstart={handleTouchStart}
517:                     ontouchend={handleTouchEnd}
10:01:53 AM [vite-plugin-svelte] resources/js/pages/Storefront/Home.svelte:537:20 Buttons and links should either contain text or have an `aria-label`, `aria-labelledby` or `title` attribute
https://svelte.dev/e/a11y_consider_explicit_label
535: 
536:                     <!-- Prev / Next arrows -->
537:                     <button
                                ^
538:                         onclick={() =>
539:                             goHero(
10:01:53 AM [vite-plugin-svelte] resources/js/pages/Storefront/Home.svelte:547:20 Buttons and links should either contain text or have an `aria-label`, `aria-labelledby` or `title` attribute
https://svelte.dev/e/a11y_consider_explicit_label
545:                         <i class="ti ti-chevron-left text-base"></i>
546:                     </button>
547:                     <button
                                ^
548:                         onclick={() =>
549:                             goHero((activeHero + 1) % heroBanners.length)}
10:01:53 AM [vite-plugin-svelte] resources/js/pages/Storefront/Home.svelte:560:28 Buttons and links should either contain text or have an `aria-label`, `aria-labelledby` or `title` attribute
https://svelte.dev/e/a11y_consider_explicit_label
558:                     >
559:                         {#each heroBanners as _, i}
560:                             <button
                                        ^
561:                                 onclick={() => goHero(i)}
562:                                 class="rounded-full transition-all duration-300 {activeHero ===
10:01:53 AM [vite-plugin-svelte] resources/js/pages/Storefront/Home.svelte:809:44 Screenreaders already announce `<img>` elements as an image
https://svelte.dev/e/a11y_img_redundant_alt
807:                                             />
808:                                         {:else}
809:                                             <img
                                                   ^
810:                                                 src="/noimage/image.png"
811:                                                 alt="No Image"
10:01:53 AM [vite-plugin-svelte] resources/js/pages/Storefront/Home.svelte:1055:36 Screenreaders already announce `<img>` elements as an image
https://svelte.dev/e/a11y_img_redundant_alt
1053:                                     ></div>
1054:                                 {:else}
1055:                                     <img
                                            ^
1056:                                         src="/noimage/image.png"
1057:                                         alt="No Image"
10:01:53 AM [vite-plugin-svelte] resources/js/pages/Storefront/Home.svelte:1237:40 Screenreaders already announce `<img>` elements as an image
https://svelte.dev/e/a11y_img_redundant_alt
1235:                                         ></div>
1236:                                     {:else}
1237:                                         <img
                                                ^
1238:                                             src="/noimage/image.png"
1239:                                             alt="No Image"
10:01:53 AM [vite-plugin-svelte] resources/js/pages/Storefront/Home.svelte:1427:12 Buttons and links should either contain text or have an `aria-label`, `aria-labelledby` or `title` attribute
https://svelte.dev/e/a11y_consider_explicit_label
1425:         >
1426:             <!-- Close Button -->
1427:             <button
                         ^
1428:                 onclick={() => (activeLightboxImage = null)}
1429:                 class="absolute top-5 right-5 w-12 h-12 rounded-full bg-white/10 hover:bg-white/20 text-white flex items-center justify-center transition border border-white/20 z-50"
10:01:53 AM [vite-plugin-svelte] resources/js/pages/Storefront/Home.svelte:1435:12 Visible, non-interactive elements with a click event must be accompanied by a keyboard event handler. Consider whether an interactive element such as `<button type="button">` or `<a>` might be more appropriate
https://svelte.dev/e/a11y_click_events_have_key_events
1433: 
1434:             <!-- Image Container -->
1435:             <div
                      ^
1436:                 class="relative w-[92vw] max-w-4xl flex flex-col items-center justify-center p-2"
1437:                 onclick={(e) => e.stopPropagation()}
10:01:53 AM [vite-plugin-svelte] resources/js/pages/Storefront/Home.svelte:1435:12 `<div>` with a click handler must have an ARIA role
https://svelte.dev/e/a11y_no_static_element_interactions
1433: 
1434:             <!-- Image Container -->
1435:             <div
                      ^
1436:                 class="relative w-[92vw] max-w-4xl flex flex-col items-center justify-center p-2"
1437:                 onclick={(e) => e.stopPropagation()}
10:01:53 AM [vite-plugin-svelte] resources/js/pages/Storefront/Product.svelte:1382:20 Buttons and links should either contain text or have an `aria-label`, `aria-labelledby` or `title` attribute
https://svelte.dev/e/a11y_consider_explicit_label
1380:                         class="w-full pl-3.5 pr-10 py-1.5 text-xs bg-slate-100 rounded-xl border border-transparent focus:outline-none focus:bg-white focus:border-slate-300 transition"
1381:                     />
1382:                     <button
                                 ^
1383:                         type="submit"
1384:                         class="absolute right-2.5 top-1/2 -translate-y-1/2 text-slate-400"
10:01:53 AM [vite-plugin-svelte] resources/js/pages/Storefront/Product.svelte:1547:44 `<div>` with a touchstart or touchmove handler must have an ARIA role
https://svelte.dev/e/a11y_no_static_element_interactions
1545:                                             <!-- Stop touch propagation to scroll-snap container so model-viewer
1546:                                                  can receive gestures for orbit/rotate/zoom -->
1547:                                             <div
                                                      ^
1548:                                                 class="w-full h-full bg-slate-50 relative flex items-center justify-center z-20"
1549:                                                 ontouchstart={(e) =>
10:01:53 AM [vite-plugin-svelte] resources/js/pages/Storefront/Product.svelte:1719:28 Screenreaders already announce `<img>` elements as an image
https://svelte.dev/e/a11y_img_redundant_alt
1717:                             {/if}
1718:                         {:else}
1719:                             <img
                                    ^
1720:                                 src="/noimage/image.png"
1721:                                 alt="No Image"
10:01:53 AM [vite-plugin-svelte] resources/js/pages/Storefront/Product.svelte:2051:36 Screenreaders already announce `<img>` elements as an image
https://svelte.dev/e/a11y_img_redundant_alt
2049:                                     />
2050:                                 {:else}
2051:                                     <img
                                            ^
2052:                                         src="/noimage/image.png"
2053:                                         alt="No Image"
10:01:53 AM [vite-plugin-svelte] resources/js/pages/Storefront/Product.svelte:2879:36 Buttons and links should either contain text or have an `aria-label`, `aria-labelledby` or `title` attribute
https://svelte.dev/e/a11y_consider_explicit_label
2877:                                     class="flex items-center border border-slate-300 rounded-lg overflow-hidden bg-white"
2878:                                 >
2879:                                     <button
                                                 ^
2880:                                         onclick={decQty}
2881:                                         disabled={qty <= currentMinPurchase}
10:01:53 AM [vite-plugin-svelte] resources/js/pages/Storefront/Product.svelte:2890:36 Buttons and links should either contain text or have an `aria-label`, `aria-labelledby` or `title` attribute
https://svelte.dev/e/a11y_consider_explicit_label
2888:                                         >{qty}</span
2889:                                     >
2890:                                     <button
                                                 ^
2891:                                         onclick={incQty}
2892:                                         disabled={!currentIsUnlimited &&
10:01:53 AM [vite-plugin-svelte] resources/js/pages/Storefront/ProdukTerlaris.svelte:67:25 This reference only captures the initial value of `filters`. Did you mean to reference it inside a derived instead?
https://svelte.dev/e/state_referenced_locally
65: 
66:     // Filter states
67:     let searchQ = $state(filters.q || '');
                                    ^
68:     let selectedSort = $state(filters.sort || 'popular');
69: 
10:01:53 AM [vite-plugin-svelte] resources/js/pages/Storefront/ProdukTerlaris.svelte:68:30 This reference only captures the initial value of `filters`. Did you mean to reference it inside a derived instead?
https://svelte.dev/e/state_referenced_locally
66:     // Filter states
67:     let searchQ = $state(filters.q || '');
68:     let selectedSort = $state(filters.sort || 'popular');
                                         ^
69: 
70:     function getCategoriesFromFilter(catFilter: any) {
10:01:53 AM [vite-plugin-svelte] resources/js/pages/Storefront/ProdukTerlaris.svelte:76:60 This reference only captures the initial value of `filters`. Did you mean to reference it inside a derived instead?
https://svelte.dev/e/state_referenced_locally
74:     }
75: 
76:     let selectedCategories = $state(getCategoriesFromFilter(filters.category));
                                                                       ^
77:     let minPrice = $state(filters.min_price || '');
78:     let maxPrice = $state(filters.max_price || '');
10:01:53 AM [vite-plugin-svelte] resources/js/pages/Storefront/ProdukTerlaris.svelte:77:26 This reference only captures the initial value of `filters`. Did you mean to reference it inside a derived instead?
https://svelte.dev/e/state_referenced_locally
75: 
76:     let selectedCategories = $state(getCategoriesFromFilter(filters.category));
77:     let minPrice = $state(filters.min_price || '');
                                     ^
78:     let maxPrice = $state(filters.max_price || '');
79: 
10:01:53 AM [vite-plugin-svelte] resources/js/pages/Storefront/ProdukTerlaris.svelte:78:26 This reference only captures the initial value of `filters`. Did you mean to reference it inside a derived instead?
https://svelte.dev/e/state_referenced_locally
76:     let selectedCategories = $state(getCategoriesFromFilter(filters.category));
77:     let minPrice = $state(filters.min_price || '');
78:     let maxPrice = $state(filters.max_price || '');
                                     ^
79: 
80:     // Mobile filter overlay state
10:01:53 AM [vite-plugin-svelte] resources/js/pages/Storefront/ProdukTerlaris.svelte:168:36 This reference only captures the initial value of `products`. Did you mean to reference it inside a derived instead?
https://svelte.dev/e/state_referenced_locally
166: 
167:     // ── Infinite Scroll ──────────────────────────────────────────────────────
168:     let allProducts = $state<any[]>(products.data || []);
                                                 ^
169:     let isLoadingMore = $state(false);
170:     let currentPage = $state(products.current_page || 1);
10:01:53 AM [vite-plugin-svelte] resources/js/pages/Storefront/ProdukTerlaris.svelte:170:29 This reference only captures the initial value of `products`. Did you mean to reference it inside a derived instead?
https://svelte.dev/e/state_referenced_locally
168:     let allProducts = $state<any[]>(products.data || []);
169:     let isLoadingMore = $state(false);
170:     let currentPage = $state(products.current_page || 1);
                                          ^
171:     let nextPageUrl = $state(products.next_page_url || null);
172: 
10:01:53 AM [vite-plugin-svelte] resources/js/pages/Storefront/ProdukTerlaris.svelte:171:29 This reference only captures the initial value of `products`. Did you mean to reference it inside a derived instead?
https://svelte.dev/e/state_referenced_locally
169:     let isLoadingMore = $state(false);
170:     let currentPage = $state(products.current_page || 1);
171:     let nextPageUrl = $state(products.next_page_url || null);
                                          ^
172: 
173:     $effect(() => {
10:01:53 AM [vite-plugin-svelte] resources/js/pages/Storefront/ProdukTerlaris.svelte:338:24 Buttons and links should either contain text or have an `aria-label`, `aria-labelledby` or `title` attribute
https://svelte.dev/e/a11y_consider_explicit_label
336:                     />
337:                     {#if searchQ}
338:                         <button
                                    ^
339:                             type="button"
340:                             onclick={() => {
10:01:53 AM [vite-plugin-svelte] resources/js/pages/Storefront/ProdukTerlaris.svelte:652:48 Screenreaders already announce `<img>` elements as an image
https://svelte.dev/e/a11y_img_redundant_alt
650:                                                 />
651:                                             {:else}
652:                                                 <img
                                                       ^
653:                                                     src="/noimage/image.png"
654:                                                     alt="No Image"
10:01:53 AM [vite-plugin-svelte] resources/js/pages/Storefront/ProdukTerlaris.svelte:811:16 Buttons and links should either contain text or have an `aria-label`, `aria-labelledby` or `title` attribute
https://svelte.dev/e/a11y_consider_explicit_label
809:             <div class="fixed inset-0 z-50 flex justify-end md:hidden">
810:                 <!-- Backdrop -->
811:                 <button
                            ^
812:                     onclick={() => (showMobileFilters = false)}
813:                     class="absolute inset-0 bg-black/40 backdrop-blur-xs w-full h-full cursor-default border-0"
10:01:53 AM [vite-plugin-svelte] resources/js/pages/Storefront/ProdukTerlaris.svelte:832:28 Buttons and links should either contain text or have an `aria-label`, `aria-labelledby` or `title` attribute
https://svelte.dev/e/a11y_consider_explicit_label
830:                                 ></i> Filter
831:                             </span>
832:                             <button
                                        ^
833:                                 onclick={() => (showMobileFilters = false)}
834:                                 class="text-slate-400 hover:text-slate-600"
10:01:53 AM [vite-plugin-svelte] resources/js/pages/Admin/Promotions/Edit.svelte:16:30 This reference only captures the initial value of `promotion`. Did you mean to reference it inside a derived instead?
https://svelte.dev/e/state_referenced_locally
14: 
15:     // Targeting scope state
16:     let targetScope = $state((promotion.items || []).length > 0 ? 'specific' : 'all');
                                           ^
17: 
18:     // Modal state
10:01:53 AM [vite-plugin-svelte] resources/js/pages/Storefront/Returns.svelte:200:8 Visible, non-interactive elements with a click event must be accompanied by a keyboard event handler. Consider whether an interactive element such as `<button type="button">` or `<a>` might be more appropriate
https://svelte.dev/e/a11y_click_events_have_key_events
198:     {#if selectedReturn}
199:         {@const currentStatusIndex = ['menunggu_review', 'disetujui', 'barang_dikirim_customer', 'barang_diterima_toko', 'refund_diproses', 'selesai'].indexOf(selectedReturn.status)}
200:         <div class="fixed inset-0 z-50 flex items-end lg:items-center justify-center" onclick={() => (selectedReturn = null)}>
                   ^
201:             <div class="absolute inset-0 bg-black/50 backdrop-blur-sm"></div>
202:             <div class="relative z-10 bg-white w-full lg:max-w-2xl rounded-t-3xl lg:rounded-3xl p-6 max-h-[92dvh] overflow-y-auto shadow-2xl flex flex-col gap-6" onclick={(e: any) => e.stopPropagation()}>
10:01:53 AM [vite-plugin-svelte] resources/js/pages/Storefront/Returns.svelte:200:8 `<div>` with a click handler must have an ARIA role
https://svelte.dev/e/a11y_no_static_element_interactions
198:     {#if selectedReturn}
199:         {@const currentStatusIndex = ['menunggu_review', 'disetujui', 'barang_dikirim_customer', 'barang_diterima_toko', 'refund_diproses', 'selesai'].indexOf(selectedReturn.status)}
200:         <div class="fixed inset-0 z-50 flex items-end lg:items-center justify-center" onclick={() => (selectedReturn = null)}>
                   ^
201:             <div class="absolute inset-0 bg-black/50 backdrop-blur-sm"></div>
202:             <div class="relative z-10 bg-white w-full lg:max-w-2xl rounded-t-3xl lg:rounded-3xl p-6 max-h-[92dvh] overflow-y-auto shadow-2xl flex flex-col gap-6" onclick={(e: any) => e.stopPropagation()}>
10:01:53 AM [vite-plugin-svelte] resources/js/pages/Storefront/Returns.svelte:202:12 Visible, non-interactive elements with a click event must be accompanied by a keyboard event handler. Consider whether an interactive element such as `<button type="button">` or `<a>` might be more appropriate
https://svelte.dev/e/a11y_click_events_have_key_events
200:         <div class="fixed inset-0 z-50 flex items-end lg:items-center justify-center" onclick={() => (selectedReturn = null)}>
201:             <div class="absolute inset-0 bg-black/50 backdrop-blur-sm"></div>
202:             <div class="relative z-10 bg-white w-full lg:max-w-2xl rounded-t-3xl lg:rounded-3xl p-6 max-h-[92dvh] overflow-y-auto shadow-2xl flex flex-col gap-6" onclick={(e: any) => e.stopPropagation()}>
                       ^
203:                 
204:                 <!-- Header -->
10:01:53 AM [vite-plugin-svelte] resources/js/pages/Storefront/Returns.svelte:202:12 `<div>` with a click handler must have an ARIA role
https://svelte.dev/e/a11y_no_static_element_interactions
200:         <div class="fixed inset-0 z-50 flex items-end lg:items-center justify-center" onclick={() => (selectedReturn = null)}>
201:             <div class="absolute inset-0 bg-black/50 backdrop-blur-sm"></div>
202:             <div class="relative z-10 bg-white w-full lg:max-w-2xl rounded-t-3xl lg:rounded-3xl p-6 max-h-[92dvh] overflow-y-auto shadow-2xl flex flex-col gap-6" onclick={(e: any) => e.stopPropagation()}>
                       ^
203:                 
204:                 <!-- Header -->
10:01:53 AM [vite-plugin-svelte] resources/js/pages/Storefront/Returns.svelte:215:20 Buttons and links should either contain text or have an `aria-label`, `aria-labelledby` or `title` attribute
https://svelte.dev/e/a11y_consider_explicit_label
213:                         <p class="text-xs text-slate-400 font-bold mt-1">#{selectedReturn.return_number} &bull; Diajukan {fmtDate(selectedReturn.created_at)}</p>
214:                     </div>
215:                     <button onclick={() => (selectedReturn = null)} class="w-9 h-9 rounded-full bg-slate-100 flex items-center justify-center hover:bg-slate-200 transition">
                                  ^
216:                         <i class="ti ti-x text-base text-slate-600"></i>
217:                     </button>
10:01:53 AM [vite-plugin-svelte] resources/js/pages/Storefront/Returns.svelte:308:44 `<video>` elements must have a `<track kind="captions">`
https://svelte.dev/e/a11y_media_has_caption
306:                                             onclick={() => window.open(formatImagePath(mediaFile.file_path), '_blank')}>
307:                                         {#if mediaFile.file_type === 'video'}
308:                                             <video src={formatImagePath(mediaFile.file_path)} class="w-full h-full object-cover"></video>
                                                                                                                                              ^
309:                                             <div class="absolute inset-0 bg-black/40 flex items-center justify-center">
310:                                                 <i class="ti ti-player-play-filled text-white text-lg"></i>
10:01:54 AM [vite-plugin-svelte] resources/js/pages/Storefront/TransactionDetail.svelte:70:9 This reference only captures the initial value of `transaction`. Did you mean to reference it inside a derived instead?
https://svelte.dev/e/state_referenced_locally
68:     let returReason = $state('');
69:     let returItems = $state(
70:         (transaction.items ?? []).map((item: any) => ({
                        ^
71:             transaction_item_id: item.id,
72:             product_name: item.product_name ?? item.product?.name ?? '',
10:01:54 AM [vite-plugin-svelte] resources/js/pages/Storefront/TransactionDetail.svelte:1841:8 Visible, non-interactive elements with a click event must be accompanied by a keyboard event handler. Consider whether an interactive element such as `<button type="button">` or `<a>` might be more appropriate
https://svelte.dev/e/a11y_click_events_have_key_events
1839:     <!-- Upload Proof Modal -->
1840:     {#if showUploadModal}
1841:         <div
                  ^
1842:             class="fixed inset-0 z-50 flex items-end lg:items-center justify-center"
1843:             onclick={() => (showUploadModal = false)}
10:01:54 AM [vite-plugin-svelte] resources/js/pages/Storefront/TransactionDetail.svelte:1841:8 `<div>` with a click handler must have an ARIA role
https://svelte.dev/e/a11y_no_static_element_interactions
1839:     <!-- Upload Proof Modal -->
1840:     {#if showUploadModal}
1841:         <div
                  ^
1842:             class="fixed inset-0 z-50 flex items-end lg:items-center justify-center"
1843:             onclick={() => (showUploadModal = false)}
10:01:54 AM [vite-plugin-svelte] resources/js/pages/Storefront/TransactionDetail.svelte:1846:12 Visible, non-interactive elements with a click event must be accompanied by a keyboard event handler. Consider whether an interactive element such as `<button type="button">` or `<a>` might be more appropriate
https://svelte.dev/e/a11y_click_events_have_key_events
1844:         >
1845:             <div class="absolute inset-0 bg-black/50 backdrop-blur-sm"></div>
1846:             <div
                      ^
1847:                 class="relative z-10 bg-white w-full lg:max-w-md rounded-t-3xl lg:rounded-2xl p-5"
1848:                 onclick={(e: any) => e.stopPropagation()}
10:01:54 AM [vite-plugin-svelte] resources/js/pages/Storefront/TransactionDetail.svelte:1846:12 `<div>` with a click handler must have an ARIA role
https://svelte.dev/e/a11y_no_static_element_interactions
1844:         >
1845:             <div class="absolute inset-0 bg-black/50 backdrop-blur-sm"></div>
1846:             <div
                      ^
1847:                 class="relative z-10 bg-white w-full lg:max-w-md rounded-t-3xl lg:rounded-2xl p-5"
1848:                 onclick={(e: any) => e.stopPropagation()}
10:01:54 AM [vite-plugin-svelte] resources/js/pages/Storefront/TransactionDetail.svelte:1854:16 Visible, non-interactive elements with a click event must be accompanied by a keyboard event handler. Consider whether an interactive element such as `<button type="button">` or `<a>` might be more appropriate
https://svelte.dev/e/a11y_click_events_have_key_events
1852:                 </h3>
1853: 
1854:                 <div
                          ^
1855:                     class="border-2 border-dashed border-slate-300 rounded-xl p-6 text-center cursor-pointer hover:border-slate-400 transition"
1856:                     onclick={() =>
10:01:54 AM [vite-plugin-svelte] resources/js/pages/Storefront/TransactionDetail.svelte:1854:16 `<div>` with a click handler must have an ARIA role
https://svelte.dev/e/a11y_no_static_element_interactions
1852:                 </h3>
1853: 
1854:                 <div
                          ^
1855:                     class="border-2 border-dashed border-slate-300 rounded-xl p-6 text-center cursor-pointer hover:border-slate-400 transition"
1856:                     onclick={() =>
10:01:54 AM [vite-plugin-svelte] resources/js/pages/Storefront/TransactionDetail.svelte:1912:8 Visible, non-interactive elements with a click event must be accompanied by a keyboard event handler. Consider whether an interactive element such as `<button type="button">` or `<a>` might be more appropriate
https://svelte.dev/e/a11y_click_events_have_key_events
1910:     <!-- Cancel Order Modal -->
1911:     {#if showCancelModal}
1912:         <div
                  ^
1913:             class="fixed inset-0 z-[9999] flex items-end lg:items-center justify-center"
1914:             onclick={() => (showCancelModal = false)}
10:01:54 AM [vite-plugin-svelte] resources/js/pages/Storefront/TransactionDetail.svelte:1912:8 `<div>` with a click handler must have an ARIA role
https://svelte.dev/e/a11y_no_static_element_interactions
1910:     <!-- Cancel Order Modal -->
1911:     {#if showCancelModal}
1912:         <div
                  ^
1913:             class="fixed inset-0 z-[9999] flex items-end lg:items-center justify-center"
1914:             onclick={() => (showCancelModal = false)}
10:01:54 AM [vite-plugin-svelte] resources/js/pages/Storefront/TransactionDetail.svelte:1917:12 Visible, non-interactive elements with a click event must be accompanied by a keyboard event handler. Consider whether an interactive element such as `<button type="button">` or `<a>` might be more appropriate
https://svelte.dev/e/a11y_click_events_have_key_events
1915:         >
1916:             <div class="absolute inset-0 bg-black/50 backdrop-blur-sm"></div>
1917:             <div
                      ^
1918:                 class="relative z-10 bg-white w-full lg:max-w-md rounded-t-3xl lg:rounded-2xl p-5"
1919:                 onclick={(e: any) => e.stopPropagation()}
10:01:54 AM [vite-plugin-svelte] resources/js/pages/Storefront/TransactionDetail.svelte:1917:12 `<div>` with a click handler must have an ARIA role
https://svelte.dev/e/a11y_no_static_element_interactions
1915:         >
1916:             <div class="absolute inset-0 bg-black/50 backdrop-blur-sm"></div>
1917:             <div
                      ^
1918:                 class="relative z-10 bg-white w-full lg:max-w-md rounded-t-3xl lg:rounded-2xl p-5"
1919:                 onclick={(e: any) => e.stopPropagation()}
10:01:54 AM [vite-plugin-svelte] resources/js/pages/Storefront/TransactionDetail.svelte:1977:8 Visible, non-interactive elements with a click event must be accompanied by a keyboard event handler. Consider whether an interactive element such as `<button type="button">` or `<a>` might be more appropriate
https://svelte.dev/e/a11y_click_events_have_key_events
1975:     <!-- Change Payment Method Modal -->
1976:     {#if showChangePaymentModal}
1977:         <div
                  ^
1978:             class="fixed inset-0 z-[9999] flex items-end lg:items-center justify-center"
1979:             onclick={() => (showChangePaymentModal = false)}
10:01:54 AM [vite-plugin-svelte] resources/js/pages/Storefront/TransactionDetail.svelte:1977:8 `<div>` with a click handler must have an ARIA role
https://svelte.dev/e/a11y_no_static_element_interactions
1975:     <!-- Change Payment Method Modal -->
1976:     {#if showChangePaymentModal}
1977:         <div
                  ^
1978:             class="fixed inset-0 z-[9999] flex items-end lg:items-center justify-center"
1979:             onclick={() => (showChangePaymentModal = false)}
10:01:54 AM [vite-plugin-svelte] resources/js/pages/Storefront/TransactionDetail.svelte:1982:12 Visible, non-interactive elements with a click event must be accompanied by a keyboard event handler. Consider whether an interactive element such as `<button type="button">` or `<a>` might be more appropriate
https://svelte.dev/e/a11y_click_events_have_key_events
1980:         >
1981:             <div class="absolute inset-0 bg-black/50 backdrop-blur-sm"></div>
1982:             <div
                      ^
1983:                 class="relative z-10 bg-white w-full lg:max-w-md rounded-t-3xl lg:rounded-2xl p-5"
1984:                 onclick={(e: any) => e.stopPropagation()}
10:01:54 AM [vite-plugin-svelte] resources/js/pages/Storefront/TransactionDetail.svelte:1982:12 `<div>` with a click handler must have an ARIA role
https://svelte.dev/e/a11y_no_static_element_interactions
1980:         >
1981:             <div class="absolute inset-0 bg-black/50 backdrop-blur-sm"></div>
1982:             <div
                      ^
1983:                 class="relative z-10 bg-white w-full lg:max-w-md rounded-t-3xl lg:rounded-2xl p-5"
1984:                 onclick={(e: any) => e.stopPropagation()}
10:01:54 AM [vite-plugin-svelte] resources/js/pages/Admin/Chat/Show.svelte:19:33 This reference only captures the initial value of `initialMessages`. Did you mean to reference it inside a closure instead?
https://svelte.dev/e/state_referenced_locally
17:     const secondaryColor = $derived(page.props.theme?.secondary_color || '#fa7315');
18: 
19:     let messages = $state<any[]>(initialMessages);
                                                    ^
20:     let replyInput = $state('');
21:     let pollingInterval: any = null;
10:01:54 AM [vite-plugin-svelte] resources/js/pages/Admin/Chat/Show.svelte:447:48 Visible, non-interactive elements with a click event must be accompanied by a keyboard event handler. Consider whether an interactive element such as `<button type="button">` or `<a>` might be more appropriate
https://svelte.dev/e/a11y_click_events_have_key_events
445:                                             <!-- Product Reference Attachment -->
446:                                             {#if msg.attachment_type === 'product' && msg.attachment_data}
447:                                                 <div 
                                                          ^
448:                                                     class="max-w-[100%] rounded-2xl overflow-hidden border border-slate-100 shadow-sm cursor-pointer {msg.sender_type === 'admin' ? 'rounded-tr-sm' : 'rounded-tl-sm'}"
449:                                                     style="background-color: {msg.sender_type === 'admin' ? primaryColor : 'white'};"
10:01:54 AM [vite-plugin-svelte] resources/js/pages/Admin/Chat/Show.svelte:447:48 `<div>` with a click handler must have an ARIA role
https://svelte.dev/e/a11y_no_static_element_interactions
445:                                             <!-- Product Reference Attachment -->
446:                                             {#if msg.attachment_type === 'product' && msg.attachment_data}
447:                                                 <div 
                                                          ^
448:                                                     class="max-w-[100%] rounded-2xl overflow-hidden border border-slate-100 shadow-sm cursor-pointer {msg.sender_type === 'admin' ? 'rounded-tr-sm' : 'rounded-tl-sm'}"
449:                                                     style="background-color: {msg.sender_type === 'admin' ? primaryColor : 'white'};"
10:01:54 AM [vite-plugin-svelte] resources/js/pages/Admin/Chat/Show.svelte:472:52 Visible, non-interactive elements with a click event must be accompanied by a keyboard event handler. Consider whether an interactive element such as `<button type="button">` or `<a>` might be more appropriate
https://svelte.dev/e/a11y_click_events_have_key_events
470:                                             {#if msg.attachment_type === 'image' && msg.attachment_data?.url}
471:                                                 <div class="max-w-[100%] rounded-2xl overflow-hidden border border-slate-100 shadow-sm">
472:                                                     <img
                                                           ^
473:                                                         src={msg.attachment_data.url}
474:                                                         alt="Sent image"
10:01:54 AM [vite-plugin-svelte] resources/js/pages/Admin/Chat/Show.svelte:472:52 Non-interactive element `<img>` should not be assigned mouse or keyboard event listeners
https://svelte.dev/e/a11y_no_noninteractive_element_interactions
470:                                             {#if msg.attachment_type === 'image' && msg.attachment_data?.url}
471:                                                 <div class="max-w-[100%] rounded-2xl overflow-hidden border border-slate-100 shadow-sm">
472:                                                     <img
                                                           ^
473:                                                         src={msg.attachment_data.url}
474:                                                         alt="Sent image"
10:01:54 AM [vite-plugin-svelte] resources/js/pages/Admin/Chat/Show.svelte:472:52 Screenreaders already announce `<img>` elements as an image
https://svelte.dev/e/a11y_img_redundant_alt
470:                                             {#if msg.attachment_type === 'image' && msg.attachment_data?.url}
471:                                                 <div class="max-w-[100%] rounded-2xl overflow-hidden border border-slate-100 shadow-sm">
472:                                                     <img
                                                           ^
473:                                                         src={msg.attachment_data.url}
474:                                                         alt="Sent image"
10:01:54 AM [vite-plugin-svelte] resources/js/pages/Admin/MasterData/PaymentMethods.svelte:17:29 This reference only captures the initial value of `filters`. Did you mean to reference it inside a derived instead?
https://svelte.dev/e/state_referenced_locally
15:     } = $props();
16: 
17:     let searchQuery = $state(filters.search || '');
                                        ^
18:     let perPage = $state(filters.perPage || 10);
19:     let searchTimeout;
10:01:54 AM [vite-plugin-svelte] resources/js/pages/Admin/MasterData/PaymentMethods.svelte:18:25 This reference only captures the initial value of `filters`. Did you mean to reference it inside a derived instead?
https://svelte.dev/e/state_referenced_locally
16: 
17:     let searchQuery = $state(filters.search || '');
18:     let perPage = $state(filters.perPage || 10);
                                    ^
19:     let searchTimeout;
20: 
10:01:54 AM [vite-plugin-svelte] resources/js/pages/Admin/MasterData/PaymentMethods.svelte:368:16 Buttons and links should either contain text or have an `aria-label`, `aria-labelledby` or `title` attribute
https://svelte.dev/e/a11y_consider_explicit_label
366:                     {isEditing ? 'Ubah Metode Pembayaran' : 'Tambah Metode Pembayaran'}
367:                 </h3>
368:                 <button
                            ^
369:                     type="button"
370:                     onclick={closeModal}
10:01:54 AM [vite-plugin-svelte] resources/js/pages/Admin/Profile.svelte:14:14 This reference only captures the initial value of `user`. Did you mean to reference it inside a closure instead?
https://svelte.dev/e/state_referenced_locally
12: 
13:     const form = useForm({
14:         name: user?.name || '',
                      ^
15:         email: user?.email || '',
16:         password: '',
10:01:54 AM [vite-plugin-svelte] resources/js/pages/Admin/Profile.svelte:15:15 This reference only captures the initial value of `user`. Did you mean to reference it inside a closure instead?
https://svelte.dev/e/state_referenced_locally
13:     const form = useForm({
14:         name: user?.name || '',
15:         email: user?.email || '',
                       ^
16:         password: '',
17:         password_confirmation: '',
10:01:54 AM [vite-plugin-svelte] resources/js/pages/Admin/Promotions/Create.svelte:774:32 A form label must be associated with a control
https://svelte.dev/e/a11y_label_has_associated_control
772:                         >
773:                             <div>
774:                                 <label
                                      ^
775:                                     class="text-xs font-bold text-slate-600 block mb-2"
776:                                     >Nilai Potongan Ongkir</label
10:01:54 AM [vite-plugin-svelte] resources/js/pages/Admin/Promotions/Create.svelte:1011:48 Buttons and links should either contain text or have an `aria-label`, `aria-labelledby` or `title` attribute
https://svelte.dev/e/a11y_consider_explicit_label
1009:                                             {/if}
1010:                                             {#if form.settings.bundle.buy_items.length > 1}
1011:                                                 <button
                                                             ^
1012:                                                     type="button"
1013:                                                     onclick={() => removeBuyItem(i)}
10:01:54 AM [vite-plugin-svelte] resources/js/pages/Admin/Promotions/Create.svelte:1097:52 Buttons and links should either contain text or have an `aria-label`, `aria-labelledby` or `title` attribute
https://svelte.dev/e/a11y_consider_explicit_label
1095:                                                 {/if}
1096:                                                 {#if form.settings.bundle.get_items.length > 1}
1097:                                                     <button
                                                                 ^
1098:                                                         type="button"
1099:                                                         onclick={() => removeGetItem(i)}
10:01:54 AM [vite-plugin-svelte] resources/js/pages/Admin/Promotions/Create.svelte:1411:44 A form label must be associated with a control
https://svelte.dev/e/a11y_label_has_associated_control
1409:                                     <div class="flex flex-wrap gap-3 items-end">
1410:                                         <div class="w-full sm:w-48">
1411:                                             <label class="text-[10px] font-bold text-slate-400 uppercase tracking-wider block mb-1.5">Tipe Potongan</label>
                                                                                                                                                                 ^
1412:                                             <select
1413:                                                 bind:value={bulkDiscountType}
10:01:54 AM [vite-plugin-svelte] resources/js/pages/Admin/Promotions/Create.svelte:1422:44 A form label must be associated with a control
https://svelte.dev/e/a11y_label_has_associated_control
1420:                                         </div>
1421:                                         <div class="w-full sm:w-44">
1422:                                             <label class="text-[10px] font-bold text-slate-400 uppercase tracking-wider block mb-1.5">Nilai Potongan</label>
                                                                                                                                                                  ^
1423:                                             <input
1424:                                                 type="number"
10:01:54 AM [vite-plugin-svelte] resources/js/pages/Admin/Promotions/Create.svelte:1431:44 A form label must be associated with a control
https://svelte.dev/e/a11y_label_has_associated_control
1429:                                         </div>
1430:                                         <div class="w-full sm:w-44">
1431:                                             <label class="text-[10px] font-bold text-slate-400 uppercase tracking-wider block mb-1.5">Stok Promo (Ops.)</label>
                                                                                                                                                                     ^
1432:                                             <input
1433:                                                 type="number"
10:01:54 AM [vite-plugin-svelte] /Users/macbookair/Documents/website/burningroom/ecommerce/ecommerce/ecommerce/resources/js/pages/Admin/Reports/ProfitLoss.svelte:367:18 `context="module"` is deprecated, use the `module` attribute instead
https://svelte.dev/e/script_context_deprecated
365: </AdminLayout>
366: 
367: <script lang="ts" context="module">
                                       ^
368:     function formatDate(dateStr: string) {
369:         if (!dateStr) return '';
10:01:54 AM [vite-plugin-svelte] resources/js/pages/Admin/Reports/ProfitLoss.svelte:16:26 This reference only captures the initial value of `filters`. Did you mean to reference it inside a derived instead?
https://svelte.dev/e/state_referenced_locally
14:     } = $props();
15: 
16:     let dateFrom = $state(filters.date_from);
                                     ^
17:     let dateTo = $state(filters.date_to);
18: 
10:01:54 AM [vite-plugin-svelte] resources/js/pages/Admin/Reports/ProfitLoss.svelte:17:24 This reference only captures the initial value of `filters`. Did you mean to reference it inside a derived instead?
https://svelte.dev/e/state_referenced_locally
15: 
16:     let dateFrom = $state(filters.date_from);
17:     let dateTo = $state(filters.date_to);
                                   ^
18: 
19:     let plCanvas: HTMLCanvasElement;
10:01:54 AM [vite-plugin-svelte] resources/js/pages/Admin/Reports/ProfitLoss.svelte:19:8 `plCanvas` is updated, but is not declared with `$state(...)`. Changing its value will not correctly trigger updates
https://svelte.dev/e/non_reactive_update
17:     let dateTo = $state(filters.date_to);
18: 
19:     let plCanvas: HTMLCanvasElement;
                                       ^
20:     let plChart: Chart;
21: 
10:01:54 AM [vite-plugin-svelte] resources/js/pages/Admin/Returns/Index.svelte:10:31 This reference only captures the initial value of `filters`. Did you mean to reference it inside a derived instead?
https://svelte.dev/e/state_referenced_locally
 8:     const secondary = $derived((page.props as any).theme?.secondary_color ?? '#fa7315');
 9: 
10:     let filterStatus = $state((filters as any).status ?? '');
                                          ^
11:     let filterType = $state((filters as any).type ?? '');
12:     let filterSearch = $state((filters as any).search ?? '');
10:01:54 AM [vite-plugin-svelte] resources/js/pages/Admin/Returns/Index.svelte:11:29 This reference only captures the initial value of `filters`. Did you mean to reference it inside a derived instead?
https://svelte.dev/e/state_referenced_locally
 9: 
10:     let filterStatus = $state((filters as any).status ?? '');
11:     let filterType = $state((filters as any).type ?? '');
                                        ^
12:     let filterSearch = $state((filters as any).search ?? '');
13: 
10:01:54 AM [vite-plugin-svelte] resources/js/pages/Admin/Returns/Index.svelte:12:31 This reference only captures the initial value of `filters`. Did you mean to reference it inside a derived instead?
https://svelte.dev/e/state_referenced_locally
10:     let filterStatus = $state((filters as any).status ?? '');
11:     let filterType = $state((filters as any).type ?? '');
12:     let filterSearch = $state((filters as any).search ?? '');
                                          ^
13: 
14:     let toastMsg = $state('');
10:01:54 AM [vite-plugin-svelte] resources/js/pages/Admin/Returns/Index.svelte:117:24 A form label must be associated with a control
https://svelte.dev/e/a11y_label_has_associated_control
115:                     <!-- Search -->
116:                     <div>
117:                         <label class="block text-xs font-bold text-slate-500 uppercase tracking-widest mb-1.5 font-outfit">Cari</label>
                                                                                                                                            ^
118:                         <div class="relative">
119:                             <i class="ti ti-search absolute left-3 top-1/2 -translate-y-1/2 text-slate-400 text-sm"></i>
10:01:54 AM [vite-plugin-svelte] resources/js/pages/Admin/Returns/Index.svelte:132:24 A form label must be associated with a control
https://svelte.dev/e/a11y_label_has_associated_control
130:                     <!-- Type -->
131:                     <div>
132:                         <label class="block text-xs font-bold text-slate-500 uppercase tracking-widest mb-1.5 font-outfit">Jenis Retur</label>
                                                                                                                                                   ^
133:                         <select
134:                             bind:value={filterType}
10:01:54 AM [vite-plugin-svelte] resources/js/pages/Admin/Returns/Index.svelte:255:36 Buttons and links should either contain text or have an `aria-label`, `aria-labelledby` or `title` attribute
https://svelte.dev/e/a11y_consider_explicit_label
253:                             <div class="flex gap-1">
254:                                 {#if returns.prev_page_url}
255:                                     <a href={returns.prev_page_url} class="w-8 h-8 rounded-lg border border-slate-200 text-slate-500 hover:bg-slate-100 flex items-center justify-center transition">
                                             ^
256:                                         <i class="ti ti-chevron-left"></i>
257:                                     </a>
10:01:54 AM [vite-plugin-svelte] resources/js/pages/Admin/Returns/Index.svelte:260:36 Buttons and links should either contain text or have an `aria-label`, `aria-labelledby` or `title` attribute
https://svelte.dev/e/a11y_consider_explicit_label
258:                                 {/if}
259:                                 {#if returns.next_page_url}
260:                                     <a href={returns.next_page_url} class="w-8 h-8 rounded-lg border border-slate-200 text-slate-500 hover:bg-slate-100 flex items-center justify-center transition">
                                             ^
261:                                         <i class="ti ti-chevron-right"></i>
262:                                     </a>
10:01:54 AM [vite-plugin-svelte] resources/js/pages/Admin/Reports/Customers.svelte:18:26 This reference only captures the initial value of `filters`. Did you mean to reference it inside a derived instead?
https://svelte.dev/e/state_referenced_locally
16:     } = $props();
17: 
18:     let dateFrom = $state(filters.date_from);
                                     ^
19:     let dateTo = $state(filters.date_to);
20:     let searchQuery = $state(filters.search || '');
10:01:54 AM [vite-plugin-svelte] resources/js/pages/Admin/Reports/Customers.svelte:19:24 This reference only captures the initial value of `filters`. Did you mean to reference it inside a derived instead?
https://svelte.dev/e/state_referenced_locally
17: 
18:     let dateFrom = $state(filters.date_from);
19:     let dateTo = $state(filters.date_to);
                                   ^
20:     let searchQuery = $state(filters.search || '');
21: 
10:01:54 AM [vite-plugin-svelte] resources/js/pages/Admin/Reports/Customers.svelte:20:29 This reference only captures the initial value of `filters`. Did you mean to reference it inside a derived instead?
https://svelte.dev/e/state_referenced_locally
18:     let dateFrom = $state(filters.date_from);
19:     let dateTo = $state(filters.date_to);
20:     let searchQuery = $state(filters.search || '');
                                        ^
21: 
22:     let regCanvas: HTMLCanvasElement;
10:01:54 AM [vite-plugin-svelte] resources/js/pages/Admin/Reports/Customers.svelte:22:8 `regCanvas` is updated, but is not declared with `$state(...)`. Changing its value will not correctly trigger updates
https://svelte.dev/e/non_reactive_update
20:     let searchQuery = $state(filters.search || '');
21: 
22:     let regCanvas: HTMLCanvasElement;
                                        ^
23:     let regChart: Chart;
24: 
10:01:54 AM [vite-plugin-svelte] resources/js/pages/Admin/Reports/Sales.svelte:19:26 This reference only captures the initial value of `filters`. Did you mean to reference it inside a derived instead?
https://svelte.dev/e/state_referenced_locally
17:     } = $props();
18: 
19:     let dateFrom = $state(filters.date_from);
                                     ^
20:     let dateTo = $state(filters.date_to);
21: 
10:01:54 AM [vite-plugin-svelte] resources/js/pages/Admin/Reports/Sales.svelte:20:24 This reference only captures the initial value of `filters`. Did you mean to reference it inside a derived instead?
https://svelte.dev/e/state_referenced_locally
18: 
19:     let dateFrom = $state(filters.date_from);
20:     let dateTo = $state(filters.date_to);
                                   ^
21: 
22:     let trendCanvas: HTMLCanvasElement;
10:01:54 AM [vite-plugin-svelte] resources/js/pages/Admin/Reports/Sales.svelte:23:8 `paymentCanvas` is updated, but is not declared with `$state(...)`. Changing its value will not correctly trigger updates
https://svelte.dev/e/non_reactive_update
21: 
22:     let trendCanvas: HTMLCanvasElement;
23:     let paymentCanvas: HTMLCanvasElement;
                                            ^
24:     let statusCanvas: HTMLCanvasElement;
25: 
10:01:54 AM [vite-plugin-svelte] resources/js/pages/Admin/Reports/Sales.svelte:24:8 `statusCanvas` is updated, but is not declared with `$state(...)`. Changing its value will not correctly trigger updates
https://svelte.dev/e/non_reactive_update
22:     let trendCanvas: HTMLCanvasElement;
23:     let paymentCanvas: HTMLCanvasElement;
24:     let statusCanvas: HTMLCanvasElement;
                                           ^
25: 
26:     let trendChart: Chart;
10:01:54 AM [vite-plugin-svelte] resources/js/pages/Admin/Dashboard.svelte:13:32 This reference only captures the initial value of `currentFilter`. Did you mean to reference it inside a closure instead?
https://svelte.dev/e/state_referenced_locally
11:     let { stats, orderStats, recentOrders, topProducts, chartData, currentFilter = '7_hari' } = $props();
12: 
13:     let selectedFilter = $state(currentFilter);
                                                 ^
14:     let canvas: HTMLCanvasElement;
15:     let chartInstance: Chart | null = null;
10:01:54 AM [vite-plugin-svelte] resources/js/pages/Admin/Dashboard.svelte:472:20 Buttons and links should either contain text or have an `aria-label`, `aria-labelledby` or `title` attribute
https://svelte.dev/e/a11y_consider_explicit_label
470:                         </p>
471:                     </div>
472:                     <button
                                ^
473:                         class="p-2 text-slate-400 rounded-lg hover:bg-slate-50 transition hover:text-[var(--hover-color)]"
474:                         style="--tw-text-opacity: 1; --hover-color: {primaryColor};"
10:01:54 AM [vite-plugin-svelte] resources/js/pages/Admin/Reports/Stocks.svelte:15:29 This reference only captures the initial value of `filters`. Did you mean to reference it inside a derived instead?
https://svelte.dev/e/state_referenced_locally
13:     } = $props();
14: 
15:     let searchQuery = $state(filters.search || '');
                                        ^
16:     let selectedStatus = $state(filters.status || '');
17: 
10:01:54 AM [vite-plugin-svelte] resources/js/pages/Admin/Reports/Stocks.svelte:16:32 This reference only captures the initial value of `filters`. Did you mean to reference it inside a derived instead?
https://svelte.dev/e/state_referenced_locally
14: 
15:     let searchQuery = $state(filters.search || '');
16:     let selectedStatus = $state(filters.status || '');
                                           ^
17: 
18:     function applyFilter() {
10:01:54 AM [vite-plugin-svelte] resources/js/pages/Admin/Returns/Show.svelte:20:28 This reference only captures the initial value of `ret`. Did you mean to reference it inside a derived instead?
https://svelte.dev/e/state_referenced_locally
18:     let viewingMedia: any = $state(null);
19: 
20:     let adminNotes = $state(ret.notes_admin ?? '');
                                   ^
21:     let rejectReason = $state('');
22:     let trackingNumber = $state(ret.return_tracking_number ?? '');
10:01:54 AM [vite-plugin-svelte] resources/js/pages/Admin/Returns/Show.svelte:22:32 This reference only captures the initial value of `ret`. Did you mean to reference it inside a derived instead?
https://svelte.dev/e/state_referenced_locally
20:     let adminNotes = $state(ret.notes_admin ?? '');
21:     let rejectReason = $state('');
22:     let trackingNumber = $state(ret.return_tracking_number ?? '');
                                       ^
23:     let courierName = $state(ret.return_courier_name ?? '');
24:     let replacementTracking = $state(ret.replacement_tracking_number ?? '');
10:01:54 AM [vite-plugin-svelte] resources/js/pages/Admin/Returns/Show.svelte:23:29 This reference only captures the initial value of `ret`. Did you mean to reference it inside a derived instead?
https://svelte.dev/e/state_referenced_locally
21:     let rejectReason = $state('');
22:     let trackingNumber = $state(ret.return_tracking_number ?? '');
23:     let courierName = $state(ret.return_courier_name ?? '');
                                    ^
24:     let replacementTracking = $state(ret.replacement_tracking_number ?? '');
25:     let replacementCourier = $state(ret.replacement_courier_name ?? '');
10:01:54 AM [vite-plugin-svelte] resources/js/pages/Admin/Returns/Show.svelte:24:37 This reference only captures the initial value of `ret`. Did you mean to reference it inside a derived instead?
https://svelte.dev/e/state_referenced_locally
22:     let trackingNumber = $state(ret.return_tracking_number ?? '');
23:     let courierName = $state(ret.return_courier_name ?? '');
24:     let replacementTracking = $state(ret.replacement_tracking_number ?? '');
                                            ^
25:     let replacementCourier = $state(ret.replacement_courier_name ?? '');
26:     let stockAction = $state('active'); // 'active' | 'damaged'
10:01:54 AM [vite-plugin-svelte] resources/js/pages/Admin/Returns/Show.svelte:25:36 This reference only captures the initial value of `ret`. Did you mean to reference it inside a derived instead?
https://svelte.dev/e/state_referenced_locally
23:     let courierName = $state(ret.return_courier_name ?? '');
24:     let replacementTracking = $state(ret.replacement_tracking_number ?? '');
25:     let replacementCourier = $state(ret.replacement_courier_name ?? '');
                                           ^
26:     let stockAction = $state('active'); // 'active' | 'damaged'
27:     let saving = $state(false);
10:01:54 AM [vite-plugin-svelte] resources/js/pages/Admin/Returns/Show.svelte:165:12 Buttons and links should either contain text or have an `aria-label`, `aria-labelledby` or `title` attribute
https://svelte.dev/e/a11y_consider_explicit_label
163:         <!-- Back + Header -->
164:         <div class="flex items-start gap-4 mb-6">
165:             <a href="/admin/returns" class="w-10 h-10 rounded-xl bg-white border border-slate-200 flex items-center justify-center text-slate-600 hover:bg-slate-50 transition shrink-0">
                     ^
166:                 <i class="ti ti-arrow-left text-lg"></i>
167:             </a>
10:01:54 AM [vite-plugin-svelte] resources/js/pages/Admin/Returns/Show.svelte:442:32 A form label must be associated with a control
https://svelte.dev/e/a11y_label_has_associated_control
440:                         {#if ret.type === 'refund'}
441:                             <div class="space-y-2">
442:                                 <label class="block text-xs font-bold text-slate-600 mb-1">Catatan Refund (opsional)</label>
                                                                                                                                 ^
443:                                 <textarea
444:                                     bind:value={adminNotes}
10:01:54 AM [vite-plugin-svelte] resources/js/pages/Admin/Returns/Show.svelte:550:4 Visible, non-interactive elements with a click event must be accompanied by a keyboard event handler. Consider whether an interactive element such as `<button type="button">` or `<a>` might be more appropriate
https://svelte.dev/e/a11y_click_events_have_key_events
548: <!-- Approve Modal -->
549: {#if showApproveModal}
550:     <div class="fixed inset-0 z-50 flex items-center justify-center p-4" onclick={() => (showApproveModal = false)}>
               ^
551:         <div class="absolute inset-0 bg-black/50 backdrop-blur-sm"></div>
552:         <div class="relative z-10 bg-white rounded-2xl shadow-2xl w-full max-w-md p-6" onclick={(e: any) => e.stopPropagation()}>
10:01:54 AM [vite-plugin-svelte] resources/js/pages/Admin/Returns/Show.svelte:550:4 `<div>` with a click handler must have an ARIA role
https://svelte.dev/e/a11y_no_static_element_interactions
548: <!-- Approve Modal -->
549: {#if showApproveModal}
550:     <div class="fixed inset-0 z-50 flex items-center justify-center p-4" onclick={() => (showApproveModal = false)}>
               ^
551:         <div class="absolute inset-0 bg-black/50 backdrop-blur-sm"></div>
552:         <div class="relative z-10 bg-white rounded-2xl shadow-2xl w-full max-w-md p-6" onclick={(e: any) => e.stopPropagation()}>
10:01:54 AM [vite-plugin-svelte] resources/js/pages/Admin/Returns/Show.svelte:552:8 Visible, non-interactive elements with a click event must be accompanied by a keyboard event handler. Consider whether an interactive element such as `<button type="button">` or `<a>` might be more appropriate
https://svelte.dev/e/a11y_click_events_have_key_events
550:     <div class="fixed inset-0 z-50 flex items-center justify-center p-4" onclick={() => (showApproveModal = false)}>
551:         <div class="absolute inset-0 bg-black/50 backdrop-blur-sm"></div>
552:         <div class="relative z-10 bg-white rounded-2xl shadow-2xl w-full max-w-md p-6" onclick={(e: any) => e.stopPropagation()}>
                   ^
553:             <h3 class="font-bold text-slate-800 text-lg mb-4">Setujui Pengajuan Retur</h3>
554:             <label class="block text-xs font-bold text-slate-600 mb-2">Catatan untuk Customer (opsional)</label>
10:01:54 AM [vite-plugin-svelte] resources/js/pages/Admin/Returns/Show.svelte:552:8 `<div>` with a click handler must have an ARIA role
https://svelte.dev/e/a11y_no_static_element_interactions
550:     <div class="fixed inset-0 z-50 flex items-center justify-center p-4" onclick={() => (showApproveModal = false)}>
551:         <div class="absolute inset-0 bg-black/50 backdrop-blur-sm"></div>
552:         <div class="relative z-10 bg-white rounded-2xl shadow-2xl w-full max-w-md p-6" onclick={(e: any) => e.stopPropagation()}>
                   ^
553:             <h3 class="font-bold text-slate-800 text-lg mb-4">Setujui Pengajuan Retur</h3>
554:             <label class="block text-xs font-bold text-slate-600 mb-2">Catatan untuk Customer (opsional)</label>
10:01:54 AM [vite-plugin-svelte] resources/js/pages/Admin/Returns/Show.svelte:554:12 A form label must be associated with a control
https://svelte.dev/e/a11y_label_has_associated_control
552:         <div class="relative z-10 bg-white rounded-2xl shadow-2xl w-full max-w-md p-6" onclick={(e: any) => e.stopPropagation()}>
553:             <h3 class="font-bold text-slate-800 text-lg mb-4">Setujui Pengajuan Retur</h3>
554:             <label class="block text-xs font-bold text-slate-600 mb-2">Catatan untuk Customer (opsional)</label>
                                                                                                                     ^
555:             <textarea
556:                 bind:value={adminNotes}
10:01:54 AM [vite-plugin-svelte] resources/js/pages/Admin/Returns/Show.svelte:573:4 Visible, non-interactive elements with a click event must be accompanied by a keyboard event handler. Consider whether an interactive element such as `<button type="button">` or `<a>` might be more appropriate
https://svelte.dev/e/a11y_click_events_have_key_events
571: <!-- Receipt Confirmation Modal -->
572: {#if showReceiptModal}
573:     <div class="fixed inset-0 z-50 flex items-center justify-center p-4" onclick={() => (showReceiptModal = false)}>
               ^
574:         <div class="absolute inset-0 bg-black/50 backdrop-blur-sm"></div>
575:         <div class="relative z-10 bg-white rounded-2xl shadow-2xl w-full max-w-md p-6" onclick={(e: any) => e.stopPropagation()}>
10:01:54 AM [vite-plugin-svelte] resources/js/pages/Admin/Returns/Show.svelte:573:4 `<div>` with a click handler must have an ARIA role
https://svelte.dev/e/a11y_no_static_element_interactions
571: <!-- Receipt Confirmation Modal -->
572: {#if showReceiptModal}
573:     <div class="fixed inset-0 z-50 flex items-center justify-center p-4" onclick={() => (showReceiptModal = false)}>
               ^
574:         <div class="absolute inset-0 bg-black/50 backdrop-blur-sm"></div>
575:         <div class="relative z-10 bg-white rounded-2xl shadow-2xl w-full max-w-md p-6" onclick={(e: any) => e.stopPropagation()}>
10:01:54 AM [vite-plugin-svelte] resources/js/pages/Admin/Returns/Show.svelte:575:8 Visible, non-interactive elements with a click event must be accompanied by a keyboard event handler. Consider whether an interactive element such as `<button type="button">` or `<a>` might be more appropriate
https://svelte.dev/e/a11y_click_events_have_key_events
573:     <div class="fixed inset-0 z-50 flex items-center justify-center p-4" onclick={() => (showReceiptModal = false)}>
574:         <div class="absolute inset-0 bg-black/50 backdrop-blur-sm"></div>
575:         <div class="relative z-10 bg-white rounded-2xl shadow-2xl w-full max-w-md p-6" onclick={(e: any) => e.stopPropagation()}>
                   ^
576:             <h3 class="font-bold text-slate-800 text-lg mb-2">Konfirmasi Penerimaan Barang</h3>
577:             <p class="text-xs text-slate-400 font-bold mb-5 uppercase tracking-wider">Pilih Opsi Tindakan Stok Produk</p>
10:01:54 AM [vite-plugin-svelte] resources/js/pages/Admin/Returns/Show.svelte:575:8 `<div>` with a click handler must have an ARIA role
https://svelte.dev/e/a11y_no_static_element_interactions
573:     <div class="fixed inset-0 z-50 flex items-center justify-center p-4" onclick={() => (showReceiptModal = false)}>
574:         <div class="absolute inset-0 bg-black/50 backdrop-blur-sm"></div>
575:         <div class="relative z-10 bg-white rounded-2xl shadow-2xl w-full max-w-md p-6" onclick={(e: any) => e.stopPropagation()}>
                   ^
576:             <h3 class="font-bold text-slate-800 text-lg mb-2">Konfirmasi Penerimaan Barang</h3>
577:             <p class="text-xs text-slate-400 font-bold mb-5 uppercase tracking-wider">Pilih Opsi Tindakan Stok Produk</p>
10:01:54 AM [vite-plugin-svelte] resources/js/pages/Admin/Returns/Show.svelte:630:4 Visible, non-interactive elements with a click event must be accompanied by a keyboard event handler. Consider whether an interactive element such as `<button type="button">` or `<a>` might be more appropriate
https://svelte.dev/e/a11y_click_events_have_key_events
628: <!-- Reject Modal -->
629: {#if showRejectModal}
630:     <div class="fixed inset-0 z-50 flex items-center justify-center p-4" onclick={() => (showRejectModal = false)}>
               ^
631:         <div class="absolute inset-0 bg-black/50 backdrop-blur-sm"></div>
632:         <div class="relative z-10 bg-white rounded-2xl shadow-2xl w-full max-w-md p-6" onclick={(e: any) => e.stopPropagation()}>
10:01:54 AM [vite-plugin-svelte] resources/js/pages/Admin/Returns/Show.svelte:630:4 `<div>` with a click handler must have an ARIA role
https://svelte.dev/e/a11y_no_static_element_interactions
628: <!-- Reject Modal -->
629: {#if showRejectModal}
630:     <div class="fixed inset-0 z-50 flex items-center justify-center p-4" onclick={() => (showRejectModal = false)}>
               ^
631:         <div class="absolute inset-0 bg-black/50 backdrop-blur-sm"></div>
632:         <div class="relative z-10 bg-white rounded-2xl shadow-2xl w-full max-w-md p-6" onclick={(e: any) => e.stopPropagation()}>
10:01:54 AM [vite-plugin-svelte] resources/js/pages/Admin/Returns/Show.svelte:632:8 Visible, non-interactive elements with a click event must be accompanied by a keyboard event handler. Consider whether an interactive element such as `<button type="button">` or `<a>` might be more appropriate
https://svelte.dev/e/a11y_click_events_have_key_events
630:     <div class="fixed inset-0 z-50 flex items-center justify-center p-4" onclick={() => (showRejectModal = false)}>
631:         <div class="absolute inset-0 bg-black/50 backdrop-blur-sm"></div>
632:         <div class="relative z-10 bg-white rounded-2xl shadow-2xl w-full max-w-md p-6" onclick={(e: any) => e.stopPropagation()}>
                   ^
633:             <h3 class="font-bold text-slate-800 text-lg mb-4">Tolak Pengajuan Retur</h3>
634:             <label class="block text-xs font-bold text-slate-600 mb-2">Alasan Penolakan <span class="text-red-500">*</span></label>
10:01:54 AM [vite-plugin-svelte] resources/js/pages/Admin/Returns/Show.svelte:632:8 `<div>` with a click handler must have an ARIA role
https://svelte.dev/e/a11y_no_static_element_interactions
630:     <div class="fixed inset-0 z-50 flex items-center justify-center p-4" onclick={() => (showRejectModal = false)}>
631:         <div class="absolute inset-0 bg-black/50 backdrop-blur-sm"></div>
632:         <div class="relative z-10 bg-white rounded-2xl shadow-2xl w-full max-w-md p-6" onclick={(e: any) => e.stopPropagation()}>
                   ^
633:             <h3 class="font-bold text-slate-800 text-lg mb-4">Tolak Pengajuan Retur</h3>
634:             <label class="block text-xs font-bold text-slate-600 mb-2">Alasan Penolakan <span class="text-red-500">*</span></label>
10:01:54 AM [vite-plugin-svelte] resources/js/pages/Admin/Returns/Show.svelte:634:12 A form label must be associated with a control
https://svelte.dev/e/a11y_label_has_associated_control
632:         <div class="relative z-10 bg-white rounded-2xl shadow-2xl w-full max-w-md p-6" onclick={(e: any) => e.stopPropagation()}>
633:             <h3 class="font-bold text-slate-800 text-lg mb-4">Tolak Pengajuan Retur</h3>
634:             <label class="block text-xs font-bold text-slate-600 mb-2">Alasan Penolakan <span class="text-red-500">*</span></label>
                                                                                                                                        ^
635:             <textarea
636:                 bind:value={rejectReason}
10:01:54 AM [vite-plugin-svelte] resources/js/pages/Admin/Returns/Show.svelte:653:4 Visible, non-interactive elements with a click event must be accompanied by a keyboard event handler. Consider whether an interactive element such as `<button type="button">` or `<a>` might be more appropriate
https://svelte.dev/e/a11y_click_events_have_key_events
651: <!-- Customer Tracking Modal -->
652: {#if showCustomerTrackingModal}
653:     <div class="fixed inset-0 z-50 flex items-center justify-center p-4" onclick={() => (showCustomerTrackingModal = false)}>
               ^
654:         <div class="absolute inset-0 bg-black/50 backdrop-blur-sm"></div>
655:         <div class="relative z-10 bg-white rounded-2xl shadow-2xl w-full max-w-md p-6" onclick={(e: any) => e.stopPropagation()}>
10:01:54 AM [vite-plugin-svelte] resources/js/pages/Admin/Returns/Show.svelte:653:4 `<div>` with a click handler must have an ARIA role
https://svelte.dev/e/a11y_no_static_element_interactions
651: <!-- Customer Tracking Modal -->
652: {#if showCustomerTrackingModal}
653:     <div class="fixed inset-0 z-50 flex items-center justify-center p-4" onclick={() => (showCustomerTrackingModal = false)}>
               ^
654:         <div class="absolute inset-0 bg-black/50 backdrop-blur-sm"></div>
655:         <div class="relative z-10 bg-white rounded-2xl shadow-2xl w-full max-w-md p-6" onclick={(e: any) => e.stopPropagation()}>
10:01:54 AM [vite-plugin-svelte] resources/js/pages/Admin/Returns/Show.svelte:655:8 Visible, non-interactive elements with a click event must be accompanied by a keyboard event handler. Consider whether an interactive element such as `<button type="button">` or `<a>` might be more appropriate
https://svelte.dev/e/a11y_click_events_have_key_events
653:     <div class="fixed inset-0 z-50 flex items-center justify-center p-4" onclick={() => (showCustomerTrackingModal = false)}>
654:         <div class="absolute inset-0 bg-black/50 backdrop-blur-sm"></div>
655:         <div class="relative z-10 bg-white rounded-2xl shadow-2xl w-full max-w-md p-6" onclick={(e: any) => e.stopPropagation()}>
                   ^
656:             <h3 class="font-bold text-slate-800 text-lg mb-4">Resi Pengiriman Barang Retur (Customer)</h3>
657:             <div class="space-y-4">
10:01:54 AM [vite-plugin-svelte] resources/js/pages/Admin/Returns/Show.svelte:655:8 `<div>` with a click handler must have an ARIA role
https://svelte.dev/e/a11y_no_static_element_interactions
653:     <div class="fixed inset-0 z-50 flex items-center justify-center p-4" onclick={() => (showCustomerTrackingModal = false)}>
654:         <div class="absolute inset-0 bg-black/50 backdrop-blur-sm"></div>
655:         <div class="relative z-10 bg-white rounded-2xl shadow-2xl w-full max-w-md p-6" onclick={(e: any) => e.stopPropagation()}>
                   ^
656:             <h3 class="font-bold text-slate-800 text-lg mb-4">Resi Pengiriman Barang Retur (Customer)</h3>
657:             <div class="space-y-4">
10:01:54 AM [vite-plugin-svelte] resources/js/pages/Admin/Returns/Show.svelte:659:20 A form label must be associated with a control
https://svelte.dev/e/a11y_label_has_associated_control
657:             <div class="space-y-4">
658:                 <div>
659:                     <label class="block text-xs font-bold text-slate-600 mb-2">Nomor Resi <span class="text-red-500">*</span></label>
                                                                                                                                          ^
660:                     <input type="text" bind:value={trackingNumber} placeholder="Contoh: JNE1234567890" class="w-full px-4 py-3 text-sm border border-slate-200 rounded-xl focus:outline-none font-mono" />
661:                 </div>
10:01:54 AM [vite-plugin-svelte] resources/js/pages/Admin/Returns/Show.svelte:663:20 A form label must be associated with a control
https://svelte.dev/e/a11y_label_has_associated_control
661:                 </div>
662:                 <div>
663:                     <label class="block text-xs font-bold text-slate-600 mb-2">Nama Kurir</label>
                                                                                                      ^
664:                     <input type="text" bind:value={courierName} placeholder="JNE, J&T, SiCepat, dll." class="w-full px-4 py-3 text-sm border border-slate-200 rounded-xl focus:outline-none" />
665:                 </div>
10:01:54 AM [vite-plugin-svelte] resources/js/pages/Admin/Returns/Show.svelte:679:4 Visible, non-interactive elements with a click event must be accompanied by a keyboard event handler. Consider whether an interactive element such as `<button type="button">` or `<a>` might be more appropriate
https://svelte.dev/e/a11y_click_events_have_key_events
677: <!-- Replacement Tracking Modal -->
678: {#if showReplacementTrackingModal}
679:     <div class="fixed inset-0 z-50 flex items-center justify-center p-4" onclick={() => (showReplacementTrackingModal = false)}>
               ^
680:         <div class="absolute inset-0 bg-black/50 backdrop-blur-sm"></div>
681:         <div class="relative z-10 bg-white rounded-2xl shadow-2xl w-full max-w-md p-6" onclick={(e: any) => e.stopPropagation()}>
10:01:54 AM [vite-plugin-svelte] resources/js/pages/Admin/Returns/Show.svelte:679:4 `<div>` with a click handler must have an ARIA role
https://svelte.dev/e/a11y_no_static_element_interactions
677: <!-- Replacement Tracking Modal -->
678: {#if showReplacementTrackingModal}
679:     <div class="fixed inset-0 z-50 flex items-center justify-center p-4" onclick={() => (showReplacementTrackingModal = false)}>
               ^
680:         <div class="absolute inset-0 bg-black/50 backdrop-blur-sm"></div>
681:         <div class="relative z-10 bg-white rounded-2xl shadow-2xl w-full max-w-md p-6" onclick={(e: any) => e.stopPropagation()}>
10:01:54 AM [vite-plugin-svelte] resources/js/pages/Admin/Returns/Show.svelte:681:8 Visible, non-interactive elements with a click event must be accompanied by a keyboard event handler. Consider whether an interactive element such as `<button type="button">` or `<a>` might be more appropriate
https://svelte.dev/e/a11y_click_events_have_key_events
679:     <div class="fixed inset-0 z-50 flex items-center justify-center p-4" onclick={() => (showReplacementTrackingModal = false)}>
680:         <div class="absolute inset-0 bg-black/50 backdrop-blur-sm"></div>
681:         <div class="relative z-10 bg-white rounded-2xl shadow-2xl w-full max-w-md p-6" onclick={(e: any) => e.stopPropagation()}>
                   ^
682:             <h3 class="font-bold text-slate-800 text-lg mb-4">Resi Barang Pengganti (ke Customer)</h3>
683:             <div class="space-y-4">
10:01:54 AM [vite-plugin-svelte] resources/js/pages/Admin/Returns/Show.svelte:681:8 `<div>` with a click handler must have an ARIA role
https://svelte.dev/e/a11y_no_static_element_interactions
679:     <div class="fixed inset-0 z-50 flex items-center justify-center p-4" onclick={() => (showReplacementTrackingModal = false)}>
680:         <div class="absolute inset-0 bg-black/50 backdrop-blur-sm"></div>
681:         <div class="relative z-10 bg-white rounded-2xl shadow-2xl w-full max-w-md p-6" onclick={(e: any) => e.stopPropagation()}>
                   ^
682:             <h3 class="font-bold text-slate-800 text-lg mb-4">Resi Barang Pengganti (ke Customer)</h3>
683:             <div class="space-y-4">
10:01:54 AM [vite-plugin-svelte] resources/js/pages/Admin/Returns/Show.svelte:685:20 A form label must be associated with a control
https://svelte.dev/e/a11y_label_has_associated_control
683:             <div class="space-y-4">
684:                 <div>
685:                     <label class="block text-xs font-bold text-slate-600 mb-2">Nomor Resi Pengganti <span class="text-red-500">*</span></label>
                                                                                                                                                    ^
686:                     <input type="text" bind:value={replacementTracking} placeholder="Contoh: JNE1234567890" class="w-full px-4 py-3 text-sm border border-slate-200 rounded-xl focus:outline-none font-mono" />
687:                 </div>
10:01:54 AM [vite-plugin-svelte] resources/js/pages/Admin/Returns/Show.svelte:689:20 A form label must be associated with a control
https://svelte.dev/e/a11y_label_has_associated_control
687:                 </div>
688:                 <div>
689:                     <label class="block text-xs font-bold text-slate-600 mb-2">Nama Kurir</label>
                                                                                                      ^
690:                     <input type="text" bind:value={replacementCourier} placeholder="JNE, J&T, SiCepat, dll." class="w-full px-4 py-3 text-sm border border-slate-200 rounded-xl focus:outline-none" />
691:                 </div>
10:01:54 AM [vite-plugin-svelte] resources/js/pages/Admin/Returns/Show.svelte:705:4 Visible, non-interactive elements with a click event must be accompanied by a keyboard event handler. Consider whether an interactive element such as `<button type="button">` or `<a>` might be more appropriate
https://svelte.dev/e/a11y_click_events_have_key_events
703: <!-- Media Viewer -->
704: {#if showMediaViewer && viewingMedia}
705:     <div class="fixed inset-0 z-[100] flex items-center justify-center" onclick={() => (showMediaViewer = false)}>
               ^
706:         <div class="absolute inset-0 bg-black/90 backdrop-blur-sm"></div>
707:         <div class="relative z-10 max-w-3xl w-full p-4" onclick={(e: any) => e.stopPropagation()}>
10:01:54 AM [vite-plugin-svelte] resources/js/pages/Admin/Returns/Show.svelte:705:4 `<div>` with a click handler must have an ARIA role
https://svelte.dev/e/a11y_no_static_element_interactions
703: <!-- Media Viewer -->
704: {#if showMediaViewer && viewingMedia}
705:     <div class="fixed inset-0 z-[100] flex items-center justify-center" onclick={() => (showMediaViewer = false)}>
               ^
706:         <div class="absolute inset-0 bg-black/90 backdrop-blur-sm"></div>
707:         <div class="relative z-10 max-w-3xl w-full p-4" onclick={(e: any) => e.stopPropagation()}>
10:01:54 AM [vite-plugin-svelte] resources/js/pages/Admin/Returns/Show.svelte:707:8 Visible, non-interactive elements with a click event must be accompanied by a keyboard event handler. Consider whether an interactive element such as `<button type="button">` or `<a>` might be more appropriate
https://svelte.dev/e/a11y_click_events_have_key_events
705:     <div class="fixed inset-0 z-[100] flex items-center justify-center" onclick={() => (showMediaViewer = false)}>
706:         <div class="absolute inset-0 bg-black/90 backdrop-blur-sm"></div>
707:         <div class="relative z-10 max-w-3xl w-full p-4" onclick={(e: any) => e.stopPropagation()}>
                   ^
708:             <button onclick={() => (showMediaViewer = false)} class="absolute top-2 right-2 w-10 h-10 rounded-full bg-white/20 text-white flex items-center justify-center hover:bg-white/30 transition">
709:                 <i class="ti ti-x text-lg"></i>
10:01:54 AM [vite-plugin-svelte] resources/js/pages/Admin/Returns/Show.svelte:707:8 `<div>` with a click handler must have an ARIA role
https://svelte.dev/e/a11y_no_static_element_interactions
705:     <div class="fixed inset-0 z-[100] flex items-center justify-center" onclick={() => (showMediaViewer = false)}>
706:         <div class="absolute inset-0 bg-black/90 backdrop-blur-sm"></div>
707:         <div class="relative z-10 max-w-3xl w-full p-4" onclick={(e: any) => e.stopPropagation()}>
                   ^
708:             <button onclick={() => (showMediaViewer = false)} class="absolute top-2 right-2 w-10 h-10 rounded-full bg-white/20 text-white flex items-center justify-center hover:bg-white/30 transition">
709:                 <i class="ti ti-x text-lg"></i>
10:01:54 AM [vite-plugin-svelte] resources/js/pages/Admin/Returns/Show.svelte:708:12 Buttons and links should either contain text or have an `aria-label`, `aria-labelledby` or `title` attribute
https://svelte.dev/e/a11y_consider_explicit_label
706:         <div class="absolute inset-0 bg-black/90 backdrop-blur-sm"></div>
707:         <div class="relative z-10 max-w-3xl w-full p-4" onclick={(e: any) => e.stopPropagation()}>
708:             <button onclick={() => (showMediaViewer = false)} class="absolute top-2 right-2 w-10 h-10 rounded-full bg-white/20 text-white flex items-center justify-center hover:bg-white/30 transition">
                          ^
709:                 <i class="ti ti-x text-lg"></i>
710:             </button>
10:01:54 AM [vite-plugin-svelte] resources/js/pages/Auth/Login.svelte:239:28 'javascript:void(0)' is not a valid href attribute
https://svelte.dev/e/a11y_invalid_attribute
237:                     <div class="text-sm">
238:                         <a
239:                             href="javascript:void(0)"
                                                          ^
240:                             class="font-bold hover:underline transition-opacity hover:opacity-80"
241:                             style="color: {primaryColor};"
10:01:54 AM [vite-plugin-svelte] resources/js/pages/Admin/Store/Stocks.svelte:79:29 This reference only captures the initial value of `filters`. Did you mean to reference it inside a derived instead?
https://svelte.dev/e/state_referenced_locally
77:     }
78: 
79:     let searchQuery = $state(filters.search || '');
                                        ^
80:     let searchTimeout;
81: 
10:01:54 AM [vite-plugin-svelte] resources/js/pages/Admin/Transactions/Show.svelte:20:27 This reference only captures the initial value of `transaction`. Did you mean to reference it inside a derived instead?
https://svelte.dev/e/state_referenced_locally
18:     );
19: 
20:     let newStatus = $state(transaction.status);
                                          ^
21:     let cancelReason = $state('');
22:     let showStatusModal = $state(false);
10:01:54 AM [vite-plugin-svelte] resources/js/pages/Admin/Transactions/Show.svelte:29:27 This reference only captures the initial value of `transaction`. Did you mean to reference it inside a derived instead?
https://svelte.dev/e/state_referenced_locally
27:     // Resi tracking modal state and method
28:     let showResiModal = $state(false);
29:     let resiInput = $state(transaction.tracking_number ?? '');
                                          ^
30:     let courierInput = $state(transaction.courier_name ?? '');
31:     let submittingResi = $state(false);
10:01:54 AM [vite-plugin-svelte] resources/js/pages/Admin/Transactions/Show.svelte:30:30 This reference only captures the initial value of `transaction`. Did you mean to reference it inside a derived instead?
https://svelte.dev/e/state_referenced_locally
28:     let showResiModal = $state(false);
29:     let resiInput = $state(transaction.tracking_number ?? '');
30:     let courierInput = $state(transaction.courier_name ?? '');
                                             ^
31:     let submittingResi = $state(false);
32: 
10:01:54 AM [vite-plugin-svelte] resources/js/pages/Admin/Transactions/Show.svelte:921:12 noninteractive element cannot have nonnegative tabIndex value
https://svelte.dev/e/a11y_no_noninteractive_tabindex
919:                 class="absolute inset-0 bg-slate-900/60 backdrop-blur-sm"
920:             ></div>
921:             <div
                     ^
922:                 class="relative z-10 bg-white rounded-3xl border border-slate-200 shadow-2xl p-6 w-full max-w-sm"
923:                 onclick={(e: any) => e.stopPropagation()}
10:01:54 AM [vite-plugin-svelte] resources/js/pages/Admin/Transactions/Show.svelte:921:12 Non-interactive element `<div>` should not be assigned mouse or keyboard event listeners
https://svelte.dev/e/a11y_no_noninteractive_element_interactions
919:                 class="absolute inset-0 bg-slate-900/60 backdrop-blur-sm"
920:             ></div>
921:             <div
                     ^
922:                 class="relative z-10 bg-white rounded-3xl border border-slate-200 shadow-2xl p-6 w-full max-w-sm"
923:                 onclick={(e: any) => e.stopPropagation()}
10:01:54 AM [vite-plugin-svelte] resources/js/pages/Admin/Transactions/Show.svelte:982:12 noninteractive element cannot have nonnegative tabIndex value
https://svelte.dev/e/a11y_no_noninteractive_tabindex
980:                 class="absolute inset-0 bg-slate-900/60 backdrop-blur-sm"
981:             ></div>
982:             <div
                     ^
983:                 class="relative z-10 bg-white rounded-3xl border border-slate-200 shadow-2xl p-6 w-full max-w-sm"
984:                 onclick={(e: any) => e.stopPropagation()}
10:01:54 AM [vite-plugin-svelte] resources/js/pages/Admin/Transactions/Show.svelte:982:12 Non-interactive element `<div>` should not be assigned mouse or keyboard event listeners
https://svelte.dev/e/a11y_no_noninteractive_element_interactions
980:                 class="absolute inset-0 bg-slate-900/60 backdrop-blur-sm"
981:             ></div>
982:             <div
                     ^
983:                 class="relative z-10 bg-white rounded-3xl border border-slate-200 shadow-2xl p-6 w-full max-w-sm"
984:                 onclick={(e: any) => e.stopPropagation()}
10:01:54 AM [vite-plugin-svelte] resources/js/pages/Admin/Transactions/Show.svelte:1036:12 noninteractive element cannot have nonnegative tabIndex value
https://svelte.dev/e/a11y_no_noninteractive_tabindex
1034:                 class="absolute inset-0 bg-slate-900/60 backdrop-blur-sm"
1035:             ></div>
1036:             <div
                      ^
1037:                 class="relative z-10 bg-white rounded-3xl border border-slate-200 shadow-2xl p-6 w-full max-w-sm"
1038:                 onclick={(e: any) => e.stopPropagation()}
10:01:54 AM [vite-plugin-svelte] resources/js/pages/Admin/Transactions/Show.svelte:1036:12 Non-interactive element `<div>` should not be assigned mouse or keyboard event listeners
https://svelte.dev/e/a11y_no_noninteractive_element_interactions
1034:                 class="absolute inset-0 bg-slate-900/60 backdrop-blur-sm"
1035:             ></div>
1036:             <div
                      ^
1037:                 class="relative z-10 bg-white rounded-3xl border border-slate-200 shadow-2xl p-6 w-full max-w-sm"
1038:                 onclick={(e: any) => e.stopPropagation()}
10:01:54 AM [vite-plugin-svelte] resources/js/pages/Admin/Transactions/Show.svelte:1066:24 A form label must be associated with a control
https://svelte.dev/e/a11y_label_has_associated_control
1064:                 <div class="space-y-4">
1065:                     <div>
1066:                         <label
                                    ^
1067:                             class="block text-xs font-bold text-slate-500 uppercase tracking-widest mb-1.5"
1068:                         >
10:01:54 AM [vite-plugin-svelte] resources/js/pages/Admin/Transactions/Show.svelte:1081:24 A form label must be associated with a control
https://svelte.dev/e/a11y_label_has_associated_control
1079: 
1080:                     <div>
1081:                         <label
                                    ^
1082:                             class="block text-xs font-bold text-slate-500 uppercase tracking-widest mb-1.5"
1083:                         >
10:01:54 AM [vite-plugin-svelte] resources/js/pages/Admin/Products/Edit.svelte:26:14 This reference only captures the initial value of `product`. Did you mean to reference it inside a closure instead?
https://svelte.dev/e/state_referenced_locally
24:     const form = useForm({
25:         _method: 'PUT',
26:         name: product.name,
                         ^
27:         sku: product.sku,
28:         category_ids: product.categories ? product.categories.map((c) => c.id) : (product.category_id ? [product.category_id] : []),
10:01:54 AM [vite-plugin-svelte] resources/js/pages/Admin/Products/Edit.svelte:27:13 This reference only captures the initial value of `product`. Did you mean to reference it inside a closure instead?
https://svelte.dev/e/state_referenced_locally
25:         _method: 'PUT',
26:         name: product.name,
27:         sku: product.sku,
                        ^
28:         category_ids: product.categories ? product.categories.map((c) => c.id) : (product.category_id ? [product.category_id] : []),
29:         brand_ids: product.brands ? product.brands.map((b) => b.id) : (product.brand_id ? [product.brand_id] : []),
10:01:54 AM [vite-plugin-svelte] resources/js/pages/Admin/Products/Edit.svelte:28:22 This reference only captures the initial value of `product`. Did you mean to reference it inside a closure instead?
https://svelte.dev/e/state_referenced_locally
26:         name: product.name,
27:         sku: product.sku,
28:         category_ids: product.categories ? product.categories.map((c) => c.id) : (product.category_id ? [product.category_id] : []),
                                 ^
29:         brand_ids: product.brands ? product.brands.map((b) => b.id) : (product.brand_id ? [product.brand_id] : []),
30:         specifications: product.specifications || {},
10:01:54 AM [vite-plugin-svelte] resources/js/pages/Admin/Products/Edit.svelte:28:43 This reference only captures the initial value of `product`. Did you mean to reference it inside a closure instead?
https://svelte.dev/e/state_referenced_locally
26:         name: product.name,
27:         sku: product.sku,
28:         category_ids: product.categories ? product.categories.map((c) => c.id) : (product.category_id ? [product.category_id] : []),
                                                      ^
29:         brand_ids: product.brands ? product.brands.map((b) => b.id) : (product.brand_id ? [product.brand_id] : []),
30:         specifications: product.specifications || {},
10:01:54 AM [vite-plugin-svelte] resources/js/pages/Admin/Products/Edit.svelte:28:82 This reference only captures the initial value of `product`. Did you mean to reference it inside a closure instead?
https://svelte.dev/e/state_referenced_locally
26:         name: product.name,
27:         sku: product.sku,
28:         category_ids: product.categories ? product.categories.map((c) => c.id) : (product.category_id ? [product.category_id] : []),
                                                                                             ^
29:         brand_ids: product.brands ? product.brands.map((b) => b.id) : (product.brand_id ? [product.brand_id] : []),
30:         specifications: product.specifications || {},
10:01:54 AM [vite-plugin-svelte] resources/js/pages/Admin/Products/Edit.svelte:28:105 This reference only captures the initial value of `product`. Did you mean to reference it inside a closure instead?
https://svelte.dev/e/state_referenced_locally
26:         name: product.name,
27:         sku: product.sku,
28:         category_ids: product.categories ? product.categories.map((c) => c.id) : (product.category_id ? [product.category_id] : []),
                                                                                                                    ^
29:         brand_ids: product.brands ? product.brands.map((b) => b.id) : (product.brand_id ? [product.brand_id] : []),
30:         specifications: product.specifications || {},
10:01:54 AM [vite-plugin-svelte] resources/js/pages/Admin/Products/Edit.svelte:29:19 This reference only captures the initial value of `product`. Did you mean to reference it inside a closure instead?
https://svelte.dev/e/state_referenced_locally
27:         sku: product.sku,
28:         category_ids: product.categories ? product.categories.map((c) => c.id) : (product.category_id ? [product.category_id] : []),
29:         brand_ids: product.brands ? product.brands.map((b) => b.id) : (product.brand_id ? [product.brand_id] : []),
                              ^
30:         specifications: product.specifications || {},
31:         size_chart: product.size_chart || null,
10:01:54 AM [vite-plugin-svelte] resources/js/pages/Admin/Products/Edit.svelte:29:36 This reference only captures the initial value of `product`. Did you mean to reference it inside a closure instead?
https://svelte.dev/e/state_referenced_locally
27:         sku: product.sku,
28:         category_ids: product.categories ? product.categories.map((c) => c.id) : (product.category_id ? [product.category_id] : []),
29:         brand_ids: product.brands ? product.brands.map((b) => b.id) : (product.brand_id ? [product.brand_id] : []),
                                               ^
30:         specifications: product.specifications || {},
31:         size_chart: product.size_chart || null,
10:01:54 AM [vite-plugin-svelte] resources/js/pages/Admin/Products/Edit.svelte:29:71 This reference only captures the initial value of `product`. Did you mean to reference it inside a closure instead?
https://svelte.dev/e/state_referenced_locally
27:         sku: product.sku,
28:         category_ids: product.categories ? product.categories.map((c) => c.id) : (product.category_id ? [product.category_id] : []),
29:         brand_ids: product.brands ? product.brands.map((b) => b.id) : (product.brand_id ? [product.brand_id] : []),
                                                                                  ^
30:         specifications: product.specifications || {},
31:         size_chart: product.size_chart || null,
10:01:54 AM [vite-plugin-svelte] resources/js/pages/Admin/Products/Edit.svelte:29:91 This reference only captures the initial value of `product`. Did you mean to reference it inside a closure instead?
https://svelte.dev/e/state_referenced_locally
27:         sku: product.sku,
28:         category_ids: product.categories ? product.categories.map((c) => c.id) : (product.category_id ? [product.category_id] : []),
29:         brand_ids: product.brands ? product.brands.map((b) => b.id) : (product.brand_id ? [product.brand_id] : []),
                                                                                                      ^
30:         specifications: product.specifications || {},
31:         size_chart: product.size_chart || null,
10:01:54 AM [vite-plugin-svelte] resources/js/pages/Admin/Products/Edit.svelte:30:24 This reference only captures the initial value of `product`. Did you mean to reference it inside a closure instead?
https://svelte.dev/e/state_referenced_locally
28:         category_ids: product.categories ? product.categories.map((c) => c.id) : (product.category_id ? [product.category_id] : []),
29:         brand_ids: product.brands ? product.brands.map((b) => b.id) : (product.brand_id ? [product.brand_id] : []),
30:         specifications: product.specifications || {},
                                   ^
31:         size_chart: product.size_chart || null,
32: 
10:01:54 AM [vite-plugin-svelte] resources/js/pages/Admin/Products/Edit.svelte:31:20 This reference only captures the initial value of `product`. Did you mean to reference it inside a closure instead?
https://svelte.dev/e/state_referenced_locally
29:         brand_ids: product.brands ? product.brands.map((b) => b.id) : (product.brand_id ? [product.brand_id] : []),
30:         specifications: product.specifications || {},
31:         size_chart: product.size_chart || null,
                               ^
32: 
33:         price: product.product_price?.price || '',
10:01:54 AM [vite-plugin-svelte] resources/js/pages/Admin/Products/Edit.svelte:33:15 This reference only captures the initial value of `product`. Did you mean to reference it inside a closure instead?
https://svelte.dev/e/state_referenced_locally
31:         size_chart: product.size_chart || null,
32: 
33:         price: product.product_price?.price || '',
                          ^
34:         cost: product.product_price?.cost || '',
35: 
10:01:54 AM [vite-plugin-svelte] resources/js/pages/Admin/Products/Edit.svelte:34:14 This reference only captures the initial value of `product`. Did you mean to reference it inside a closure instead?
https://svelte.dev/e/state_referenced_locally
32: 
33:         price: product.product_price?.price || '',
34:         cost: product.product_price?.cost || '',
                         ^
35: 
36:         stock: product.product_stock?.stock || '',
10:01:54 AM [vite-plugin-svelte] resources/js/pages/Admin/Products/Edit.svelte:36:15 This reference only captures the initial value of `product`. Did you mean to reference it inside a closure instead?
https://svelte.dev/e/state_referenced_locally
34:         cost: product.product_price?.cost || '',
35: 
36:         stock: product.product_stock?.stock || '',
                          ^
37:         min_stock: product.product_stock?.min_stock || '',
38:         min_purchase: product.product_stock?.min_purchase || 1,
10:01:54 AM [vite-plugin-svelte] resources/js/pages/Admin/Products/Edit.svelte:37:19 This reference only captures the initial value of `product`. Did you mean to reference it inside a closure instead?
https://svelte.dev/e/state_referenced_locally
35: 
36:         stock: product.product_stock?.stock || '',
37:         min_stock: product.product_stock?.min_stock || '',
                              ^
38:         min_purchase: product.product_stock?.min_purchase || 1,
39:         is_unlimited: !!product.product_stock?.is_unlimited,
10:01:54 AM [vite-plugin-svelte] resources/js/pages/Admin/Products/Edit.svelte:38:22 This reference only captures the initial value of `product`. Did you mean to reference it inside a closure instead?
https://svelte.dev/e/state_referenced_locally
36:         stock: product.product_stock?.stock || '',
37:         min_stock: product.product_stock?.min_stock || '',
38:         min_purchase: product.product_stock?.min_purchase || 1,
                                 ^
39:         is_unlimited: !!product.product_stock?.is_unlimited,
40:         stock_status: product.stock_status || 'Tersedia (In Stock)',
10:01:54 AM [vite-plugin-svelte] resources/js/pages/Admin/Products/Edit.svelte:39:24 This reference only captures the initial value of `product`. Did you mean to reference it inside a closure instead?
https://svelte.dev/e/state_referenced_locally
37:         min_stock: product.product_stock?.min_stock || '',
38:         min_purchase: product.product_stock?.min_purchase || 1,
39:         is_unlimited: !!product.product_stock?.is_unlimited,
                                   ^
40:         stock_status: product.stock_status || 'Tersedia (In Stock)',
41: 
10:01:54 AM [vite-plugin-svelte] resources/js/pages/Admin/Products/Edit.svelte:40:22 This reference only captures the initial value of `product`. Did you mean to reference it inside a closure instead?
https://svelte.dev/e/state_referenced_locally
38:         min_purchase: product.product_stock?.min_purchase || 1,
39:         is_unlimited: !!product.product_stock?.is_unlimited,
40:         stock_status: product.stock_status || 'Tersedia (In Stock)',
                                 ^
41: 
42:         summary: product.summary || '',
10:01:54 AM [vite-plugin-svelte] resources/js/pages/Admin/Products/Edit.svelte:42:17 This reference only captures the initial value of `product`. Did you mean to reference it inside a closure instead?
https://svelte.dev/e/state_referenced_locally
40:         stock_status: product.stock_status || 'Tersedia (In Stock)',
41: 
42:         summary: product.summary || '',
                            ^
43:         description: product.description || '',
44:         weight: product.weight || '',
10:01:54 AM [vite-plugin-svelte] resources/js/pages/Admin/Products/Edit.svelte:43:21 This reference only captures the initial value of `product`. Did you mean to reference it inside a closure instead?
https://svelte.dev/e/state_referenced_locally
41: 
42:         summary: product.summary || '',
43:         description: product.description || '',
                                ^
44:         weight: product.weight || '',
45:         length: product.length || '',
10:01:54 AM [vite-plugin-svelte] resources/js/pages/Admin/Products/Edit.svelte:44:16 This reference only captures the initial value of `product`. Did you mean to reference it inside a closure instead?
https://svelte.dev/e/state_referenced_locally
42:         summary: product.summary || '',
43:         description: product.description || '',
44:         weight: product.weight || '',
                           ^
45:         length: product.length || '',
46:         width: product.width || '',
10:01:54 AM [vite-plugin-svelte] resources/js/pages/Admin/Products/Edit.svelte:45:16 This reference only captures the initial value of `product`. Did you mean to reference it inside a closure instead?
https://svelte.dev/e/state_referenced_locally
43:         description: product.description || '',
44:         weight: product.weight || '',
45:         length: product.length || '',
                           ^
46:         width: product.width || '',
47:         height: product.height || '',
10:01:54 AM [vite-plugin-svelte] resources/js/pages/Admin/Products/Edit.svelte:46:15 This reference only captures the initial value of `product`. Did you mean to reference it inside a closure instead?
https://svelte.dev/e/state_referenced_locally
44:         weight: product.weight || '',
45:         length: product.length || '',
46:         width: product.width || '',
                          ^
47:         height: product.height || '',
48:         tax_enabled: !!product.tax_enabled,
10:01:54 AM [vite-plugin-svelte] resources/js/pages/Admin/Products/Edit.svelte:47:16 This reference only captures the initial value of `product`. Did you mean to reference it inside a closure instead?
https://svelte.dev/e/state_referenced_locally
45:         length: product.length || '',
46:         width: product.width || '',
47:         height: product.height || '',
                           ^
48:         tax_enabled: !!product.tax_enabled,
49:         tax_rate: product.tax_rate || '',
10:01:54 AM [vite-plugin-svelte] resources/js/pages/Admin/Products/Edit.svelte:48:23 This reference only captures the initial value of `product`. Did you mean to reference it inside a closure instead?
https://svelte.dev/e/state_referenced_locally
46:         width: product.width || '',
47:         height: product.height || '',
48:         tax_enabled: !!product.tax_enabled,
                                  ^
49:         tax_rate: product.tax_rate || '',
50:         active: !!product.active,
10:01:54 AM [vite-plugin-svelte] resources/js/pages/Admin/Products/Edit.svelte:49:18 This reference only captures the initial value of `product`. Did you mean to reference it inside a closure instead?
https://svelte.dev/e/state_referenced_locally
47:         height: product.height || '',
48:         tax_enabled: !!product.tax_enabled,
49:         tax_rate: product.tax_rate || '',
                             ^
50:         active: !!product.active,
51:         photos: [],
10:01:54 AM [vite-plugin-svelte] resources/js/pages/Admin/Products/Edit.svelte:50:18 This reference only captures the initial value of `product`. Did you mean to reference it inside a closure instead?
https://svelte.dev/e/state_referenced_locally
48:         tax_enabled: !!product.tax_enabled,
49:         tax_rate: product.tax_rate || '',
50:         active: !!product.active,
                             ^
51:         photos: [],
52:         variations: [],
10:01:54 AM [vite-plugin-svelte] resources/js/pages/Admin/Products/Edit.svelte:54:21 This reference only captures the initial value of `product`. Did you mean to reference it inside a closure instead?
https://svelte.dev/e/state_referenced_locally
52:         variations: [],
53:         variants: [],
54:         tier_prices: product.tier_prices
                                ^
55:             ? product.tier_prices.map((tp) => ({
56:                   min_qty: tp.min_qty,
10:01:54 AM [vite-plugin-svelte] resources/js/pages/Admin/Products/Edit.svelte:55:14 This reference only captures the initial value of `product`. Did you mean to reference it inside a closure instead?
https://svelte.dev/e/state_referenced_locally
53:         variants: [],
54:         tier_prices: product.tier_prices
55:             ? product.tier_prices.map((tp) => ({
                         ^
56:                   min_qty: tp.min_qty,
57:                   price: tp.price,
10:01:54 AM [vite-plugin-svelte] resources/js/pages/Admin/Products/Edit.svelte:60:19 This reference only captures the initial value of `product`. Did you mean to reference it inside a closure instead?
https://svelte.dev/e/state_referenced_locally
58:               }))
59:             : [],
60:         video_url: product.video_path || '',
                              ^
61:         video_file: null,
62:         model_3d_url: product.model_3d_path || '',
10:01:54 AM [vite-plugin-svelte] resources/js/pages/Admin/Products/Edit.svelte:62:22 This reference only captures the initial value of `product`. Did you mean to reference it inside a closure instead?
https://svelte.dev/e/state_referenced_locally
60:         video_url: product.video_path || '',
61:         video_file: null,
62:         model_3d_url: product.model_3d_path || '',
                                 ^
63:         model_3d_file: null,
64:         model_3d_usdz_url: product.model_3d_usdz_path || '',
10:01:54 AM [vite-plugin-svelte] resources/js/pages/Admin/Products/Edit.svelte:64:27 This reference only captures the initial value of `product`. Did you mean to reference it inside a closure instead?
https://svelte.dev/e/state_referenced_locally
62:         model_3d_url: product.model_3d_path || '',
63:         model_3d_file: null,
64:         model_3d_usdz_url: product.model_3d_usdz_path || '',
                                      ^
65:         model_3d_usdz_file: null,
66:     });
10:01:54 AM [vite-plugin-svelte] resources/js/pages/Admin/Products/Edit.svelte:81:8 This reference only captures the initial value of `product`. Did you mean to reference it inside a derived instead?
https://svelte.dev/e/state_referenced_locally
79: 
80:     let uploadedPhotos = $state(
81:         product.images
                   ^
82:             ? product.images.map((img) => formatImagePath(img.path))
83:             : [],
10:01:54 AM [vite-plugin-svelte] resources/js/pages/Admin/Products/Edit.svelte:82:14 This reference only captures the initial value of `product`. Did you mean to reference it inside a derived instead?
https://svelte.dev/e/state_referenced_locally
80:     let uploadedPhotos = $state(
81:         product.images
82:             ? product.images.map((img) => formatImagePath(img.path))
                         ^
83:             : [],
84:     );
10:01:54 AM [vite-plugin-svelte] resources/js/pages/Admin/Products/Edit.svelte:86:11 This reference only captures the initial value of `product`. Did you mean to reference it inside a derived instead?
https://svelte.dev/e/state_referenced_locally
84:     );
85:     let enableVariants = $state(
86:         !!(product.variations && product.variations.length > 0),
                      ^
87:     );
88:     let useVariantImages = $state(false);
10:01:54 AM [vite-plugin-svelte] resources/js/pages/Admin/Products/Edit.svelte:86:33 This reference only captures the initial value of `product`. Did you mean to reference it inside a derived instead?
https://svelte.dev/e/state_referenced_locally
84:     );
85:     let enableVariants = $state(
86:         !!(product.variations && product.variations.length > 0),
                                            ^
87:     );
88:     let useVariantImages = $state(false);
10:01:54 AM [vite-plugin-svelte] resources/js/pages/Admin/Products/Edit.svelte:91:30 This reference only captures the initial value of `product`. Did you mean to reference it inside a derived instead?
https://svelte.dev/e/state_referenced_locally
89: 
90:     // Interactive Media Previews & Handlers
91:     let videoPreview = $state(product.video_path ? formatImagePath(product.video_path) : '');
                                         ^
92:     let model3dFileName = $state(product.model_3d_path ? product.model_3d_path.split('/').pop() : '');
93:     let model3dUsdzFileName = $state(product.model_3d_usdz_path ? product.model_3d_usdz_path.split('/').pop() : '');
10:01:54 AM [vite-plugin-svelte] resources/js/pages/Admin/Products/Edit.svelte:91:67 This reference only captures the initial value of `product`. Did you mean to reference it inside a derived instead?
https://svelte.dev/e/state_referenced_locally
89: 
90:     // Interactive Media Previews & Handlers
91:     let videoPreview = $state(product.video_path ? formatImagePath(product.video_path) : '');
                                                                              ^
92:     let model3dFileName = $state(product.model_3d_path ? product.model_3d_path.split('/').pop() : '');
93:     let model3dUsdzFileName = $state(product.model_3d_usdz_path ? product.model_3d_usdz_path.split('/').pop() : '');
10:01:54 AM [vite-plugin-svelte] resources/js/pages/Admin/Products/Edit.svelte:92:33 This reference only captures the initial value of `product`. Did you mean to reference it inside a derived instead?
https://svelte.dev/e/state_referenced_locally
90:     // Interactive Media Previews & Handlers
91:     let videoPreview = $state(product.video_path ? formatImagePath(product.video_path) : '');
92:     let model3dFileName = $state(product.model_3d_path ? product.model_3d_path.split('/').pop() : '');
                                            ^
93:     let model3dUsdzFileName = $state(product.model_3d_usdz_path ? product.model_3d_usdz_path.split('/').pop() : '');
94: 
10:01:54 AM [vite-plugin-svelte] resources/js/pages/Admin/Products/Edit.svelte:92:57 This reference only captures the initial value of `product`. Did you mean to reference it inside a derived instead?
https://svelte.dev/e/state_referenced_locally
90:     // Interactive Media Previews & Handlers
91:     let videoPreview = $state(product.video_path ? formatImagePath(product.video_path) : '');
92:     let model3dFileName = $state(product.model_3d_path ? product.model_3d_path.split('/').pop() : '');
                                                                    ^
93:     let model3dUsdzFileName = $state(product.model_3d_usdz_path ? product.model_3d_usdz_path.split('/').pop() : '');
94: 
10:01:54 AM [vite-plugin-svelte] resources/js/pages/Admin/Products/Edit.svelte:93:37 This reference only captures the initial value of `product`. Did you mean to reference it inside a derived instead?
https://svelte.dev/e/state_referenced_locally
91:     let videoPreview = $state(product.video_path ? formatImagePath(product.video_path) : '');
92:     let model3dFileName = $state(product.model_3d_path ? product.model_3d_path.split('/').pop() : '');
93:     let model3dUsdzFileName = $state(product.model_3d_usdz_path ? product.model_3d_usdz_path.split('/').pop() : '');
                                                ^
94: 
95:     // AI Image-to-3D Generator State
10:01:54 AM [vite-plugin-svelte] resources/js/pages/Admin/Products/Edit.svelte:93:66 This reference only captures the initial value of `product`. Did you mean to reference it inside a derived instead?
https://svelte.dev/e/state_referenced_locally
91:     let videoPreview = $state(product.video_path ? formatImagePath(product.video_path) : '');
92:     let model3dFileName = $state(product.model_3d_path ? product.model_3d_path.split('/').pop() : '');
93:     let model3dUsdzFileName = $state(product.model_3d_usdz_path ? product.model_3d_usdz_path.split('/').pop() : '');
                                                                             ^
94: 
95:     // AI Image-to-3D Generator State
10:01:54 AM [vite-plugin-svelte] resources/js/pages/Admin/Products/Edit.svelte:1955:9 This reference only captures the initial value of `product`. Did you mean to reference it inside a derived instead?
https://svelte.dev/e/state_referenced_locally
1953:     }
1954:     let variations = $state(
1955:         (product.variations || []).map((v, idx) => ({
                      ^
1956:             id: v.id,
1957:             name: v.name,
10:01:54 AM [vite-plugin-svelte] resources/js/pages/Admin/Products/Edit.svelte:1973:8 This reference only captures the initial value of `product`. Did you mean to reference it inside a derived instead?
https://svelte.dev/e/state_referenced_locally
1971:     // Map variants back from server to UI format
1972:     let variants = $state(
1973:         product.variants
                     ^
1974:             ? product.variants.map((v) => {
1975:                   const sortedOptions = v.options
10:01:54 AM [vite-plugin-svelte] resources/js/pages/Admin/Products/Edit.svelte:1974:14 This reference only captures the initial value of `product`. Did you mean to reference it inside a derived instead?
https://svelte.dev/e/state_referenced_locally
1972:     let variants = $state(
1973:         product.variants
1974:             ? product.variants.map((v) => {
                           ^
1975:                   const sortedOptions = v.options
1976:                       ? [...v.options].sort(
10:01:54 AM [vite-plugin-svelte] resources/js/pages/Admin/Products/Edit.svelte:2017:8 This reference only captures the initial value of `product`. Did you mean to reference it inside a derived instead?
https://svelte.dev/e/state_referenced_locally
2015: 
2016:     let globalCustomPrice = $state(
2017:         product.variants
                     ^
2018:             ? product.variants.some((v) => v.product_price !== null)
2019:             : false,
10:01:54 AM [vite-plugin-svelte] resources/js/pages/Admin/Products/Edit.svelte:2018:14 This reference only captures the initial value of `product`. Did you mean to reference it inside a derived instead?
https://svelte.dev/e/state_referenced_locally
2016:     let globalCustomPrice = $state(
2017:         product.variants
2018:             ? product.variants.some((v) => v.product_price !== null)
                           ^
2019:             : false,
2020:     );
10:01:54 AM [vite-plugin-svelte] resources/js/pages/Admin/Products/Edit.svelte:2022:8 This reference only captures the initial value of `product`. Did you mean to reference it inside a derived instead?
https://svelte.dev/e/state_referenced_locally
2020:     );
2021:     let globalCustomStock = $state(
2022:         product.variants
                     ^
2023:             ? product.variants.some((v) => v.product_stock !== null)
2024:             : false,
10:01:54 AM [vite-plugin-svelte] resources/js/pages/Admin/Products/Edit.svelte:2023:14 This reference only captures the initial value of `product`. Did you mean to reference it inside a derived instead?
https://svelte.dev/e/state_referenced_locally
2021:     let globalCustomStock = $state(
2022:         product.variants
2023:             ? product.variants.some((v) => v.product_stock !== null)
                           ^
2024:             : false,
2025:     );
10:01:54 AM [vite-plugin-svelte] resources/js/pages/Admin/Products/Edit.svelte:2027:8 This reference only captures the initial value of `product`. Did you mean to reference it inside a derived instead?
https://svelte.dev/e/state_referenced_locally
2025:     );
2026:     let globalCustomWeight = $state(
2027:         product.variants
                     ^
2028:             ? product.variants.some((v) => v.weight !== null)
2029:             : false,
10:01:54 AM [vite-plugin-svelte] resources/js/pages/Admin/Products/Edit.svelte:2028:14 This reference only captures the initial value of `product`. Did you mean to reference it inside a derived instead?
https://svelte.dev/e/state_referenced_locally
2026:     let globalCustomWeight = $state(
2027:         product.variants
2028:             ? product.variants.some((v) => v.weight !== null)
                           ^
2029:             : false,
2030:     );
10:01:54 AM [vite-plugin-svelte] resources/js/pages/Admin/Products/Edit.svelte:2033:31 This reference only captures the initial value of `product`. Did you mean to reference it inside a derived instead?
https://svelte.dev/e/state_referenced_locally
2031: 
2032:     // Track last product ID for SPA/Inertia hydration sync
2033:     let lastProductId = $state(product.id);
                                            ^
2034: 
2035:     let specifications = $state(
10:01:54 AM [vite-plugin-svelte] resources/js/pages/Admin/Products/Edit.svelte:2036:8 This reference only captures the initial value of `product`. Did you mean to reference it inside a derived instead?
https://svelte.dev/e/state_referenced_locally
2034: 
2035:     let specifications = $state(
2036:         product.specifications
                     ^
2037:             ? Object.entries(product.specifications).map(([label, value]) => ({
2038:                   label,
10:01:54 AM [vite-plugin-svelte] resources/js/pages/Admin/Products/Edit.svelte:2037:29 This reference only captures the initial value of `product`. Did you mean to reference it inside a derived instead?
https://svelte.dev/e/state_referenced_locally
2035:     let specifications = $state(
2036:         product.specifications
2037:             ? Object.entries(product.specifications).map(([label, value]) => ({
                                          ^
2038:                   label,
2039:                   value: String(value),
10:01:54 AM [vite-plugin-svelte] resources/js/pages/Admin/Products/Edit.svelte:4340:44 Buttons and links should either contain text or have an `aria-label`, `aria-labelledby` or `title` attribute
https://svelte.dev/e/a11y_consider_explicit_label
4338:                                                 <p class="text-[9px] text-slate-400 font-semibold mt-0.5">Input Foto AI</p>
4339:                                             </div>
4340:                                             <button type="button" onclick={() => { selectedGenImage = ''; customGenFile = null; }} class="p-1 hover:bg-slate-200 rounded-lg text-slate-400 hover:text-red-500 transition shrink-0">
                                                           ^
4341:                                                 <i class="ti ti-trash text-sm"></i>
4342:                                             </button>
10:01:54 AM [vite-plugin-svelte] resources/js/pages/Admin/Products/Create.svelte:2386:32 Buttons and links should either contain text or have an `aria-label`, `aria-labelledby` or `title` attribute
https://svelte.dev/e/a11y_consider_explicit_label
2384:                                     </div>
2385:                                 {/if}
2386:                                 <button
                                             ^
2387:                                     type="button"
2388:                                     onclick={() => removePhoto(i)}
10:01:54 AM [vite-plugin-svelte] resources/js/pages/Admin/Products/Create.svelte:3014:44 `<video>` elements must have a `<track kind="captions">`
https://svelte.dev/e/a11y_media_has_caption
3012:                                     {#if videoPreview}
3013:                                         <div class="w-full relative rounded-lg overflow-hidden border border-slate-100 bg-black aspect-video max-h-40">
3014:                                             <video src={videoPreview} class="w-full h-full object-contain" controls></video>
                                                                                                                                  ^
3015:                                             <button
3016:                                                 type="button"
10:01:54 AM [vite-plugin-svelte] resources/js/pages/Admin/Products/Create.svelte:3039:36 A form label must be associated with a control
https://svelte.dev/e/a11y_label_has_associated_control
3037:                                 <!-- Video URL -->
3038:                                 <div class="flex flex-col justify-center">
3039:                                     <label class="block text-[10px] font-bold text-slate-400 mb-1.5 uppercase tracking-wider">Atau Masukkan URL / Path Video</label>
                                                                                                                                                                          ^
3040:                                     <Input
3041:                                         id="video_url"
10:01:54 AM [vite-plugin-svelte] resources/js/pages/Admin/Products/Create.svelte:3098:40 A form label must be associated with a control
https://svelte.dev/e/a11y_label_has_associated_control
3096:                                     </div>
3097:                                     <div>
3098:                                         <label class="block text-[10px] font-bold text-slate-400 mb-1.5 uppercase tracking-wider">Atau URL Model GLB</label>
                                                                                                                                                                  ^
3099:                                         <Input
3100:                                             id="model_3d_url"
10:01:54 AM [vite-plugin-svelte] resources/js/pages/Admin/Products/Create.svelte:3142:40 A form label must be associated with a control
https://svelte.dev/e/a11y_label_has_associated_control
3140:                                     </div>
3141:                                     <div>
3142:                                         <label class="block text-[10px] font-bold text-slate-400 mb-1.5 uppercase tracking-wider">Atau URL Model USDZ</label>
                                                                                                                                                                   ^
3143:                                         <Input
3144:                                             id="model_3d_usdz_url"
10:01:54 AM [vite-plugin-svelte] resources/js/pages/Admin/Products/Create.svelte:3227:52 Visible, non-interactive elements with a click event must be accompanied by a keyboard event handler. Consider whether an interactive element such as `<button type="button">` or `<a>` might be more appropriate
https://svelte.dev/e/a11y_click_events_have_key_events
3225:                                             >
3226:                                                 {#if v.use_images}
3227:                                                     <div
                                                              ^
3228:                                                         class="relative w-8 h-8 rounded-lg overflow-hidden bg-slate-100 flex-shrink-0 cursor-pointer group mr-1.5"
3229:                                                         onclick={() =>
10:01:54 AM [vite-plugin-svelte] resources/js/pages/Admin/Products/Create.svelte:3227:52 `<div>` with a click handler must have an ARIA role
https://svelte.dev/e/a11y_no_static_element_interactions
3225:                                             >
3226:                                                 {#if v.use_images}
3227:                                                     <div
                                                              ^
3228:                                                         class="relative w-8 h-8 rounded-lg overflow-hidden bg-slate-100 flex-shrink-0 cursor-pointer group mr-1.5"
3229:                                                         onclick={() =>
10:01:54 AM [vite-plugin-svelte] resources/js/pages/Admin/Products/Create.svelte:3283:48 Buttons and links should either contain text or have an `aria-label`, `aria-labelledby` or `title` attribute
https://svelte.dev/e/a11y_consider_explicit_label
3281:                                                     placeholder="Opsi"
3282:                                                 />
3283:                                                 <button
                                                       ^
3284:                                                     type="button"
3285:                                                     onclick={() =>
10:01:54 AM [vite-plugin-svelte] resources/js/pages/Admin/Products/Create.svelte:3311:44 Buttons and links should either contain text or have an `aria-label`, `aria-labelledby` or `title` attribute
https://svelte.dev/e/a11y_consider_explicit_label
3309:                                                 }}
3310:                                             />
3311:                                             <button
                                                   ^
3312:                                                 type="button"
3313:                                                 onclick={() =>
10:01:54 AM [vite-plugin-svelte] resources/js/pages/Admin/Products/Create.svelte:3913:20 Buttons and links should either contain text or have an `aria-label`, `aria-labelledby` or `title` attribute
https://svelte.dev/e/a11y_consider_explicit_label
3911:                         </div>
3912:                     </div>
3913:                     <button type="button" onclick={closeImageTo3dModal} class="w-8 h-8 rounded-full bg-slate-800 hover:bg-rose-600 hover:text-white flex items-center justify-center text-slate-300 transition cursor-pointer">
                                   ^
3914:                         <i class="ti ti-x text-sm"></i>
3915:                     </button>
10:01:54 AM [vite-plugin-svelte] resources/js/pages/Admin/Products/Create.svelte:3950:48 Buttons and links should either contain text or have an `aria-label`, `aria-labelledby` or `title` attribute
https://svelte.dev/e/a11y_consider_explicit_label
3948:                                                     <p class="text-[9px] text-slate-400 font-semibold mt-0.5">Tampak Depan (Wajib)</p>
3949:                                                 </div>
3950:                                                 <button type="button" onclick={() => { selectedGenImage = ''; customGenFile = null; }} class="p-1 hover:bg-slate-200 rounded-lg text-slate-400 hover:text-red-500 transition shrink-0">
                                                               ^
3951:                                                     <i class="ti ti-trash text-sm"></i>
3952:                                                 </button>
10:01:54 AM [vite-plugin-svelte] resources/js/pages/Admin/Products/Create.svelte:3970:48 Buttons and links should either contain text or have an `aria-label`, `aria-labelledby` or `title` attribute
https://svelte.dev/e/a11y_consider_explicit_label
3968:                                                     <p class="text-[9px] text-slate-400 font-semibold mt-0.5">Tampak Belakang (Opsional)</p>
3969:                                                 </div>
3970:                                                 <button type="button" onclick={() => { selectedGenImageBack = ''; customGenFileBack = null; }} class="p-1 hover:bg-slate-200 rounded-lg text-slate-400 hover:text-red-500 transition shrink-0">
                                                               ^
3971:                                                     <i class="ti ti-trash text-sm"></i>
3972:                                                 </button>
10:01:54 AM [vite-plugin-svelte] resources/js/pages/Admin/Products/Create.svelte:3997:48 Buttons and links should either contain text or have an `aria-label`, `aria-labelledby` or `title` attribute
https://svelte.dev/e/a11y_consider_explicit_label
3995:                                                     <p class="text-[9px] text-slate-400 font-semibold mt-0.5">Mockup 3D (.GLB)</p>
3996:                                                 </div>
3997:                                                 <button type="button" onclick={() => { customMockupFile = null; customMockupUrl = ''; }} class="p-1 hover:bg-slate-200 rounded-lg text-slate-400 hover:text-red-500 transition shrink-0">
                                                               ^
3998:                                                     <i class="ti ti-trash text-sm"></i>
3999:                                                 </button>
10:01:54 AM [vite-plugin-svelte] resources/js/pages/Admin/Products/Create.svelte:4017:48 Buttons and links should either contain text or have an `aria-label`, `aria-labelledby` or `title` attribute
https://svelte.dev/e/a11y_consider_explicit_label
4015:                                                     <p class="text-[9px] text-slate-400 font-semibold mt-0.5">Gambar Logo / Sablon</p>
4016:                                                 </div>
4017:                                                 <button type="button" onclick={() => { selectedGenImage = ''; customGenFile = null; }} class="p-1 hover:bg-slate-200 rounded-lg text-slate-400 hover:text-red-500 transition shrink-0">
                                                               ^
4018:                                                     <i class="ti ti-trash text-sm"></i>
4019:                                                 </button>
10:01:54 AM [vite-plugin-svelte] resources/js/pages/Admin/Products/Create.svelte:4056:44 Buttons and links should either contain text or have an `aria-label`, `aria-labelledby` or `title` attribute
https://svelte.dev/e/a11y_consider_explicit_label
4054:                                                 <p class="text-[9px] text-slate-400 font-semibold mt-0.5">Input Foto AI</p>
4055:                                             </div>
4056:                                             <button type="button" onclick={() => { selectedGenImage = ''; customGenFile = null; }} class="p-1 hover:bg-slate-200 rounded-lg text-slate-400 hover:text-red-500 transition shrink-0">
                                                           ^
4057:                                                 <i class="ti ti-trash text-sm"></i>
4058:                                             </button>
10:01:54 AM [vite-plugin-svelte] resources/js/pages/Admin/Products/Create.svelte:4129:44 A form label must be associated with a control
https://svelte.dev/e/a11y_label_has_associated_control
4127:                                         <!-- Model Type & presets selector -->
4128:                                         <div class="space-y-1">
4129:                                             <label class="text-[10px] font-bold text-slate-500 uppercase tracking-wider block">Tipe Mockup Objek</label>
                                                                                                                                                              ^
4130:                                             <select bind:value={modelType} onchange={updateThreeMesh} class="w-full text-xs border border-slate-200 rounded-xl p-2 bg-white font-bold text-slate-700 focus:outline-none focus:border-brand-blueRoyal cursor-pointer">
4131:                                                 <option value="plane">Siluet Gambar Asli (3D Card Solid)</option>
10:01:54 AM [vite-plugin-svelte] resources/js/pages/Storefront/Addresses.svelte:751:24 Visible, non-interactive elements with a click event must be accompanied by a keyboard event handler. Consider whether an interactive element such as `<button type="button">` or `<a>` might be more appropriate
https://svelte.dev/e/a11y_click_events_have_key_events
749:                 {:else}
750:                     {#each filteredAddresses as addr (addr.id)}
751:                         <div
                                 ^
752:                             onclick={() => selectAndSetPrimary(addr.id)}
753:                             class="relative p-4 border rounded-2xl transition cursor-pointer flex flex-col gap-2.5 {selectedAddressId ===
10:01:54 AM [vite-plugin-svelte] resources/js/pages/Storefront/Addresses.svelte:751:24 `<div>` with a click handler must have an ARIA role
https://svelte.dev/e/a11y_no_static_element_interactions
749:                 {:else}
750:                     {#each filteredAddresses as addr (addr.id)}
751:                         <div
                                 ^
752:                             onclick={() => selectAndSetPrimary(addr.id)}
753:                             class="relative p-4 border rounded-2xl transition cursor-pointer flex flex-col gap-2.5 {selectedAddressId ===
10:01:54 AM [vite-plugin-svelte] resources/js/pages/Storefront/Addresses.svelte:899:24 Buttons and links should either contain text or have an `aria-label`, `aria-labelledby` or `title` attribute
https://svelte.dev/e/a11y_consider_explicit_label
897:                     />
898:                     {#if searchInput}
899:                         <button
                                    ^
900:                             onclick={() => {
901:                                 searchInput = '';
10:01:54 AM [vite-plugin-svelte] resources/js/pages/Storefront/Addresses.svelte:1504:24 Visible, non-interactive elements with a click event must be accompanied by a keyboard event handler. Consider whether an interactive element such as `<button type="button">` or `<a>` might be more appropriate
https://svelte.dev/e/a11y_click_events_have_key_events
1502:                 {:else}
1503:                     {#each filteredAddresses as addr (addr.id)}
1504:                         <div
                                  ^
1505:                             onclick={() => selectAndSetPrimary(addr.id)}
1506:                             class="relative p-4 border rounded-2xl transition cursor-pointer flex flex-col gap-2.5 {selectedAddressId === addr.id ? 'bg-emerald-50/20' : 'hover:bg-slate-50/50 bg-white shadow-sm'}"
10:01:54 AM [vite-plugin-svelte] resources/js/pages/Storefront/Addresses.svelte:1504:24 `<div>` with a click handler must have an ARIA role
https://svelte.dev/e/a11y_no_static_element_interactions
1502:                 {:else}
1503:                     {#each filteredAddresses as addr (addr.id)}
1504:                         <div
                                  ^
1505:                             onclick={() => selectAndSetPrimary(addr.id)}
1506:                             class="relative p-4 border rounded-2xl transition cursor-pointer flex flex-col gap-2.5 {selectedAddressId === addr.id ? 'bg-emerald-50/20' : 'hover:bg-slate-50/50 bg-white shadow-sm'}"
10:01:54 AM [vite-plugin-svelte] resources/js/pages/Storefront/Addresses.svelte:1603:32 Buttons and links should either contain text or have an `aria-label`, `aria-labelledby` or `title` attribute
https://svelte.dev/e/a11y_consider_explicit_label
1601:                                 class="w-full pl-10 pr-10 py-3 text-sm bg-slate-50 border border-slate-200 rounded-2xl focus:outline-none focus:bg-white focus:ring-1 focus:ring-slate-300 transition" />
1602:                             {#if searchInput}
1603:                                 <button onclick={() => { searchInput = ''; searchResults = []; }} class="absolute right-3.5 top-1/2 -translate-y-1/2 text-slate-400 hover:text-slate-600">
                                               ^
1604:                                     <i class="ti ti-x text-base"></i>
1605:                                 </button>
10:01:54 AM [vite-plugin-svelte] resources/js/pages/Storefront/Addresses.svelte:66:8 `mapContainer` is updated, but is not declared with `$state(...)`. Changing its value will not correctly trigger updates
https://svelte.dev/e/non_reactive_update
64:     let map: any;
65:     let marker: any;
66:     let mapContainer: HTMLDivElement;
                                        ^
67:     let desktopMapContainer: HTMLDivElement;
68: 
10:01:54 AM [vite-plugin-svelte] resources/js/pages/Storefront/Addresses.svelte:67:8 `desktopMapContainer` is updated, but is not declared with `$state(...)`. Changing its value will not correctly trigger updates
https://svelte.dev/e/non_reactive_update
65:     let marker: any;
66:     let mapContainer: HTMLDivElement;
67:     let desktopMapContainer: HTMLDivElement;
                                               ^
68: 
69:     // Local address list filtering
10:01:54 AM [vite-plugin-svelte] resources/js/pages/Admin/StockMovements/Index.svelte:9:29 This reference only captures the initial value of `filters`. Did you mean to reference it inside a derived instead?
https://svelte.dev/e/state_referenced_locally
 7:     const primary = $derived((page.props as any).theme?.primary_color ?? '#0c4cb4');
 8: 
 9:     let filterType = $state((filters as any).type ?? '');
                                        ^
10:     let filterDateFrom = $state((filters as any).date_from ?? '');
11:     let filterDateTo = $state((filters as any).date_to ?? '');
10:01:54 AM [vite-plugin-svelte] resources/js/pages/Admin/StockMovements/Index.svelte:10:33 This reference only captures the initial value of `filters`. Did you mean to reference it inside a derived instead?
https://svelte.dev/e/state_referenced_locally
 8: 
 9:     let filterType = $state((filters as any).type ?? '');
10:     let filterDateFrom = $state((filters as any).date_from ?? '');
                                            ^
11:     let filterDateTo = $state((filters as any).date_to ?? '');
12: 
10:01:54 AM [vite-plugin-svelte] resources/js/pages/Admin/StockMovements/Index.svelte:11:31 This reference only captures the initial value of `filters`. Did you mean to reference it inside a derived instead?
https://svelte.dev/e/state_referenced_locally
 9:     let filterType = $state((filters as any).type ?? '');
10:     let filterDateFrom = $state((filters as any).date_from ?? '');
11:     let filterDateTo = $state((filters as any).date_to ?? '');
                                          ^
12: 
13:     function applyFilters() {
10:01:54 AM [vite-plugin-svelte] resources/js/pages/Admin/StockMovements/Index.svelte:69:24 A form label must be associated with a control
https://svelte.dev/e/a11y_label_has_associated_control
67:                 <div class="grid grid-cols-1 sm:grid-cols-3 gap-4">
68:                     <div>
69:                         <label class="block text-xs font-bold text-slate-500 uppercase tracking-widest mb-1.5 font-outfit">Tipe Pergerakan</label>
                                                                                                                                                      ^
70:                         <select
71:                             bind:value={filterType}
10:01:54 AM [vite-plugin-svelte] resources/js/pages/Admin/StockMovements/Index.svelte:81:24 A form label must be associated with a control
https://svelte.dev/e/a11y_label_has_associated_control
79:                     </div>
80:                     <div>
81:                         <label class="block text-xs font-bold text-slate-500 uppercase tracking-widest mb-1.5 font-outfit">Dari Tanggal</label>
                                                                                                                                                   ^
82:                         <input
83:                             type="date"
10:01:54 AM [vite-plugin-svelte] resources/js/pages/Admin/StockMovements/Index.svelte:89:24 A form label must be associated with a control
https://svelte.dev/e/a11y_label_has_associated_control
87:                     </div>
88:                     <div>
89:                         <label class="block text-xs font-bold text-slate-500 uppercase tracking-widest mb-1.5 font-outfit">Sampai Tanggal</label>
                                                                                                                                                     ^
90:                         <input
91:                             type="date"
10:01:54 AM [vite-plugin-svelte] resources/js/pages/Admin/StockMovements/Index.svelte:204:36 Buttons and links should either contain text or have an `aria-label`, `aria-labelledby` or `title` attribute
https://svelte.dev/e/a11y_consider_explicit_label
202:                             <div class="flex gap-1">
203:                                 {#if movements.prev_page_url}
204:                                     <a href={movements.prev_page_url} class="w-8 h-8 rounded-lg border border-slate-200 text-slate-500 hover:bg-brand-blueLight hover:text-brand-blueRoyal flex items-center justify-center transition">
                                             ^
205:                                         <i class="ti ti-chevron-left"></i>
206:                                     </a>
10:01:54 AM [vite-plugin-svelte] resources/js/pages/Admin/StockMovements/Index.svelte:209:36 Buttons and links should either contain text or have an `aria-label`, `aria-labelledby` or `title` attribute
https://svelte.dev/e/a11y_consider_explicit_label
207:                                 {/if}
208:                                 {#if movements.next_page_url}
209:                                     <a href={movements.next_page_url} class="w-8 h-8 rounded-lg border border-slate-200 text-slate-500 hover:bg-brand-blueLight hover:text-brand-blueRoyal flex items-center justify-center transition">
                                             ^
210:                                         <i class="ti ti-chevron-right"></i>
211:                                     </a>
10:01:54 AM [vite-plugin-svelte] resources/js/pages/Admin/Store/Shipping.svelte:71:29 This reference only captures the initial value of `filters`. Did you mean to reference it inside a derived instead?
https://svelte.dev/e/state_referenced_locally
69:     }
70: 
71:     let searchQuery = $state(filters.search || '');
                                        ^
72:     let searchTimeout;
73: 
10:01:54 AM [vite-plugin-svelte] resources/js/pages/Admin/Products/Index.svelte:20:29 This reference only captures the initial value of `filters`. Did you mean to reference it inside a derived instead?
https://svelte.dev/e/state_referenced_locally
18:     } = $props();
19: 
20:     let searchInput = $state(filters.search || '');
                                        ^
21:     let filterCategories = $state(filters.category || []);
22:     let filterBrands = $state(filters.brand || []);
10:01:54 AM [vite-plugin-svelte] resources/js/pages/Admin/Products/Index.svelte:21:34 This reference only captures the initial value of `filters`. Did you mean to reference it inside a derived instead?
https://svelte.dev/e/state_referenced_locally
19: 
20:     let searchInput = $state(filters.search || '');
21:     let filterCategories = $state(filters.category || []);
                                             ^
22:     let filterBrands = $state(filters.brand || []);
23:     let filterStatus = $state(filters.status || 'all');
10:01:54 AM [vite-plugin-svelte] resources/js/pages/Admin/Products/Index.svelte:22:30 This reference only captures the initial value of `filters`. Did you mean to reference it inside a derived instead?
https://svelte.dev/e/state_referenced_locally
20:     let searchInput = $state(filters.search || '');
21:     let filterCategories = $state(filters.category || []);
22:     let filterBrands = $state(filters.brand || []);
                                         ^
23:     let filterStatus = $state(filters.status || 'all');
24: 
10:01:54 AM [vite-plugin-svelte] resources/js/pages/Admin/Products/Index.svelte:23:30 This reference only captures the initial value of `filters`. Did you mean to reference it inside a derived instead?
https://svelte.dev/e/state_referenced_locally
21:     let filterCategories = $state(filters.category || []);
22:     let filterBrands = $state(filters.brand || []);
23:     let filterStatus = $state(filters.status || 'all');
                                         ^
24: 
25:     let currentViewMode = $state('list'); // 'list' or 'grid'
10:01:54 AM [vite-plugin-svelte] resources/js/pages/Admin/Transactions/Index.svelte:28:39 This reference only captures the initial value of `filters`. Did you mean to reference it inside a closure instead?
https://svelte.dev/e/state_referenced_locally
26:         };
27:     }
28:     const initState = initFiltersState(filters);
                                                  ^
29: 
30:     let filterStatus = $state(initState.status);
10:01:54 AM [vite-plugin-svelte] resources/js/pages/Admin/Reports/Products.svelte:19:26 This reference only captures the initial value of `filters`. Did you mean to reference it inside a derived instead?
https://svelte.dev/e/state_referenced_locally
17:     } = $props();
18: 
19:     let dateFrom = $state(filters.date_from);
                                     ^
20:     let dateTo = $state(filters.date_to);
21:     let searchQuery = $state(filters.search || '');
10:01:54 AM [vite-plugin-svelte] resources/js/pages/Admin/Reports/Products.svelte:20:24 This reference only captures the initial value of `filters`. Did you mean to reference it inside a derived instead?
https://svelte.dev/e/state_referenced_locally
18: 
19:     let dateFrom = $state(filters.date_from);
20:     let dateTo = $state(filters.date_to);
                                   ^
21:     let searchQuery = $state(filters.search || '');
22:     let selectedCategory = $state(filters.category_id || '');
10:01:54 AM [vite-plugin-svelte] resources/js/pages/Admin/Reports/Products.svelte:21:29 This reference only captures the initial value of `filters`. Did you mean to reference it inside a derived instead?
https://svelte.dev/e/state_referenced_locally
19:     let dateFrom = $state(filters.date_from);
20:     let dateTo = $state(filters.date_to);
21:     let searchQuery = $state(filters.search || '');
                                        ^
22:     let selectedCategory = $state(filters.category_id || '');
23: 
10:01:54 AM [vite-plugin-svelte] resources/js/pages/Admin/Reports/Products.svelte:22:34 This reference only captures the initial value of `filters`. Did you mean to reference it inside a derived instead?
https://svelte.dev/e/state_referenced_locally
20:     let dateTo = $state(filters.date_to);
21:     let searchQuery = $state(filters.search || '');
22:     let selectedCategory = $state(filters.category_id || '');
                                             ^
23: 
24:     let productCanvas: HTMLCanvasElement;
10:01:54 AM [vite-plugin-svelte] resources/js/pages/Admin/Reports/Products.svelte:24:8 `productCanvas` is updated, but is not declared with `$state(...)`. Changing its value will not correctly trigger updates
https://svelte.dev/e/non_reactive_update
22:     let selectedCategory = $state(filters.category_id || '');
23: 
24:     let productCanvas: HTMLCanvasElement;
                                            ^
25:     let categoryCanvas: HTMLCanvasElement;
26: 
10:01:54 AM [vite-plugin-svelte] resources/js/pages/Admin/Reports/Products.svelte:25:8 `categoryCanvas` is updated, but is not declared with `$state(...)`. Changing its value will not correctly trigger updates
https://svelte.dev/e/non_reactive_update
23: 
24:     let productCanvas: HTMLCanvasElement;
25:     let categoryCanvas: HTMLCanvasElement;
                                             ^
26: 
27:     let productChart: Chart;
10:01:55 AM [vite-plugin-svelte] resources/js/pages/Admin/Settings/Index.svelte:24:20 This reference only captures the initial value of `settings`. Did you mean to reference it inside a closure instead?
https://svelte.dev/e/state_referenced_locally
22:     const form = useForm({
23:         store_logo: null,
24:         store_name: settings.store_name || '',
                                ^
25:         store_email: settings.store_email || '',
26:         store_phone: settings.store_phone || '',
10:01:55 AM [vite-plugin-svelte] resources/js/pages/Admin/Settings/Index.svelte:25:21 This reference only captures the initial value of `settings`. Did you mean to reference it inside a closure instead?
https://svelte.dev/e/state_referenced_locally
23:         store_logo: null,
24:         store_name: settings.store_name || '',
25:         store_email: settings.store_email || '',
                                 ^
26:         store_phone: settings.store_phone || '',
27:         store_whatsapp: settings.store_whatsapp || '',
10:01:55 AM [vite-plugin-svelte] resources/js/pages/Admin/Settings/Index.svelte:26:21 This reference only captures the initial value of `settings`. Did you mean to reference it inside a closure instead?
https://svelte.dev/e/state_referenced_locally
24:         store_name: settings.store_name || '',
25:         store_email: settings.store_email || '',
26:         store_phone: settings.store_phone || '',
                                 ^
27:         store_whatsapp: settings.store_whatsapp || '',
28:         store_instagram: settings.store_instagram || '',
10:01:55 AM [vite-plugin-svelte] resources/js/pages/Admin/Settings/Index.svelte:27:24 This reference only captures the initial value of `settings`. Did you mean to reference it inside a closure instead?
https://svelte.dev/e/state_referenced_locally
25:         store_email: settings.store_email || '',
26:         store_phone: settings.store_phone || '',
27:         store_whatsapp: settings.store_whatsapp || '',
                                    ^
28:         store_instagram: settings.store_instagram || '',
29:         store_tiktok: settings.store_tiktok || '',
10:01:55 AM [vite-plugin-svelte] resources/js/pages/Admin/Settings/Index.svelte:28:25 This reference only captures the initial value of `settings`. Did you mean to reference it inside a closure instead?
https://svelte.dev/e/state_referenced_locally
26:         store_phone: settings.store_phone || '',
27:         store_whatsapp: settings.store_whatsapp || '',
28:         store_instagram: settings.store_instagram || '',
                                     ^
29:         store_tiktok: settings.store_tiktok || '',
30:         store_description: settings.store_description || '',
10:01:55 AM [vite-plugin-svelte] resources/js/pages/Admin/Settings/Index.svelte:29:22 This reference only captures the initial value of `settings`. Did you mean to reference it inside a closure instead?
https://svelte.dev/e/state_referenced_locally
27:         store_whatsapp: settings.store_whatsapp || '',
28:         store_instagram: settings.store_instagram || '',
29:         store_tiktok: settings.store_tiktok || '',
                                  ^
30:         store_description: settings.store_description || '',
31: 
10:01:55 AM [vite-plugin-svelte] resources/js/pages/Admin/Settings/Index.svelte:30:27 This reference only captures the initial value of `settings`. Did you mean to reference it inside a closure instead?
https://svelte.dev/e/state_referenced_locally
28:         store_instagram: settings.store_instagram || '',
29:         store_tiktok: settings.store_tiktok || '',
30:         store_description: settings.store_description || '',
                                       ^
31: 
32:         primary_color: settings.primary_color || '#0c4cb4',
10:01:55 AM [vite-plugin-svelte] resources/js/pages/Admin/Settings/Index.svelte:32:23 This reference only captures the initial value of `settings`. Did you mean to reference it inside a closure instead?
https://svelte.dev/e/state_referenced_locally
30:         store_description: settings.store_description || '',
31: 
32:         primary_color: settings.primary_color || '#0c4cb4',
                                   ^
33:         secondary_color: settings.secondary_color || '#fa7315',
34: 
10:01:55 AM [vite-plugin-svelte] resources/js/pages/Admin/Settings/Index.svelte:33:25 This reference only captures the initial value of `settings`. Did you mean to reference it inside a closure instead?
https://svelte.dev/e/state_referenced_locally
31: 
32:         primary_color: settings.primary_color || '#0c4cb4',
33:         secondary_color: settings.secondary_color || '#fa7315',
                                     ^
34: 
35:         tax_enabled:
10:01:55 AM [vite-plugin-svelte] resources/js/pages/Admin/Settings/Index.svelte:36:12 This reference only captures the initial value of `settings`. Did you mean to reference it inside a closure instead?
https://svelte.dev/e/state_referenced_locally
34: 
35:         tax_enabled:
36:             settings.tax_enabled === 'true' ||
                        ^
37:             settings.tax_enabled === true ||
38:             settings.tax_enabled === '1',
10:01:55 AM [vite-plugin-svelte] resources/js/pages/Admin/Settings/Index.svelte:37:12 This reference only captures the initial value of `settings`. Did you mean to reference it inside a closure instead?
https://svelte.dev/e/state_referenced_locally
35:         tax_enabled:
36:             settings.tax_enabled === 'true' ||
37:             settings.tax_enabled === true ||
                        ^
38:             settings.tax_enabled === '1',
39:         tax_percentage: settings.tax_percentage || 0,
10:01:55 AM [vite-plugin-svelte] resources/js/pages/Admin/Settings/Index.svelte:38:12 This reference only captures the initial value of `settings`. Did you mean to reference it inside a closure instead?
https://svelte.dev/e/state_referenced_locally
36:             settings.tax_enabled === 'true' ||
37:             settings.tax_enabled === true ||
38:             settings.tax_enabled === '1',
                        ^
39:         tax_percentage: settings.tax_percentage || 0,
40: 
10:01:55 AM [vite-plugin-svelte] resources/js/pages/Admin/Settings/Index.svelte:39:24 This reference only captures the initial value of `settings`. Did you mean to reference it inside a closure instead?
https://svelte.dev/e/state_referenced_locally
37:             settings.tax_enabled === true ||
38:             settings.tax_enabled === '1',
39:         tax_percentage: settings.tax_percentage || 0,
                                    ^
40: 
41:         province_id: settings.province_id || '',
10:01:55 AM [vite-plugin-svelte] resources/js/pages/Admin/Settings/Index.svelte:41:21 This reference only captures the initial value of `settings`. Did you mean to reference it inside a closure instead?
https://svelte.dev/e/state_referenced_locally
39:         tax_percentage: settings.tax_percentage || 0,
40: 
41:         province_id: settings.province_id || '',
                                 ^
42:         province_name: settings.province_name || '',
43:         regency_id: settings.regency_id || '',
10:01:55 AM [vite-plugin-svelte] resources/js/pages/Admin/Settings/Index.svelte:42:23 This reference only captures the initial value of `settings`. Did you mean to reference it inside a closure instead?
https://svelte.dev/e/state_referenced_locally
40: 
41:         province_id: settings.province_id || '',
42:         province_name: settings.province_name || '',
                                   ^
43:         regency_id: settings.regency_id || '',
44:         regency_name: settings.regency_name || '',
10:01:55 AM [vite-plugin-svelte] resources/js/pages/Admin/Settings/Index.svelte:43:20 This reference only captures the initial value of `settings`. Did you mean to reference it inside a closure instead?
https://svelte.dev/e/state_referenced_locally
41:         province_id: settings.province_id || '',
42:         province_name: settings.province_name || '',
43:         regency_id: settings.regency_id || '',
                                ^
44:         regency_name: settings.regency_name || '',
45:         district_id: settings.district_id || '',
10:01:55 AM [vite-plugin-svelte] resources/js/pages/Admin/Settings/Index.svelte:44:22 This reference only captures the initial value of `settings`. Did you mean to reference it inside a closure instead?
https://svelte.dev/e/state_referenced_locally
42:         province_name: settings.province_name || '',
43:         regency_id: settings.regency_id || '',
44:         regency_name: settings.regency_name || '',
                                  ^
45:         district_id: settings.district_id || '',
46:         district_name: settings.district_name || '',
10:01:55 AM [vite-plugin-svelte] resources/js/pages/Admin/Settings/Index.svelte:45:21 This reference only captures the initial value of `settings`. Did you mean to reference it inside a closure instead?
https://svelte.dev/e/state_referenced_locally
43:         regency_id: settings.regency_id || '',
44:         regency_name: settings.regency_name || '',
45:         district_id: settings.district_id || '',
                                 ^
46:         district_name: settings.district_name || '',
47:         village_id: settings.village_id || '',
10:01:55 AM [vite-plugin-svelte] resources/js/pages/Admin/Settings/Index.svelte:46:23 This reference only captures the initial value of `settings`. Did you mean to reference it inside a closure instead?
https://svelte.dev/e/state_referenced_locally
44:         regency_name: settings.regency_name || '',
45:         district_id: settings.district_id || '',
46:         district_name: settings.district_name || '',
                                   ^
47:         village_id: settings.village_id || '',
48:         village_name: settings.village_name || '',
10:01:55 AM [vite-plugin-svelte] resources/js/pages/Admin/Settings/Index.svelte:47:20 This reference only captures the initial value of `settings`. Did you mean to reference it inside a closure instead?
https://svelte.dev/e/state_referenced_locally
45:         district_id: settings.district_id || '',
46:         district_name: settings.district_name || '',
47:         village_id: settings.village_id || '',
                                ^
48:         village_name: settings.village_name || '',
49:         postal_code: settings.postal_code || '',
10:01:55 AM [vite-plugin-svelte] resources/js/pages/Admin/Settings/Index.svelte:48:22 This reference only captures the initial value of `settings`. Did you mean to reference it inside a closure instead?
https://svelte.dev/e/state_referenced_locally
46:         district_name: settings.district_name || '',
47:         village_id: settings.village_id || '',
48:         village_name: settings.village_name || '',
                                  ^
49:         postal_code: settings.postal_code || '',
50:         address: settings.address || '',
10:01:55 AM [vite-plugin-svelte] resources/js/pages/Admin/Settings/Index.svelte:49:21 This reference only captures the initial value of `settings`. Did you mean to reference it inside a closure instead?
https://svelte.dev/e/state_referenced_locally
47:         village_id: settings.village_id || '',
48:         village_name: settings.village_name || '',
49:         postal_code: settings.postal_code || '',
                                 ^
50:         address: settings.address || '',
51:         latitude: settings.latitude || '-6.2088',
10:01:55 AM [vite-plugin-svelte] resources/js/pages/Admin/Settings/Index.svelte:50:17 This reference only captures the initial value of `settings`. Did you mean to reference it inside a closure instead?
https://svelte.dev/e/state_referenced_locally
48:         village_name: settings.village_name || '',
49:         postal_code: settings.postal_code || '',
50:         address: settings.address || '',
                             ^
51:         latitude: settings.latitude || '-6.2088',
52:         longitude: settings.longitude || '106.8456',
10:01:55 AM [vite-plugin-svelte] resources/js/pages/Admin/Settings/Index.svelte:51:18 This reference only captures the initial value of `settings`. Did you mean to reference it inside a closure instead?
https://svelte.dev/e/state_referenced_locally
49:         postal_code: settings.postal_code || '',
50:         address: settings.address || '',
51:         latitude: settings.latitude || '-6.2088',
                              ^
52:         longitude: settings.longitude || '106.8456',
53: 
10:01:55 AM [vite-plugin-svelte] resources/js/pages/Admin/Settings/Index.svelte:52:19 This reference only captures the initial value of `settings`. Did you mean to reference it inside a closure instead?
https://svelte.dev/e/state_referenced_locally
50:         address: settings.address || '',
51:         latitude: settings.latitude || '-6.2088',
52:         longitude: settings.longitude || '106.8456',
                               ^
53: 
54:         bank_name: settings.bank_name || '',
10:01:55 AM [vite-plugin-svelte] resources/js/pages/Admin/Settings/Index.svelte:54:19 This reference only captures the initial value of `settings`. Did you mean to reference it inside a closure instead?
https://svelte.dev/e/state_referenced_locally
52:         longitude: settings.longitude || '106.8456',
53: 
54:         bank_name: settings.bank_name || '',
                               ^
55:         bank_account: settings.bank_account || '',
56:         bank_holder: settings.bank_holder || '',
10:01:55 AM [vite-plugin-svelte] resources/js/pages/Admin/Settings/Index.svelte:55:22 This reference only captures the initial value of `settings`. Did you mean to reference it inside a closure instead?
https://svelte.dev/e/state_referenced_locally
53: 
54:         bank_name: settings.bank_name || '',
55:         bank_account: settings.bank_account || '',
                                  ^
56:         bank_holder: settings.bank_holder || '',
57:         shipping_rate: settings.shipping_rate || '',
10:01:55 AM [vite-plugin-svelte] resources/js/pages/Admin/Settings/Index.svelte:56:21 This reference only captures the initial value of `settings`. Did you mean to reference it inside a closure instead?
https://svelte.dev/e/state_referenced_locally
54:         bank_name: settings.bank_name || '',
55:         bank_account: settings.bank_account || '',
56:         bank_holder: settings.bank_holder || '',
                                 ^
57:         shipping_rate: settings.shipping_rate || '',
58:         bank_name: settings.bank_name || '',
10:01:55 AM [vite-plugin-svelte] resources/js/pages/Admin/Settings/Index.svelte:57:23 This reference only captures the initial value of `settings`. Did you mean to reference it inside a closure instead?
https://svelte.dev/e/state_referenced_locally
55:         bank_account: settings.bank_account || '',
56:         bank_holder: settings.bank_holder || '',
57:         shipping_rate: settings.shipping_rate || '',
                                   ^
58:         bank_name: settings.bank_name || '',
59:         bank_account: settings.bank_account || '',
10:01:55 AM [vite-plugin-svelte] resources/js/pages/Admin/Settings/Index.svelte:58:19 This reference only captures the initial value of `settings`. Did you mean to reference it inside a closure instead?
https://svelte.dev/e/state_referenced_locally
56:         bank_holder: settings.bank_holder || '',
57:         shipping_rate: settings.shipping_rate || '',
58:         bank_name: settings.bank_name || '',
                               ^
59:         bank_account: settings.bank_account || '',
60:         bank_holder: settings.bank_holder || '',
10:01:55 AM [vite-plugin-svelte] resources/js/pages/Admin/Settings/Index.svelte:59:22 This reference only captures the initial value of `settings`. Did you mean to reference it inside a closure instead?
https://svelte.dev/e/state_referenced_locally
57:         shipping_rate: settings.shipping_rate || '',
58:         bank_name: settings.bank_name || '',
59:         bank_account: settings.bank_account || '',
                                  ^
60:         bank_holder: settings.bank_holder || '',
61:         shipping_rate: settings.shipping_rate || '',
10:01:55 AM [vite-plugin-svelte] resources/js/pages/Admin/Settings/Index.svelte:60:21 This reference only captures the initial value of `settings`. Did you mean to reference it inside a closure instead?
https://svelte.dev/e/state_referenced_locally
58:         bank_name: settings.bank_name || '',
59:         bank_account: settings.bank_account || '',
60:         bank_holder: settings.bank_holder || '',
                                 ^
61:         shipping_rate: settings.shipping_rate || '',
62: 
10:01:55 AM [vite-plugin-svelte] resources/js/pages/Admin/Settings/Index.svelte:61:23 This reference only captures the initial value of `settings`. Did you mean to reference it inside a closure instead?
https://svelte.dev/e/state_referenced_locally
59:         bank_account: settings.bank_account || '',
60:         bank_holder: settings.bank_holder || '',
61:         shipping_rate: settings.shipping_rate || '',
                                   ^
62: 
63:         rajaongkir_url:
10:01:55 AM [vite-plugin-svelte] resources/js/pages/Admin/Settings/Index.svelte:64:12 This reference only captures the initial value of `settings`. Did you mean to reference it inside a closure instead?
https://svelte.dev/e/state_referenced_locally
62: 
63:         rajaongkir_url:
64:             settings.rajaongkir_url || 'https://rajaongkir.komerce.id/api/v1/',
            rajaongkir_shipping_cost
65:         rajaongkir_kerajaongkir_shipping_cost
66:             settings.rajaongkir_shipping_cost_key || '390d25e9d86ded71cb771c363778cccf',
10:01:55 AM [vite-plugin-svelte] resources/js/pages/Admin/Settings/Index.svelte:66:12 This reference only captures the initial value of `settings`. Did you mean to reference it inside a closure instead?
https://svelte.dev/e/state_referenced_locally
64:         rajaongkir_shipping_costajaongkir_url || 'https://rajaongkir.komerce.id/api/v1/',
65:         rajaongkir_kerajaongkir_shipping_cost
66:             settings.rajaongkir_shipping_cost_key || '390d25e9d86ded71cb771c363778cccf',
                        ^
67:         storefront_cart_button_style:
68:             settings.storefront_cart_button_style || 'button',
10:01:55 AM [vite-plugin-svelte] resources/js/pages/Admin/Settings/Index.svelte:68:12 This reference only captures the initial value of `settings`. Did you mean to reference it inside a closure instead?
https://svelte.dev/e/statrajaongkir_shipping_costocally
66:             settings.rajaongkir_shipping_cost_key || '390d25e9d86ded71cb771c363778cccf',
67:         storefront_cart_button_style:
68:             settings.storefront_cart_button_style || 'button',
                        ^
69:         enable_cod:
70:             settings.enable_cod === 'true' ||
10:01:55 AM [vite-plugin-svelte] resources/js/pages/Admin/Settings/Index.svelte:70:12 This reference only captures the initial value of `settings`. Did you mean to reference it inside a closure instead?
https://svelte.dev/e/state_referenced_locally
68:             settings.storefront_cart_button_style || 'button',
69:         enable_cod:
70:             settings.enable_cod === 'true' ||
                        ^
71:             settings.enable_cod === true ||
72:             settings.enable_cod === '1',
10:01:55 AM [vite-plugin-svelte] resources/js/pages/Admin/Settings/Index.svelte:71:12 This reference only captures the initial value of `settings`. Did you mean to reference it inside a closure instead?
https://svelte.dev/e/state_referenced_locally
69:         enable_cod:
70:             settings.enable_cod === 'true' ||
71:             settings.enable_cod === true ||
                        ^
72:             settings.enable_cod === '1',
73: 
10:01:55 AM [vite-plugin-svelte] resources/js/pages/Admin/Settings/Index.svelte:72:12 This reference only captures the initial value of `settings`. Did you mean to reference it inside a closure instead?
https://svelte.dev/e/state_referenced_locally
70:             settings.enable_cod === 'true' ||
71:             settings.enable_cod === true ||
72:             settings.enable_cod === '1',
                        ^
73: 
74:         coins_enabled:
10:01:55 AM [vite-plugin-svelte] resources/js/pages/Admin/Settings/Index.svelte:75:12 This reference only captures the initial value of `settings`. Did you mean to reference it inside a closure instead?
https://svelte.dev/e/state_referenced_locally
73: 
74:         coins_enabled:
75:             settings.coins_enabled === 'true' ||
                        ^
76:             settings.coins_enabled === true ||
77:             settings.coins_enabled === '1',
10:01:55 AM [vite-plugin-svelte] resources/js/pages/Admin/Settings/Index.svelte:76:12 This reference only captures the initial value of `settings`. Did you mean to reference it inside a closure instead?
https://svelte.dev/e/state_referenced_locally
74:         coins_enabled:
75:             settings.coins_enabled === 'true' ||
76:             settings.coins_enabled === true ||
                        ^
77:             settings.coins_enabled === '1',
78:         coin_conversion_rate: settings.coin_conversion_rate || 1,
10:01:55 AM [vite-plugin-svelte] resources/js/pages/Admin/Settings/Index.svelte:77:12 This reference only captures the initial value of `settings`. Did you mean to reference it inside a closure instead?
https://svelte.dev/e/state_referenced_locally
75:             settings.coins_enabled === 'true' ||
76:             settings.coins_enabled === true ||
77:             settings.coins_enabled === '1',
                        ^
78:         coin_conversion_rate: settings.coin_conversion_rate || 1,
79:         coin_earning_method: settings.coin_earning_method || 'proportional',
10:01:55 AM [vite-plugin-svelte] resources/js/pages/Admin/Settings/Index.svelte:78:30 This reference only captures the initial value of `settings`. Did you mean to reference it inside a closure instead?
https://svelte.dev/e/state_referenced_locally
76:             settings.coins_enabled === true ||
77:             settings.coins_enabled === '1',
78:         coin_conversion_rate: settings.coin_conversion_rate || 1,
                                          ^
79:         coin_earning_method: settings.coin_earning_method || 'proportional',
80:         coin_earning_rate_rupiah: settings.coin_earning_rate_rupiah || 1000,
10:01:55 AM [vite-plugin-svelte] resources/js/pages/Admin/Settings/Index.svelte:79:29 This reference only captures the initial value of `settings`. Did you mean to reference it inside a closure instead?
https://svelte.dev/e/state_referenced_locally
77:             settings.coins_enabled === '1',
78:         coin_conversion_rate: settings.coin_conversion_rate || 1,
79:         coin_earning_method: settings.coin_earning_method || 'proportional',
                                         ^
80:         coin_earning_rate_rupiah: settings.coin_earning_rate_rupiah || 1000,
81:         coin_earning_rate_coins: settings.coin_earning_rate_coins || 1,
10:01:55 AM [vite-plugin-svelte] resources/js/pages/Admin/Settings/Index.svelte:80:34 This reference only captures the initial value of `settings`. Did you mean to reference it inside a closure instead?
https://svelte.dev/e/state_referenced_locally
78:         coin_conversion_rate: settings.coin_conversion_rate || 1,
79:         coin_earning_method: settings.coin_earning_method || 'proportional',
80:         coin_earning_rate_rupiah: settings.coin_earning_rate_rupiah || 1000,
                                              ^
81:         coin_earning_rate_coins: settings.coin_earning_rate_coins || 1,
82:         coin_earning_tiers: Array.isArray(settings.coin_earning_tiers)
10:01:55 AM [vite-plugin-svelte] resources/js/pages/Admin/Settings/Index.svelte:81:33 This reference only captures the initial value of `settings`. Did you mean to reference it inside a closure instead?
https://svelte.dev/e/state_referenced_locally
79:         coin_earning_method: settings.coin_earning_method || 'proportional',
80:         coin_earning_rate_rupiah: settings.coin_earning_rate_rupiah || 1000,
81:         coin_earning_rate_coins: settings.coin_earning_rate_coins || 1,
                                             ^
82:         coin_earning_tiers: Array.isArray(settings.coin_earning_tiers)
83:             ? settings.coin_earning_tiers
10:01:55 AM [vite-plugin-svelte] resources/js/pages/Admin/Settings/Index.svelte:82:42 This reference only captures the initial value of `settings`. Did you mean to reference it inside a closure instead?
https://svelte.dev/e/state_referenced_locally
80:         coin_earning_rate_rupiah: settings.coin_earning_rate_rupiah || 1000,
81:         coin_earning_rate_coins: settings.coin_earning_rate_coins || 1,
82:         coin_earning_tiers: Array.isArray(settings.coin_earning_tiers)
                                                      ^
83:             ? settings.coin_earning_tiers
84:             : settings.coin_earning_tiers
10:01:55 AM [vite-plugin-svelte] resources/js/pages/Admin/Settings/Index.svelte:83:14 This reference only captures the initial value of `settings`. Did you mean to reference it inside a closure instead?
https://svelte.dev/e/state_referenced_locally
81:         coin_earning_rate_coins: settings.coin_earning_rate_coins || 1,
82:         coin_earning_tiers: Array.isArray(settings.coin_earning_tiers)
83:             ? settings.coin_earning_tiers
                          ^
84:             : settings.coin_earning_tiers
85:               ? JSON.parse(settings.coin_earning_tiers)
10:01:55 AM [vite-plugin-svelte] resources/js/pages/Admin/Settings/Index.svelte:84:14 This reference only captures the initial value of `settings`. Did you mean to reference it inside a closure instead?
https://svelte.dev/e/state_referenced_locally
82:         coin_earning_tiers: Array.isArray(settings.coin_earning_tiers)
83:             ? settings.coin_earning_tiers
84:             : settings.coin_earning_tiers
                          ^
85:               ? JSON.parse(settings.coin_earning_tiers)
86:               : [],
10:01:55 AM [vite-plugin-svelte] resources/js/pages/Admin/Settings/Index.svelte:85:27 This reference only captures the initial value of `settings`. Did you mean to reference it inside a closure instead?
https://svelte.dev/e/state_referenced_locally
83:             ? settings.coin_earning_tiers
84:             : settings.coin_earning_tiers
85:               ? JSON.parse(settings.coin_earning_tiers)
                                       ^
86:               : [],
87:         coin_min_purchase_redeem: settings.coin_min_purchase_redeem || 0,
10:01:55 AM [vite-plugin-svelte] resources/js/pages/Admin/Settings/Index.svelte:87:34 This reference only captures the initial value of `settings`. Did you mean to reference it inside a closure instead?
https://svelte.dev/e/state_referenced_locally
85:               ? JSON.parse(settings.coin_earning_tiers)
86:               : [],
87:         coin_min_purchase_redeem: settings.coin_min_purchase_redeem || 0,
                                              ^
88:         coin_max_redeem_per_txn: settings.coin_max_redeem_per_txn || 50000,
89:         coin_max_redeem_percentage: settings.coin_max_redeem_percentage || 100,
10:01:55 AM [vite-plugin-svelte] resources/js/pages/Admin/Settings/Index.svelte:88:33 This reference only captures the initial value of `settings`. Did you mean to reference it inside a closure instead?
https://svelte.dev/e/state_referenced_locally
86:               : [],
87:         coin_min_purchase_redeem: settings.coin_min_purchase_redeem || 0,
88:         coin_max_redeem_per_txn: settings.coin_max_redeem_per_txn || 50000,
                                             ^
89:         coin_max_redeem_percentage: settings.coin_max_redeem_percentage || 100,
90:         coin_terms_conditions: settings.coin_terms_conditions || '',
10:01:55 AM [vite-plugin-svelte] resources/js/pages/Admin/Settings/Index.svelte:89:36 This reference only captures the initial value of `settings`. Did you mean to reference it inside a closure instead?
https://svelte.dev/e/state_referenced_locally
87:         coin_min_purchase_redeem: settings.coin_min_purchase_redeem || 0,
88:         coin_max_redeem_per_txn: settings.coin_max_redeem_per_txn || 50000,
89:         coin_max_redeem_percentage: settings.coin_max_redeem_percentage || 100,
                                                ^
90:         coin_terms_conditions: settings.coin_terms_conditions || '',
91:     });
10:01:55 AM [vite-plugin-svelte] resources/js/pages/Admin/Settings/Index.svelte:90:31 This reference only captures the initial value of `settings`. Did you mean to reference it inside a closure instead?
https://svelte.dev/e/state_referenced_locally
88:         coin_max_redeem_per_txn: settings.coin_max_redeem_per_txn || 50000,
89:         coin_max_redeem_percentage: settings.coin_max_redeem_percentage || 100,
90:         coin_terms_conditions: settings.coin_terms_conditions || '',
                                           ^
91:     });
92: 
10:01:55 AM [vite-plugin-svelte] resources/js/pages/Admin/Settings/Index.svelte:515:28 A form label must be associated with a control
https://svelte.dev/e/a11y_label_has_associated_control
513: 
514:                         <div class="mt-8 border-t border-slate-100 pt-6">
515:                             <label
                                  ^
516:                                 class="block text-xs font-bold text-slate-600 mb-2"
517:                                 >Titik Peta (Pin Lokasi)</label
10:01:55 AM [vite-plugin-svelte] resources/js/pages/Admin/Settings/Index.svelte:551:44 Buttons and links should either contain text or have an `aria-label`, `aria-labelledby` or `title` attribute
https://svelte.dev/e/a11y_consider_explicit_label
549:                                                 >Hasil Pencarian</span
550:                                             >
551:                                             <button
                                                        ^
552:                                                 type="button"
553:                                                 onclick={() =>
10:01:55 AM [vite-plugin-svelte] resources/js/pages/Admin/Settings/Index.svelte:568:48 Visible, non-interactive elements with a click event must be accompanied by a keyboard event handler. Consider whether an interactive element such as `<button type="button">` or `<a>` might be more appropriate
https://svelte.dev/e/a11y_click_events_have_key_events
566:                                         {:else}
567:                                             {#each mapSearchResults as result}
568:                                                 <div
                                                         ^
569:                                                     class="p-3 text-sm hover:bg-slate-50 cursor-pointer border-b border-slate-50 last:border-0"
570:                                                     onclick={() =>
10:01:55 AM [vite-plugin-svelte] resources/js/pages/Admin/Settings/Index.svelte:568:48 `<div>` with a click handler must have an ARIA role
https://svelte.dev/e/a11y_no_static_element_interactions
566:                                         {:else}
567:                                             {#each mapSearchResults as result}
568:                                                 <div
                                                         ^
569:                                                     class="p-3 text-sm hover:bg-slate-50 cursor-pointer border-b border-slate-50 last:border-0"
570:                                                     onclick={() =>
10:01:55 AM [vite-plugin-svelte] resources/js/pages/Admin/Settings/Index.svelte:1126:40 A form label must be associated with a control
https://svelte.dev/e/a11y_label_has_associated_control
1124:                                 {#if form.tax_enabled}
1125:                                     <div transition:slide>
1126:                                         <label
                                               ^
1127:                                             class="block text-xs font-bold text-slate-600 mb-2 mt-2"
1128:                                             >Nominal Pajak (%)</label
10:01:55 AM [vite-plugin-svelte] resources/js/pages/Admin/Categories/Index.svelte:390:40 Buttons and links should either contain text or have an `aria-label`, `aria-labelledby` or `title` attribute
https://svelte.dev/e/a11y_consider_explicit_label
388:                                     </div>
389:                                     <div class="flex items-center gap-2">
390:                                         <button
                                              ^
391:                                             onclick={() =>
392:                                                 editCategory(category)}
10:01:55 AM [vite-plugin-svelte] resources/js/pages/Admin/Categories/Index.svelte:396:40 Buttons and links should either contain text or have an `aria-label`, `aria-labelledby` or `title` attribute
https://svelte.dev/e/a11y_consider_explicit_label
394:                                             ><i class="ti ti-edit"></i></button
395:                                         >
396:                                         <button
                                              ^
397:                                             onclick={() =>
398:                                                 confirmDelete(category.id)}
10:01:55 AM [vite-plugin-svelte] resources/js/pages/Admin/Categories/Index.svelte:455:52 Buttons and links should either contain text or have an `aria-label`, `aria-labelledby` or `title` attribute
https://svelte.dev/e/a11y_consider_explicit_label
453:                                                     class="flex items-center gap-2"
454:                                                 >
455:                                                     <button
                                                          ^
456:                                                         onclick={() =>
457:                                                             editCategory(sub)}
10:01:55 AM [vite-plugin-svelte] resources/js/pages/Admin/Categories/Index.svelte:462:52 Buttons and links should either contain text or have an `aria-label`, `aria-labelledby` or `title` attribute
https://svelte.dev/e/a11y_consider_explicit_label
460:                                                         ></i></button
461:                                                     >
462:                                                     <button
                                                          ^
463:                                                         onclick={() =>
464:                                                             confirmDelete(
10:01:55 AM [vite-plugin-svelte] resources/js/pages/Admin/Categories/Index.svelte:552:28 A form label must be associated with a control
https://svelte.dev/e/a11y_label_has_associated_control
550: 
551:                         <div>
552:                             <label
                                  ^
553:                                 class="block text-[11px] font-bold text-slate-500 uppercase tracking-widest mb-1.5 font-outfit"
554:                                 >Tipe Media Visual <span class="text-rose-500"
10:01:55 AM [vite-plugin-svelte] resources/js/pages/Admin/Categories/Index.svelte:584:32 A form label must be associated with a control
https://svelte.dev/e/a11y_label_has_associated_control
582:                         {#if form.media_type === 'icon'}
583:                             <div class="relative">
584:                                 <label
                                      ^
585:                                     class="block text-[11px] font-bold text-slate-500 uppercase tracking-widest mb-1.5 font-outfit"
586:                                     >Cari & Pilih Icon</label
10:01:55 AM [vite-plugin-svelte] resources/js/pages/Admin/Categories/Index.svelte:617:44 Buttons and links should either contain text or have an `aria-label`, `aria-labelledby` or `title` attribute
https://svelte.dev/e/a11y_consider_explicit_label
615:                                     >
616:                                         {#each filteredIcons as icon}
617:                                             <button
                                                        ^
618:                                                 type="button"
619:                                                 onclick={() => {
10:01:55 AM [vite-plugin-svelte] resources/js/pages/Admin/Categories/Index.svelte:651:32 A form label must be associated with a control
https://svelte.dev/e/a11y_label_has_associated_control
649:                         {:else}
650:                             <div>
651:                                 <label
                                      ^
652:                                     class="block text-[11px] font-bold text-slate-500 uppercase tracking-widest mb-1.5 font-outfit"
653:                                     >Upload Gambar</label
10:01:55 AM [vite-plugin-svelte] resources/js/pages/Admin/Categories/Index.svelte:692:28 A form label must be associated with a control
https://svelte.dev/e/a11y_label_has_associated_control
690: 
691:                         <div>
692:                             <label
                                  ^
693:                                 class="block text-[11px] font-bold text-slate-500 uppercase tracking-widest mb-1.5 font-outfit"
694:                                 >Kategori Induk (Parent)</label
10:01:55 AM [vite-plugin-svelte] resources/js/pages/Admin/Store/Prices.svelte:83:29 This reference only captures the initial value of `filters`. Did you mean to reference it inside a derived instead?
https://svelte.dev/e/state_referenced_locally
81:     }
82: 
83:     let searchQuery = $state(filters.search || '');
                                        ^
84:     let searchTimeout;
85: 
10:01:55 AM [vite-plugin-svelte] resources/js/pages/Admin/Promotions/Index.svelte:20:29 This reference only captures the initial value of `filters`. Did you mean to reference it inside a derived instead?
https://svelte.dev/e/state_referenced_locally
18:     } = $props();
19: 
20:     let searchInput = $state(filters.search || '');
                                        ^
21:     let filterType = $state(filters.type || 'all');
22:     let filterStatus = $state(filters.status || 'all');
10:01:55 AM [vite-plugin-svelte] resources/js/pages/Admin/Promotions/Index.svelte:21:28 This reference only captures the initial value of `filters`. Did you mean to reference it inside a derived instead?
https://svelte.dev/e/state_referenced_locally
19: 
20:     let searchInput = $state(filters.search || '');
21:     let filterType = $state(filters.type || 'all');
                                       ^
22:     let filterStatus = $state(filters.status || 'all');
23: 
10:01:55 AM [vite-plugin-svelte] resources/js/pages/Admin/Promotions/Index.svelte:22:30 This reference only captures the initial value of `filters`. Did you mean to reference it inside a derived instead?
https://svelte.dev/e/state_referenced_locally
20:     let searchInput = $state(filters.search || '');
21:     let filterType = $state(filters.type || 'all');
22:     let filterStatus = $state(filters.status || 'all');
                                         ^
23: 
24:     let expandedPromotions = $state(new Set());
10:01:55 AM [vite-plugin-svelte] resources/js/components/layouts/StorefrontLayout.svelte:659:24 Buttons and links should either contain text or have an `aria-label`, `aria-labelledby` or `title` attribute
https://svelte.dev/e/a11y_consider_explicit_label
657:                             class="w-full pl-4 pr-12 py-2.5 text-sm bg-white rounded-2xl border-2 border-transparent focus:border-white focus:outline-none focus:bg-white shadow-md"
658:                         />
659:                         <button
                                    ^
660:                             type="submit"
661:                             class="absolute right-0 top-0 bottom-0 px-4 rounded-r-2xl text-white font-bold text-sm flex items-center gap-1.5 transition"
10:01:55 AM [vite-plugin-svelte] resources/js/components/layouts/StorefrontLayout.svelte:1047:24 Buttons and links should either contain text or have an `aria-label`, `aria-labelledby` or `title` attribute
https://svelte.dev/e/a11y_consider_explicit_label
1045:                             class="w-full pl-3 pr-10 py-2 text-sm bg-white/20 rounded-xl border border-white/30 text-white placeholder-white/60 focus:outline-none focus:bg-white focus:text-slate-800 focus:placeholder-slate-400 transition"
1046:                         />
1047:                         <button
                                     ^
1048:                             type="submit"
1049:                             class="absolute right-2 top-1/2 -translate-y-1/2 text-white"
10:01:55 AM [vite-plugin-svelte] resources/js/components/layouts/StorefrontLayout.svelte:1359:24 Buttons and links should either contain text or have an `aria-label`, `aria-labelledby` or `title` attribute
https://svelte.dev/e/a11y_consider_explicit_label
1357:                 <div class="flex items-center gap-4">
1358:                     <div class="flex items-center gap-2">
1359:                         <a
                                ^
1360:                             href="#"
1361:                             class="w-8 h-8 bg-slate-800 hover:bg-slate-700 rounded-lg flex items-center justify-center transition text-slate-300"
10:01:55 AM [vite-plugin-svelte] resources/js/components/layouts/StorefrontLayout.svelte:1360:28 '#' is not a valid href attribute
https://svelte.dev/e/a11y_invalid_attribute
1358:                     <div class="flex items-center gap-2">
1359:                         <a
1360:                             href="#"
                                          ^
1361:                             class="w-8 h-8 bg-slate-800 hover:bg-slate-700 rounded-lg flex items-center justify-center transition text-slate-300"
1362:                         >
10:01:55 AM [vite-plugin-svelte] resources/js/components/layouts/StorefrontLayout.svelte:1365:24 Buttons and links should either contain text or have an `aria-label`, `aria-labelledby` or `title` attribute
https://svelte.dev/e/a11y_consider_explicit_label
1363:                             <i class="ti ti-brand-instagram text-base"></i>
1364:                         </a>
1365:                         <a
                                ^
1366:                             href="#"
1367:                             class="w-8 h-8 bg-slate-800 hover:bg-slate-700 rounded-lg flex items-center justify-center transition text-slate-300"
10:01:55 AM [vite-plugin-svelte] resources/js/components/layouts/StorefrontLayout.svelte:1366:28 '#' is not a valid href attribute
https://svelte.dev/e/a11y_invalid_attribute
1364:                         </a>
1365:                         <a
1366:                             href="#"
                                          ^
1367:                             class="w-8 h-8 bg-slate-800 hover:bg-slate-700 rounded-lg flex items-center justify-center transition text-slate-300"
1368:                         >
10:01:55 AM [vite-plugin-svelte] resources/js/components/layouts/StorefrontLayout.svelte:1371:24 Buttons and links should either contain text or have an `aria-label`, `aria-labelledby` or `title` attribute
https://svelte.dev/e/a11y_consider_explicit_label
1369:                             <i class="ti ti-brand-facebook text-base"></i>
1370:                         </a>
1371:                         <a
                                ^
1372:                             href="#"
1373:                             class="w-8 h-8 bg-slate-800 hover:bg-slate-700 rounded-lg flex items-center justify-center transition text-slate-300"
10:01:55 AM [vite-plugin-svelte] resources/js/components/layouts/StorefrontLayout.svelte:1372:28 '#' is not a valid href attribute
https://svelte.dev/e/a11y_invalid_attribute
1370:                         </a>
1371:                         <a
1372:                             href="#"
                                          ^
1373:                             class="w-8 h-8 bg-slate-800 hover:bg-slate-700 rounded-lg flex items-center justify-center transition text-slate-300"
1374:                         >
10:01:55 AM [vite-plugin-svelte] resources/js/components/layouts/StorefrontLayout.svelte:1391:8 Visible, non-interactive elements with a click event must be accompanied by a keyboard event handler. Consider whether an interactive element such as `<button type="button">` or `<a>` might be more appropriate
https://svelte.dev/e/a11y_click_events_have_key_events
1389:     >
1390:         <!-- Backdrop -->
1391:         <div
                  ^
1392:             class="fixed inset-0 bg-slate-900/70 backdrop-blur-sm"
1393:             onclick={closeAuthModal}
10:01:55 AM [vite-plugin-svelte] resources/js/components/layouts/StorefrontLayout.svelte:1391:8 `<div>` with a click handler must have an ARIA role
https://svelte.dev/e/a11y_no_static_element_interactions
1389:     >
1390:         <!-- Backdrop -->
1391:         <div
                  ^
1392:             class="fixed inset-0 bg-slate-900/70 backdrop-blur-sm"
1393:             onclick={closeAuthModal}
10:01:55 AM [vite-plugin-svelte] resources/js/components/layouts/StorefrontLayout.svelte:1421:20 Buttons and links should either contain text or have an `aria-label`, `aria-labelledby` or `title` attribute
https://svelte.dev/e/a11y_consider_explicit_label
1419:                         >
1420:                     </div>
1421:                     <button
                                 ^
1422:                         onclick={closeAuthModal}
1423:                         class="text-slate-400 hover:text-slate-700 transition p-1"
10:01:55 AM [vite-plugin-svelte] resources/js/components/layouts/StorefrontLayout.svelte:1482:32 A form label must be associated with a control
https://svelte.dev/e/a11y_label_has_associated_control
1480:                         <form onsubmit={submitLogin} class="space-y-4">
1481:                             <div>
1482:                                 <label
                                       ^
1483:                                     class="block text-xs font-bold text-slate-600 mb-1.5"
1484:                                     >Email</label
10:01:55 AM [vite-plugin-svelte] resources/js/components/layouts/StorefrontLayout.svelte:1501:32 A form label must be associated with a control
https://svelte.dev/e/a11y_label_has_associated_control
1499:                             </div>
1500:                             <div>
1501:                                 <label
                                       ^
1502:                                     class="block text-xs font-bold text-slate-600 mb-1.5"
1503:                                     >Kata Sandi</label
10:01:55 AM [vite-plugin-svelte] resources/js/components/layouts/StorefrontLayout.svelte:1540:36 '#' is not a valid href attribute
https://svelte.dev/e/a11y_invalid_attribute
1538:                             <div class="flex items-center justify-end">
1539:                                 <a
1540:                                     href="#"
                                                  ^
1541:                                     class="text-xs font-bold hover:underline"
1542:                                     style="color: {primary};"
10:01:55 AM [vite-plugin-svelte] resources/js/components/layouts/StorefrontLayout.svelte:1605:32 A form label must be associated with a control
https://svelte.dev/e/a11y_label_has_associated_control
1603:                         <form onsubmit={submitRegister} class="space-y-4">
1604:                             <div>
1605:                                 <label
                                       ^
1606:                                     class="block text-xs font-bold text-slate-600 mb-1.5"
1607:                                     >Nama Lengkap</label
10:01:55 AM [vite-plugin-svelte] resources/js/components/layouts/StorefrontLayout.svelte:1624:32 A form label must be associated with a control
https://svelte.dev/e/a11y_label_has_associated_control
1622:                             </div>
1623:                             <div>
1624:                                 <label
                                       ^
1625:                                     class="block text-xs font-bold text-slate-600 mb-1.5"
1626:                                     >Email</label
10:01:55 AM [vite-plugin-svelte] resources/js/components/layouts/StorefrontLayout.svelte:1643:32 A form label must be associated with a control
https://svelte.dev/e/a11y_label_has_associated_control
1641:                             </div>
1642:                             <div>
1643:                                 <label
                                       ^
1644:                                     class="block text-xs font-bold text-slate-600 mb-1.5"
1645:                                     >Kata Sandi</label
10:01:55 AM [vite-plugin-svelte] resources/js/components/layouts/StorefrontLayout.svelte:1680:32 A form label must be associated with a control
https://svelte.dev/e/a11y_label_has_associated_control
1678:                             </div>
1679:                             <div>
1680:                                 <label
                                       ^
1681:                                     class="block text-xs font-bold text-slate-600 mb-1.5"
1682:                                     >Konfirmasi Kata Sandi</label
10:01:55 AM [vite-plugin-svelte] resources/js/components/layouts/StorefrontLayout.svelte:2016:36 Visible, non-interactive elements with a click event must be accompanied by a keyboard event handler. Consider whether an interactive element such as `<button type="button">` or `<a>` might be more appropriate
https://svelte.dev/e/a11y_click_events_have_key_events
2014:                                         : 'rounded-tl-sm'}"
2015:                                 >
2016:                                     <img
                                            ^
2017:                                         src={msg.attachment_data.url}
2018:                                         alt="Sent image"
10:01:55 AM [vite-plugin-svelte] resources/js/components/layouts/StorefrontLayout.svelte:2016:36 Non-interactive element `<img>` should not be assigned mouse or keyboard event listeners
https://svelte.dev/e/a11y_no_noninteractive_element_interactions
2014:                                         : 'rounded-tl-sm'}"
2015:                                 >
2016:                                     <img
                                            ^
2017:                                         src={msg.attachment_data.url}
2018:                                         alt="Sent image"
10:01:55 AM [vite-plugin-svelte] resources/js/components/layouts/StorefrontLayout.svelte:2016:36 Screenreaders already announce `<img>` elements as an image
https://svelte.dev/e/a11y_img_redundant_alt
2014:                                         : 'rounded-tl-sm'}"
2015:                                 >
2016:                                     <img
                                            ^
2017:                                         src={msg.attachment_data.url}
2018:                                         alt="Sent image"
10:01:55 AM [vite-plugin-svelte] resources/js/components/ui/SelectSearch.svelte:60:8 A form label must be associated with a control
https://svelte.dev/e/a11y_label_has_associated_control
58: <div class="space-y-2 relative" bind:this={containerNode}>
59:     {#if label}
60:         <label class="text-xs font-bold text-slate-600 block">
                    ^
61:             {label}
62:             {#if required}
10:01:55 AM [vite-plugin-svelte] resources/js/components/ui/SelectSearch.svelte:68:4 Visible, non-interactive elements with a click event must be accompanied by a keyboard event handler. Consider whether an interactive element such as `<button type="button">` or `<a>` might be more appropriate
https://svelte.dev/e/a11y_click_events_have_key_events
66:     {/if}
67:     
68:     <div 
             ^
69:         class="w-full px-3 py-2 border rounded-xl text-sm transition flex justify-between items-center {disabled ? 'bg-slate-50 text-slate-400 cursor-not-allowed' : 'bg-white cursor-pointer hover:border-brand-blueRoyal'} {error ? 'border-rose-500' : 'border-slate-200'}"
70:         onclick={toggleOpen}
10:01:55 AM [vite-plugin-svelte] resources/js/components/ui/SelectSearch.svelte:68:4 `<div>` with a click handler must have an ARIA role
https://svelte.dev/e/a11y_no_static_element_interactions
66:     {/if}
67:     
68:     <div 
             ^
69:         class="w-full px-3 py-2 border rounded-xl text-sm transition flex justify-between items-center {disabled ? 'bg-slate-50 text-slate-400 cursor-not-allowed' : 'bg-white cursor-pointer hover:border-brand-blueRoyal'} {error ? 'border-rose-500' : 'border-slate-200'}"
70:         onclick={toggleOpen}
10:01:55 AM [vite-plugin-svelte] resources/js/components/ui/SelectSearch.svelte:102:24 Visible, non-interactive elements with a click event must be accompanied by a keyboard event handler. Consider whether an interactive element such as `<button type="button">` or `<a>` might be more appropriate
https://svelte.dev/e/a11y_click_events_have_key_events
100:                 {:else}
101:                     {#each filteredOptions as option}
102:                         <div 
                                  ^
103:                             class="px-4 py-2.5 text-sm hover:bg-slate-50 cursor-pointer {value === option.id ? 'bg-brand-blueRoyal/5 text-brand-blueRoyal font-bold' : 'text-slate-700'}"
104:                             onclick={() => selectOption(option.id)}
10:01:55 AM [vite-plugin-svelte] resources/js/components/ui/SelectSearch.svelte:102:24 `<div>` with a click handler must have an ARIA role
https://svelte.dev/e/a11y_no_static_element_interactions
100:                 {:else}
101:                     {#each filteredOptions as option}
102:                         <div 
                                  ^
103:                             class="px-4 py-2.5 text-sm hover:bg-slate-50 cursor-pointer {value === option.id ? 'bg-brand-blueRoyal/5 text-brand-blueRoyal font-bold' : 'text-slate-700'}"
104:                             onclick={() => selectOption(option.id)}
10:01:55 AM [vite-plugin-svelte] resources/js/components/ui/Select.svelte:46:8 A form label must be associated with a control
https://svelte.dev/e/a11y_label_has_associated_control
44: <div class="space-y-2 relative" bind:this={containerNode}>
45:     {#if label}
46:         <label class="text-xs font-bold text-slate-600 block">
                    ^
47:             {label}
48:             {#if required}
10:01:55 AM [vite-plugin-svelte] resources/js/components/ui/Select.svelte:54:4 Visible, non-interactive elements with a click event must be accompanied by a keyboard event handler. Consider whether an interactive element such as `<button type="button">` or `<a>` might be more appropriate
https://svelte.dev/e/a11y_click_events_have_key_events
52:     {/if}
53:     
54:     <div 
             ^
55:         class="w-full px-3 py-2 border rounded-xl text-sm transition flex justify-between items-center {disabled ? 'bg-slate-50 text-slate-400 cursor-not-allowed' : 'bg-white cursor-pointer hover:border-brand-blueRoyal'} {error ? 'border-rose-500' : 'border-slate-200'}"
56:         onclick={toggleOpen}
10:01:55 AM [vite-plugin-svelte] resources/js/components/ui/Select.svelte:54:4 `<div>` with a click handler must have an ARIA role
https://svelte.dev/e/a11y_no_static_element_interactions
52:     {/if}
53:     
54:     <div 
             ^
55:         class="w-full px-3 py-2 border rounded-xl text-sm transition flex justify-between items-center {disabled ? 'bg-slate-50 text-slate-400 cursor-not-allowed' : 'bg-white cursor-pointer hover:border-brand-blueRoyal'} {error ? 'border-rose-500' : 'border-slate-200'}"
56:         onclick={toggleOpen}
10:01:55 AM [vite-plugin-svelte] resources/js/components/ui/Select.svelte:75:24 Visible, non-interactive elements with a click event must be accompanied by a keyboard event handler. Consider whether an interactive element such as `<button type="button">` or `<a>` might be more appropriate
https://svelte.dev/e/a11y_click_events_have_key_events
73:                 {:else}
74:                     {#each options as option}
75:                         <div 
                                 ^
76:                             class="px-4 py-2.5 text-sm hover:bg-slate-50 cursor-pointer {value == option.id || value == option.name ? 'bg-brand-blueRoyal/5 text-brand-blueRoyal font-bold' : 'text-slate-700'}"
77:                             onclick={() => selectOption(option.id || option.name)}
10:01:55 AM [vite-plugin-svelte] resources/js/components/ui/Select.svelte:75:24 `<div>` with a click handler must have an ARIA role
https://svelte.dev/e/a11y_no_static_element_interactions
73:                 {:else}
74:                     {#each options as option}
75:                         <div 
                                 ^
76:                             class="px-4 py-2.5 text-sm hover:bg-slate-50 cursor-pointer {value == option.id || value == option.name ? 'bg-brand-blueRoyal/5 text-brand-blueRoyal font-bold' : 'text-slate-700'}"
77:                             onclick={() => selectOption(option.id || option.name)}
✓ 737 modules transformed.
rendering chunks...
computing gzip size...
public/build/assets/layers-BWBAp2CZ.png                 0.69 kB
public/build/assets/layers-2x-Bpkbi35X.png              1.25 kB
public/build/assets/marker-icon-hN30_KVU.png            1.46 kB
public/build/manifest.json                             27.07 kB │ gzip:  2.88 kB
public/build/assets/Addresses-C8onDQI9.css              0.05 kB │ gzip:  0.07 kB
public/build/assets/Cart-tGZNRIC_.css                   0.07 kB │ gzip:  0.09 kB
public/build/assets/Checkout-BUdCw4hK.css               0.09 kB │ gzip:  0.09 kB
public/build/assets/Index-CUMWqamt.css                  0.14 kB │ gzip:  0.10 kB
public/build/assets/Index-efmgN1S0.css                  0.14 kB │ gzip:  0.10 kB
public/build/assets/TransactionHistory-C-0NaSI4.css     0.14 kB │ gzip:  0.10 kB
public/build/assets/AdminLayout-COb1_o6s.css            0.25 kB │ gzip:  0.13 kB
public/build/assets/Banners-Die0CvmV.css                0.27 kB │ gzip:  0.13 kB
public/build/assets/Home-Bpf9gr2n.css                   0.81 kB │ gzip:  0.32 kB
public/build/assets/OfflineDetector-YQzLl_qZ.css        1.71 kB │ gzip:  0.52 kB
public/build/assets/Error-Ju_ht-tr.css                  1.82 kB │ gzip:  0.53 kB
public/build/assets/Index-Dy1Lu0lQ.css                  8.42 kB │ gzip:  2.08 kB
public/build/assets/leaflet-1DTFk8zz.css               10.57 kB │ gzip:  2.63 kB
public/build/assets/Product-B_JaEpFf.css               32.95 kB │ gzip:  5.30 kB
public/build/assets/app-Pco0b_KN.css                  164.80 kB │ gzip: 24.39 kB
public/build/assets/chunk-I-YvfV4L.js                   0.56 kB │ gzip:  0.36 kB
public/build/assets/wayfinder-CSuWIVK7.js               0.89 kB │ gzip:  0.53 kB
public/build/assets/toast-DkDzSyyc.js                   1.38 kB │ gzip:  0.67 kB
public/build/assets/transition-B478uCZJ.js              1.44 kB │ gzip:  0.69 kB
public/build/assets/Textarea-GO9xBvll.js                1.52 kB │ gzip:  0.83 kB
public/build/assets/Pagination-BPQoJkZq.js              1.62 kB │ gzip:  0.88 kB
public/build/assets/Toggle-Bdtd0bX6.js                  1.66 kB │ gzip:  0.85 kB
public/build/assets/InputCurrency-DlA70ZCd.js           2.09 kB │ gzip:  1.13 kB
public/build/assets/Select-BZI9k1wV.js                  2.47 kB │ gzip:  1.30 kB
public/build/assets/Input-BfvtDKgO.js                   2.65 kB │ gzip:  1.30 kB
public/build/assets/promotions-D5DWloVY.js              3.03 kB │ gzip:  0.68 kB
public/build/assets/SelectSearch-mEfHk0Ql.js            3.08 kB │ gzip:  1.56 kB
public/build/assets/OfflineDetector-CC_gzlHX.js         4.29 kB │ gzip:  1.67 kB
public/build/assets/Roles-EAJqJtGq.js                   4.48 kB │ gzip:  1.88 kB
public/build/assets/Profile-CvRgayfM.js                 6.24 kB │ gzip:  2.33 kB
public/build/assets/Error-BR0bAFLv.js                   6.65 kB │ gzip:  2.52 kB
public/build/assets/Index-D9aEod-w.js                   7.28 kB │ gzip:  3.00 kB
public/build/assets/SelectSearchMultiple-U1k8JqM_.js    7.42 kB │ gzip:  2.63 kB
public/build/assets/Login-BUvMk6N0.js                   7.88 kB │ gzip:  2.82 kB
public/build/assets/Index-iU0JJw1P.js                   8.42 kB │ gzip:  3.05 kB
public/build/assets/Profile-C1g77Gpt.js                 9.71 kB │ gzip:  2.79 kB
public/build/assets/VariantSelectorModal-aU8Ife6p.js    9.84 kB │ gzip:  3.96 kB
public/build/assets/Index-C_aMHrD-.js                  10.00 kB │ gzip:  3.70 kB
public/build/assets/TransactionHistory-EFpjhp5Z.js     10.25 kB │ gzip:  3.80 kB
public/build/assets/Customers-UjuZhKSt.js              10.29 kB │ gzip:  3.62 kB
public/build/assets/Brands-sp-vmnAk.js                 10.80 kB │ gzip:  3.82 kB
public/build/assets/Stocks-CtiIyDrq.js                 11.08 kB │ gzip:  3.76 kB
public/build/assets/Couriers-a-5VFVUa.js               11.16 kB │ gzip:  3.93 kB
public/build/assets/Products-BTKp32GO.js               11.80 kB │ gzip:  3.99 kB
public/build/assets/Customers-CyDeAy1o.js              11.89 kB │ gzip:  4.26 kB
public/build/assets/Sales-BPmI32fM.js                  12.14 kB │ gzip:  4.07 kB
public/build/assets/Shipping-Cs7dGmSG.js               12.46 kB │ gzip:  4.07 kB
public/build/assets/ProfitLoss-D1GB81aw.js             12.46 kB │ gzip:  4.12 kB
public/build/assets/Stocks-Bc2E2LkM.js                 12.92 kB │ gzip:  4.21 kB
public/build/assets/Admins-B4jdmKLO.js                 13.81 kB │ gzip:  4.87 kB
public/build/assets/PaymentMethods-DQo_bpaY.js         14.48 kB │ gzip:  4.84 kB
public/build/assets/Banners-BjMCTtld.js                15.64 kB │ gzip:  4.03 kB
public/build/assets/Index-BlUjL5j22.js                 18.72 kB │ gzip:  5.98 kB
public/build/assets/Chat-BYlvsg3b.js                   19.10 kB │ gzip:  6.43 kB
public/build/assets/Category-Du1wvULU.js               19.21 kB │ gzip:  6.56 kB
public/build/assets/ProdukTerlaris-BiH1RfJx.js         19.31 kB │ gzip:  6.54 kB
public/build/assets/Returns-C7BXyo09.js                19.74 kB │ gzip:  6.15 kB
public/build/assets/Dashboard-CZj1LvWH.js              20.04 kB │ gzip:  4.76 kB
public/build/assets/BankAccounts-DOU0unfA.js           21.43 kB │ gzip:  4.98 kB
public/build/assets/Prices--RQIaTXW.js                 21.71 kB │ gzip:  5.81 kB
public/build/assets/Show-BOeotra1.js                   21.71 kB │ gzip:  7.07 kB
public/build/assets/FlashSale-BOgzrrWN.js              24.63 kB │ gzip:  7.80 kB
public/build/assets/Search-pHs9KI6g.js                 24.81 kB │ gzip:  7.64 kB
public/build/assets/Index-ByttHM2O.js                  26.01 kB │ gzip:  7.63 kB
public/build/assets/Welcome-Cpdfx3oK.js                27.54 kB │ gzip:  5.90 kB
public/build/assets/Show-u-ibJOm3.js                   28.89 kB │ gzip:  7.75 kB
public/build/assets/Home-DKcw6-lQ.js                   28.89 kB │ gzip:  8.63 kB
public/build/assets/Index-BCvv2Otg.js                  29.12 kB │ gzip:  7.52 kB
public/build/assets/Show-DwNmSOT6.js                   31.51 kB │ gzip:  7.57 kB
public/build/assets/AdminLayout-B0m7Q-_g.js            42.41 kB │ gzip: 10.21 kB
public/build/assets/Create-CYTCp9SD.js                 44.50 kB │ gzip: 11.39 kB
public/build/assets/Edit-XtU6hCWe.js                   47.34 kB │ gzip: 12.04 kB
public/build/assets/Index-Da1Tyogz.js                  48.51 kB │ gzip: 14.55 kB
public/build/assets/Addresses-DVBI0tg-.js              49.54 kB │ gzip: 10.29 kB
public/build/assets/Index-COkXfPd_.js                  54.29 kB │ gzip: 18.51 kB
public/build/assets/Checkout-aV96m5wh.js               56.43 kB │ gzip: 14.89 kB
public/build/assets/Cart-7tN9RYNN.js                   58.96 kB │ gzip: 14.78 kB
public/build/assets/StorefrontLayout-C8OW9PIU.js       61.89 kB │ gzip: 13.61 kB
public/build/assets/TransactionDetail-Dr_6ZWNc.js      62.85 kB │ gzip: 16.00 kB
public/build/assets/Create-5_PL4Mh2.js                116.93 kB │ gzip: 26.71 kB
public/build/assets/Edit-C-qF0tpC.js                  123.61 kB │ gzip: 27.70 kB
public/build/assets/leaflet-src-CBV9rPs-.js           148.81 kB │ gzip: 43.38 kB
public/build/assets/app-BlxB9luT.js                   165.67 kB │ gzip: 55.54 kB
public/build/assets/auto-ChYPlgdO.js                  202.22 kB │ gzip: 69.27 kB
public/build/assets/Product-DKNGwlbh.js               218.83 kB │ gzip: 58.50 kB

[33m[PLUGIN_TIMINGS] [0mYour build spent significant time in plugins. Here is a breakdown:
  - laravel (42%)
  - vite-plugin-svelte:compile (34%)
  - @inertiajs/vite (17%)
See https://rolldown.rs/options/checks#plugintimings for more details.

✓ built in 4.01s
