{"tool":"pest","result":"failed","tests":1,"passed":0,"assertions":0,"duration_ms":202,"errors":1,"error_details":[{"test":"P\\Tests\\Feature\\TransactionTest::__pest_evaluable_customer_can_view_their_transaction_detail","file":"/Users/macbookair/Documents/website/burningroom/ecommerce/ecommerce-old/vendor/laravel/framework/src/Illuminate/Database/Eloquent/Builder.php","line":786,"message":"No query results for model [App\\Models\\Transaction]."}],"raw":["\"Transaction ID:\" // tests/Feature/TransactionTest.php:129","\"019ea5a7-9845-7390-bb6d-72ee4f341523\" // tests/Feature/TransactionTest.php:129","\"Found via find():\" // tests/Feature/TransactionTest.php:130","App\\Models\\Transaction {#7748","#connection: \"sqlite\"","#table: \"transactions\"","#primaryKey: \"id\"","#keyType: \"int\"","+incrementing: true","#with: []","#withCount: []","+preventsLazyLoading: false","#perPage: 15","+exists: true","+wasRecentlyCreated: false","#escapeWhenCastingToString: false","#attributes: array:41 [","\"id\" => \"019ea5a7-9845-7390-bb6d-72ee4f341523\"","\"transaction_number\" => \"TRX-TEST-00001\"","\"user_id\" => \"019ea5a7-983f-7056-85ed-517651f5f1df\"","\"customer_address_id\" => \"019ea5a7-9844-7333-8e36-3b11e7ae9d17\"","\"payment_method_id\" => \"019ea5a7-9844-7333-8e36-3b11e7f431d7\"","\"status\" => \"belum_bayar\"","\"subtotal\" => 200000","\"discount_amount\" => 0","\"shipping_fee\" => 15000","\"shipping_discount\" => 0","\"admin_fee\" => 0","\"grand_total\" => 215000","\"shipping_courier\" => \"jne\"","\"shipping_service\" => \"REG\"","\"shipping_etd\" => null","\"voucher_code\" => null","\"voucher_discount_type\" => null","\"voucher_discount_value\" => null","\"notes\" => null","\"cancel_reason\" => null","\"cancelled_at\" => null","\"created_at\" => \"2026-06-08 12:14:44\"","\"updated_at\" => \"2026-06-08 12:14:44\"","\"deleted_at\" => null","\"application_fee\" => 0","\"courier_id\" => null","\"tracking_number\" => null","\"courier_name\" => null","\"return_status\" => null","\"is_replacement_transaction\" => 0","\"original_transaction_id\" => null","\"coins_redeemed\" => 0","\"coins_value\" => 0","\"coins_earned\" => 0","\"booking_code\" => null","\"payment_expires_at\" => \"2026-06-09 12:14:44\"","\"auto_complete_at\" => null","\"is_extended\" => 0","\"delivery_arrived_at\" => null","\"delivery_photos\" => null","\"courier_user_id\" => null","]","#original: array:41 [","\"id\" => \"019ea5a7-9845-7390-bb6d-72ee4f341523\"","\"transaction_number\" => \"TRX-TEST-00001\"","\"user_id\" => \"019ea5a7-983f-7056-85ed-517651f5f1df\"","\"customer_address_id\" => \"019ea5a7-9844-7333-8e36-3b11e7ae9d17\"","\"payment_method_id\" => \"019ea5a7-9844-7333-8e36-3b11e7f431d7\"","\"status\" => \"belum_bayar\"","\"subtotal\" => 200000","\"discount_amount\" => 0","\"shipping_fee\" => 15000","\"shipping_discount\" => 0","\"admin_fee\" => 0","\"grand_total\" => 215000","\"shipping_courier\" => \"jne\"","\"shipping_service\" => \"REG\"","\"shipping_etd\" => null","\"voucher_code\" => null","\"voucher_discount_type\" => null","\"voucher_discount_value\" => null","\"notes\" => null","\"cancel_reason\" => null","\"cancelled_at\" => null","\"created_at\" => \"2026-06-08 12:14:44\"","\"updated_at\" => \"2026-06-08 12:14:44\"","\"deleted_at\" => null","\"application_fee\" => 0","\"courier_id\" => null","\"tracking_number\" => null","\"courier_name\" => null","\"return_status\" => null","\"is_replacement_transaction\" => 0","\"original_transaction_id\" => null","\"coins_redeemed\" => 0","\"coins_value\" => 0","\"coins_earned\" => 0","\"booking_code\" => null","\"payment_expires_at\" => \"2026-06-09 12:14:44\"","\"auto_complete_at\" => null","\"is_extended\" => 0","\"delivery_arrived_at\" => null","\"delivery_photos\" => null","\"courier_user_id\" => null","]","#changes: []","#previous: []","#casts: array:20 [","\"subtotal\" => \"decimal:2\"","\"discount_amount\" => \"decimal:2\"","\"shipping_fee\" => \"decimal:2\"","\"shipping_discount\" => \"decimal:2\"","\"admin_fee\" => \"decimal:2\"","\"application_fee\" => \"decimal:2\"","\"grand_total\" => \"decimal:2\"","\"voucher_discount_value\" => \"decimal:2\"","\"cancelled_at\" => \"datetime\"","\"is_replacement_transaction\" => \"boolean\"","\"coins_redeemed\" => \"integer\"","\"coins_value\" => \"integer\"","\"coins_earned\" => \"integer\"","\"payment_expires_at\" => \"datetime\"","\"auto_complete_at\" => \"datetime\"","\"is_extended\" => \"boolean\"","\"delivery_arrived_at\" => \"datetime\"","\"delivery_photos\" => \"array\"","\"courier_user_id\" => \"integer\"","\"deleted_at\" => \"datetime\"","]","#classCastCache: []","#attributeCastCache: []","#dateFormat: null","#appends: []","#dispatchesEvents: []","#observables: []","#relations: []","#touches: []","#relationAutoloadCallback: null","#relationAutoloadContext: null","+timestamps: true","+usesUniqueIds: true","#hidden: []","#visible: []","#fillable: array:37 [","0 => \"transaction_number\"","1 => \"user_id\"","2 => \"customer_address_id\"","3 => \"payment_method_id\"","4 => \"courier_id\"","5 => \"status\"","6 => \"subtotal\"","7 => \"discount_amount\"","8 => \"shipping_fee\"","9 => \"shipping_discount\"","10 => \"admin_fee\"","11 => \"application_fee\"","12 => \"grand_total\"","13 => \"shipping_courier\"","14 => \"shipping_service\"","15 => \"shipping_etd\"","16 => \"voucher_code\"","17 => \"voucher_discount_type\"","18 => \"voucher_discount_value\"","19 => \"notes\"","20 => \"cancel_reason\"","21 => \"cancelled_at\"","22 => \"tracking_number\"","23 => \"booking_code\"","24 => \"courier_name\"","25 => \"return_status\"","26 => \"is_replacement_transaction\"","27 => \"original_transaction_id\"","28 => \"coins_redeemed\"","29 => \"coins_value\"","30 => \"coins_earned\"","31 => \"payment_expires_at\"","32 => \"auto_complete_at\"","33 => \"is_extended\"","34 => \"delivery_arrived_at\"","35 => \"delivery_photos\"","36 => \"courier_user_id\"","]","#guarded: array:1 [","0 => \"*\"","]","#forceDeleting: false","} // tests/Feature/TransactionTest.php:130","\"No query results for model [App\\Models\\Transaction].\" // tests/Feature/TransactionTest.php:135","\"\"\"","#0 /Users/macbookair/Documents/website/burningroom/ecommerce/ecommerce-old/app/Providers/AppServiceProvider.php(40): Illuminate\\Database\\Eloquent\\Builder->firstOrFail()\\n","#1 [internal function]: App\\Providers\\AppServiceProvider->App\\Providers\\{closure}('019ea5a7-9845-7..', Object(Illuminate\\Routing\\Route))\\n","#2 /Users/macbookair/Documents/website/burningroom/ecommerce/ecommerce-old/vendor/laravel/framework/src/Illuminate/Routing/Router.php(1012): call_user_func(Object(Closure), '019ea5a7-9845-7..', Object(Illuminate\\Routing\\Route))\\n","#3 /Users/macbookair/Documents/website/burningroom/ecommerce/ecommerce-old/vendor/laravel/framework/src/Illuminate/Routing/Router.php(962): Illuminate\\Routing\\Router->performBinding('transaction', '019ea5a7-9845-7..', Object(Illuminate\\Routing\\Route))\\n","#4 /Users/macbookair/Documents/website/burningroom/ecommerce/ecommerce-old/vendor/laravel/framework/src/Illuminate/Routing/Middleware/SubstituteBindings.php(42): Illuminate\\Routing\\Router->substituteBindings(Object(Illuminate\\Routing\\Route))\\n","#5 /Users/macbookair/Documents/website/burningroom/ecommerce/ecommerce-old/vendor/laravel/framework/src/Illuminate/Pipeline/Pipeline.php(219): Illuminate\\Routing\\Middleware\\SubstituteBindings->handle(Object(Illuminate\\Http\\Request), Object(Closure))\\n","#6 /Users/macbookair/Documents/website/burningroom/ecommerce/ecommerce-old/vendor/laravel/framework/src/Illuminate/Auth/Middleware/Authenticate.php(63): Illuminate\\Pipeline\\Pipeline->Illuminate\\Pipeline\\{closure}(Object(Illuminate\\Http\\Request))\\n","#7 /Users/macbookair/Documents/website/burningroom/ecommerce/ecommerce-old/vendor/laravel/framework/src/Illuminate/Pipeline/Pipeline.php(219): Illuminate\\Auth\\Middleware\\Authenticate->handle(Object(Illuminate\\Http\\Request), Object(Closure))\\n","#8 /Users/macbookair/Documents/website/burningroom/ecommerce/ecommerce-old/vendor/laravel/framework/src/Illuminate/Foundation/Http/Middleware/PreventRequestForgery.php(104): Illuminate\\Pipeline\\Pipeline->Illuminate\\Pipeline\\{closure}(Object(Illuminate\\Http\\Request))\\n","#9 /Users/macbookair/Documents/website/burningroom/ecommerce/ecommerce-old/vendor/laravel/framework/src/Illuminate/Pipeline/Pipeline.php(219): Illuminate\\Foundation\\Http\\Middleware\\PreventRequestForgery->handle(Object(Illuminate\\Http\\Request), Object(Closure))\\n","#10 /Users/macbookair/Documents/website/burningroom/ecommerce/ecommerce-old/vendor/laravel/framework/src/Illuminate/View/Middleware/ShareErrorsFromSession.php(48): Illuminate\\Pipeline\\Pipeline->Illuminate\\Pipeline\\{closure}(Object(Illuminate\\Http\\Request))\\n","#11 /Users/macbookair/Documents/website/burningroom/ecommerce/ecommerce-old/vendor/laravel/framework/src/Illuminate/Pipeline/Pipeline.php(219): Illuminate\\View\\Middleware\\ShareErrorsFromSession->handle(Object(Illuminate\\Http\\Request), Object(Closure))\\n","#12 /Users/macbookair/Documents/website/burningroom/ecommerce/ecommerce-old/vendor/laravel/framework/src/Illuminate/Session/Middleware/StartSession.php(120): Illuminate\\Pipeline\\Pipeline->Illuminate\\Pipeline\\{closure}(Object(Illuminate\\Http\\Request))\\n","#13 /Users/macbookair/Documents/website/burningroom/ecommerce/ecommerce-old/vendor/laravel/framework/src/Illuminate/Session/Middleware/StartSession.php(63): Illuminate\\Session\\Middleware\\StartSession->handleStatefulRequest(Object(Illuminate\\Http\\Request), Object(Illuminate\\Session\\Store), Object(Closure))\\n","#14 /Users/macbookair/Documents/website/burningroom/ecommerce/ecommerce-old/vendor/laravel/framework/src/Illuminate/Pipeline/Pipeline.php(219): Illuminate\\Session\\Middleware\\StartSession->handle(Object(Illuminate\\Http\\Request), Object(Closure))\\n","#15 /Users/macbookair/Documents/website/burningroom/ecommerce/ecommerce-old/vendor/laravel/framework/src/Illuminate/Cookie/Middleware/AddQueuedCookiesToResponse.php(36): Illuminate\\Pipeline\\Pipeline->Illuminate\\Pipeline\\{closure}(Object(Illuminate\\Http\\Request))\\n","#16 /Users/macbookair/Documents/website/burningroom/ecommerce/ecommerce-old/vendor/laravel/framework/src/Illuminate/Pipeline/Pipeline.php(219): Illuminate\\Cookie\\Middleware\\AddQueuedCookiesToResponse->handle(Object(Illuminate\\Http\\Request), Object(Closure))\\n","#17 /Users/macbookair/Documents/website/burningroom/ecommerce/ecommerce-old/vendor/laravel/framework/src/Illuminate/Cookie/Middleware/EncryptCookies.php(74): Illuminate\\Pipeline\\Pipeline->Illuminate\\Pipeline\\{closure}(Object(Illuminate\\Http\\Request))\\n","#18 /Users/macbookair/Documents/website/burningroom/ecommerce/ecommerce-old/vendor/laravel/framework/src/Illuminate/Pipeline/Pipeline.php(219): Illuminate\\Cookie\\Middleware\\EncryptCookies->handle(Object(Illuminate\\Http\\Request), Object(Closure))\\n","#19 /Users/macbookair/Documents/website/burningroom/ecommerce/ecommerce-old/vendor/laravel/framework/src/Illuminate/Pipeline/Pipeline.php(137): Illuminate\\Pipeline\\Pipeline->Illuminate\\Pipeline\\{closure}(Object(Illuminate\\Http\\Request))\\n","#20 /Users/macbookair/Documents/website/burningroom/ecommerce/ecommerce-old/vendor/laravel/framework/src/Illuminate/Routing/Router.php(821): Illuminate\\Pipeline\\Pipeline->then(Object(Closure))\\n","#21 /Users/macbookair/Documents/website/burningroom/ecommerce/ecommerce-old/vendor/laravel/framework/src/Illuminate/Routing/Router.php(800): Illuminate\\Routing\\Router->runRouteWithinStack(Object(Illuminate\\Routing\\Route), Object(Illuminate\\Http\\Request))\\n","#22 /Users/macbookair/Documents/website/burningroom/ecommerce/ecommerce-old/vendor/laravel/framework/src/Illuminate/Routing/Router.php(764): Illuminate\\Routing\\Router->runRoute(Object(Illuminate\\Http\\Request), Object(Illuminate\\Routing\\Route))\\n","#23 /Users/macbookair/Documents/website/burningroom/ecommerce/ecommerce-old/vendor/laravel/framework/src/Illuminate/Routing/Router.php(753): Illuminate\\Routing\\Router->dispatchToRoute(Object(Illuminate\\Http\\Request))\\n","#24 /Users/macbookair/Documents/website/burningroom/ecommerce/ecommerce-old/vendor/laravel/framework/src/Illuminate/Foundation/Http/Kernel.php(200): Illuminate\\Routing\\Router->dispatch(Object(Illuminate\\Http\\Request))\\n","#25 /Users/macbookair/Documents/website/burningroom/ecommerce/ecommerce-old/vendor/laravel/framework/src/Illuminate/Pipeline/Pipeline.php(180): Illuminate\\Foundation\\Http\\Kernel->Illuminate\\Foundation\\Http\\{closure}(Object(Illuminate\\Http\\Request))\\n","#26 /Users/macbookair/Documents/website/burningroom/ecommerce/ecommerce-old/vendor/inertiajs/inertia-laravel/src/Middleware/EnsureGetOnRedirect.php(19): Illuminate\\Pipeline\\Pipeline->Illuminate\\Pipeline\\{closure}(Object(Illuminate\\Http\\Request))\\n","#27 /Users/macbookair/Documents/website/burningroom/ecommerce/ecommerce-old/vendor/laravel/framework/src/Illuminate/Pipeline/Pipeline.php(219): Inertia\\Middleware\\EnsureGetOnRedirect->handle(Object(Illuminate\\Http\\Request), Object(Closure))\\n","#28 /Users/macbookair/Documents/website/burningroom/ecommerce/ecommerce-old/vendor/laravel/framework/src/Illuminate/Foundation/Http/Middleware/TransformsRequest.php(21): Illuminate\\Pipeline\\Pipeline->Illuminate\\Pipeline\\{closure}(Object(Illuminate\\Http\\Request))\\n","#29 /Users/macbookair/Documents/website/burningroom/ecommerce/ecommerce-old/vendor/laravel/framework/src/Illuminate/Foundation/Http/Middleware/ConvertEmptyStringsToNull.php(31): Illuminate\\Foundation\\Http\\Middleware\\TransformsRequest->handle(Object(Illuminate\\Http\\Request), Object(Closure))\\n","#30 /Users/macbookair/Documents/website/burningroom/ecommerce/ecommerce-old/vendor/laravel/framework/src/Illuminate/Pipeline/Pipeline.php(219): Illuminate\\Foundation\\Http\\Middleware\\ConvertEmptyStringsToNull->handle(Object(Illuminate\\Http\\Request), Object(Closure))\\n","#31 /Users/macbookair/Documents/website/burningroom/ecommerce/ecommerce-old/vendor/laravel/framework/src/Illuminate/Foundation/Http/Middleware/TransformsRequest.php(21): Illuminate\\Pipeline\\Pipeline->Illuminate\\Pipeline\\{closure}(Object(Illuminate\\Http\\Request))\\n","#32 /Users/macbookair/Documents/website/burningroom/ecommerce/ecommerce-old/vendor/laravel/framework/src/Illuminate/Foundation/Http/Middleware/TrimStrings.php(51): Illuminate\\Foundation\\Http\\Middleware\\TransformsRequest->handle(Object(Illuminate\\Http\\Request), Object(Closure))\\n","#33 /Users/macbookair/Documents/website/burningroom/ecommerce/ecommerce-old/vendor/laravel/framework/src/Illuminate/Pipeline/Pipeline.php(219): Illuminate\\Foundation\\Http\\Middleware\\TrimStrings->handle(Object(Illuminate\\Http\\Request), Object(Closure))\\n","#34 /Users/macbookair/Documents/website/burningroom/ecommerce/ecommerce-old/vendor/laravel/framework/src/Illuminate/Http/Middleware/ValidatePostSize.php(27): Illuminate\\Pipeline\\Pipeline->Illuminate\\Pipeline\\{closure}(Object(Illuminate\\Http\\Request))\\n","#35 /Users/macbookair/Documents/website/burningroom/ecommerce/ecommerce-old/vendor/laravel/framework/src/Illuminate/Pipeline/Pipeline.php(219): Illuminate\\Http\\Middleware\\ValidatePostSize->handle(Object(Illuminate\\Http\\Request), Object(Closure))\\n","#36 /Users/macbookair/Documents/website/burningroom/ecommerce/ecommerce-old/vendor/laravel/framework/src/Illuminate/Foundation/Http/Middleware/PreventRequestsDuringMaintenance.php(109): Illuminate\\Pipeline\\Pipeline->Illuminate\\Pipeline\\{closure}(Object(Illuminate\\Http\\Request))\\n","#37 /Users/macbookair/Documents/website/burningroom/ecommerce/ecommerce-old/vendor/laravel/framework/src/Illuminate/Pipeline/Pipeline.php(219): Illuminate\\Foundation\\Http\\Middleware\\PreventRequestsDuringMaintenance->handle(Object(Illuminate\\Http\\Request), Object(Closure))\\n","#38 /Users/macbookair/Documents/website/burningroom/ecommerce/ecommerce-old/vendor/laravel/framework/src/Illuminate/Http/Middleware/HandleCors.php(61): Illuminate\\Pipeline\\Pipeline->Illuminate\\Pipeline\\{closure}(Object(Illuminate\\Http\\Request))\\n","#39 /Users/macbookair/Documents/website/burningroom/ecommerce/ecommerce-old/vendor/laravel/framework/src/Illuminate/Pipeline/Pipeline.php(219): Illuminate\\Http\\Middleware\\HandleCors->handle(Object(Illuminate\\Http\\Request), Object(Closure))\\n","#40 /Users/macbookair/Documents/website/burningroom/ecommerce/ecommerce-old/vendor/laravel/framework/src/Illuminate/Http/Middleware/TrustProxies.php(58): Illuminate\\Pipeline\\Pipeline->Illuminate\\Pipeline\\{closure}(Object(Illuminate\\Http\\Request))\\n","#41 /Users/macbookair/Documents/website/burningroom/ecommerce/ecommerce-old/vendor/laravel/framework/src/Illuminate/Pipeline/Pipeline.php(219): Illuminate\\Http\\Middleware\\TrustProxies->handle(Object(Illuminate\\Http\\Request), Object(Closure))\\n","#42 /Users/macbookair/Documents/website/burningroom/ecommerce/ecommerce-old/vendor/laravel/framework/src/Illuminate/Foundation/Http/Middleware/InvokeDeferredCallbacks.php(22): Illuminate\\Pipeline\\Pipeline->Illuminate\\Pipeline\\{closure}(Object(Illuminate\\Http\\Request))\\n","#43 /Users/macbookair/Documents/website/burningroom/ecommerce/ecommerce-old/vendor/laravel/framework/src/Illuminate/Pipeline/Pipeline.php(219): Illuminate\\Foundation\\Http\\Middleware\\InvokeDeferredCallbacks->handle(Object(Illuminate\\Http\\Request), Object(Closure))\\n","#44 /Users/macbookair/Documents/website/burningroom/ecommerce/ecommerce-old/vendor/laravel/framework/src/Illuminate/Http/Middleware/ValidatePathEncoding.php(28): Illuminate\\Pipeline\\Pipeline->Illuminate\\Pipeline\\{closure}(Object(Illuminate\\Http\\Request))\\n","#45 /Users/macbookair/Documents/website/burningroom/ecommerce/ecommerce-old/vendor/laravel/framework/src/Illuminate/Pipeline/Pipeline.php(219): Illuminate\\Http\\Middleware\\ValidatePathEncoding->handle(Object(Illuminate\\Http\\Request), Object(Closure))\\n","#46 /Users/macbookair/Documents/website/burningroom/ecommerce/ecommerce-old/vendor/laravel/framework/src/Illuminate/Pipeline/Pipeline.php(137): Illuminate\\Pipeline\\Pipeline->Illuminate\\Pipeline\\{closure}(Object(Illuminate\\Http\\Request))\\n","#47 /Users/macbookair/Documents/website/burningroom/ecommerce/ecommerce-old/vendor/laravel/framework/src/Illuminate/Foundation/Http/Kernel.php(175): Illuminate\\Pipeline\\Pipeline->then(Object(Closure))\\n","#48 /Users/macbookair/Documents/website/burningroom/ecommerce/ecommerce-old/vendor/laravel/framework/src/Illuminate/Foundation/Http/Kernel.php(144): Illuminate\\Foundation\\Http\\Kernel->sendRequestThroughRouter(Object(Illuminate\\Http\\Request))\\n","#49 /Users/macbookair/Documents/website/burningroom/ecommerce/ecommerce-old/vendor/laravel/framework/src/Illuminate/Foundation/Testing/Concerns/MakesHttpRequests.php(607): Illuminate\\Foundation\\Http\\Kernel->handle(Object(Illuminate\\Http\\Request))\\n","#50 /Users/macbookair/Documents/website/burningroom/ecommerce/ecommerce-old/vendor/laravel/framework/src/Illuminate/Foundation/Testing/Concerns/MakesHttpRequests.php(368): Illuminate\\Foundation\\Testing\\TestCase->call('GET', 'http://localhos..', Array, Array, Array, Array)\\n","#51 /Users/macbookair/Documents/website/burningroom/ecommerce/ecommerce-old/tests/Feature/TransactionTest.php(133): Illuminate\\Foundation\\Testing\\TestCase->get('http://localhos..')\\n","#52 /Users/macbookair/Documents/website/burningroom/ecommerce/ecommerce-old/vendor/pestphp/pest/src/Factories/TestCaseMethodFactory.php(177): P\\Tests\\Feature\\TransactionTest->{closure}()\\n","#53 [internal function]: P\\Tests\\Feature\\TransactionTest->Pest\\Factories\\{closure}()\\n","#54 /Users/macbookair/Documents/website/burningroom/ecommerce/ecommerce-old/vendor/pestphp/pest/src/Concerns/Testable.php(576): call_user_func_array(Object(Closure), Array)\\n","#55 /Users/macbookair/Documents/website/burningroom/ecommerce/ecommerce-old/vendor/pestphp/pest/src/Support/ExceptionTrace.php(26): P\\Tests\\Feature\\TransactionTest->Pest\\Concerns\\{closure}()\\n","#56 /Users/macbookair/Documents/website/burningroom/ecommerce/ecommerce-old/vendor/pestphp/pest/src/Concerns/Testable.php(576): Pest\\Support\\ExceptionTrace::ensure(Object(Closure))\\n","#57 /Users/macbookair/Documents/website/burningroom/ecommerce/ecommerce-old/vendor/pestphp/pest/src/Concerns/Testable.php(403): P\\Tests\\Feature\\TransactionTest->__callClosure(Object(Closure), Array)\\n","#58 /Users/macbookair/Documents/website/burningroom/ecommerce/ecommerce-old/vendor/pestphp/pest/src/Factories/TestCaseFactory.php(175) : eval()'d code(26): P\\Tests\\Feature\\TransactionTest->__runTest(Object(Closure))\\n","#59 /Users/macbookair/Documents/website/burningroom/ecommerce/ecommerce-old/vendor/phpunit/phpunit/src/Framework/TestCase.php(1310): P\\Tests\\Feature\\TransactionTest->__pest_evaluable_customer_can_view_their_transaction_detail()\\n","#60 /Users/macbookair/Documents/website/burningroom/ecommerce/ecommerce-old/vendor/phpunit/phpunit/src/Framework/TestCase.php(1344): PHPUnit\\Framework\\TestCase->invokeTestMethod('__pest_evaluabl..', Array)\\n","#61 /Users/macbookair/Documents/website/burningroom/ecommerce/ecommerce-old/vendor/phpunit/phpunit/src/Framework/TestCase.php(520): PHPUnit\\Framework\\TestCase->runTest()\\n","#62 /Users/macbookair/Documents/website/burningroom/ecommerce/ecommerce-old/vendor/phpunit/phpunit/src/Framework/TestRunner/TestRunner.php(99): PHPUnit\\Framework\\TestCase->runBare()\\n","#63 /Users/macbookair/Documents/website/burningroom/ecommerce/ecommerce-old/vendor/phpunit/phpunit/src/Framework/TestCase.php(360): PHPUnit\\Framework\\TestRunner->run(Object(P\\Tests\\Feature\\TransactionTest))\\n","#64 /Users/macbookair/Documents/website/burningroom/ecommerce/ecommerce-old/vendor/phpunit/phpunit/src/Framework/TestSuite.php(374): PHPUnit\\Framework\\TestCase->run()\\n","#65 /Users/macbookair/Documents/website/burningroom/ecommerce/ecommerce-old/vendor/phpunit/phpunit/src/Framework/TestSuite.php(374): PHPUnit\\Framework\\TestSuite->run()\\n","#66 /Users/macbookair/Documents/website/burningroom/ecommerce/ecommerce-old/vendor/phpunit/phpunit/src/Framework/TestSuite.php(374): PHPUnit\\Framework\\TestSuite->run()\\n","#67 /Users/macbookair/Documents/website/burningroom/ecommerce/ecommerce-old/vendor/phpunit/phpunit/src/TextUI/TestRunner.php(64): PHPUnit\\Framework\\TestSuite->run()\\n","#68 /Users/macbookair/Documents/website/burningroom/ecommerce/ecommerce-old/vendor/phpunit/phpunit/src/TextUI/Application.php(229): PHPUnit\\TextUI\\TestRunner->run(Object(PHPUnit\\TextUI\\Configuration\\Configuration), Object(PHPUnit\\Runner\\ResultCache\\DefaultResultCache), Object(PHPUnit\\Framework\\TestSuite))\\n","#69 /Users/macbookair/Documents/website/burningroom/ecommerce/ecommerce-old/vendor/pestphp/pest/src/Kernel.php(117): PHPUnit\\TextUI\\Application->run(Array)\\n","#70 /Users/macbookair/Documents/website/burningroom/ecommerce/ecommerce-old/vendor/pestphp/pest/bin/pest(207): Pest\\Kernel->handle(Array, Array)\\n","#71 /Users/macbookair/Documents/website/burningroom/ecommerce/ecommerce-old/vendor/pestphp/pest/bin/pest(215): {closure}()\\n","#72 {main}","\"\"\" // tests/Feature/TransactionTest.php:135"]}
